ARM GAS  /tmp/ccK3VaoK.s 			page 1


   1              		.cpu cortex-m3
   2              		.eabi_attribute 20, 1
   3              		.eabi_attribute 21, 1
   4              		.eabi_attribute 23, 3
   5              		.eabi_attribute 24, 1
   6              		.eabi_attribute 25, 1
   7              		.eabi_attribute 26, 1
   8              		.eabi_attribute 30, 4
   9              		.eabi_attribute 34, 1
  10              		.eabi_attribute 18, 4
  11              		.file	"stm32f1xx_hal_tim_ex.c"
  12              		.section	.text.TIMEx_DMACommutationCplt,"ax",%progbits
  13              		.align	1
  14              		.global	TIMEx_DMACommutationCplt
  15              		.syntax unified
  16              		.thumb
  17              		.thumb_func
  18              		.fpu softvfp
  20              	TIMEx_DMACommutationCplt:
  21              		@ args = 0, pretend = 0, frame = 0
  22              		@ frame_needed = 0, uses_anonymous_args = 0
  23              		@ link register save eliminated.
  24 0000 0123     		movs	r3, #1
  25 0002 406A     		ldr	r0, [r0, #36]
  26 0004 80F83D30 		strb	r3, [r0, #61]
  27 0008 D0F8A030 		ldr	r3, [r0, #160]
  28 000c 1847     		bx	r3	@ indirect register sibling call
  30              		.section	.text.TIMEx_DMACommutationHalfCplt,"ax",%progbits
  31              		.align	1
  32              		.global	TIMEx_DMACommutationHalfCplt
  33              		.syntax unified
  34              		.thumb
  35              		.thumb_func
  36              		.fpu softvfp
  38              	TIMEx_DMACommutationHalfCplt:
  39              		@ args = 0, pretend = 0, frame = 0
  40              		@ frame_needed = 0, uses_anonymous_args = 0
  41              		@ link register save eliminated.
  42 0000 0123     		movs	r3, #1
  43 0002 406A     		ldr	r0, [r0, #36]
  44 0004 80F83D30 		strb	r3, [r0, #61]
  45 0008 D0F8A430 		ldr	r3, [r0, #164]
  46 000c 1847     		bx	r3	@ indirect register sibling call
  48              		.section	.text.TIM_CCxNChannelCmd,"ax",%progbits
  49              		.align	1
  50              		.syntax unified
  51              		.thumb
  52              		.thumb_func
  53              		.fpu softvfp
  55              	TIM_CCxNChannelCmd:
  56              		@ args = 0, pretend = 0, frame = 0
  57              		@ frame_needed = 0, uses_anonymous_args = 0
  58 0000 10B5     		push	{r4, lr}
  59 0002 0424     		movs	r4, #4
  60 0004 036A     		ldr	r3, [r0, #32]
  61 0006 01F01F01 		and	r1, r1, #31
  62 000a 8C40     		lsls	r4, r4, r1
ARM GAS  /tmp/ccK3VaoK.s 			page 2


  63 000c 23EA0403 		bic	r3, r3, r4
  64 0010 0362     		str	r3, [r0, #32]
  65 0012 036A     		ldr	r3, [r0, #32]
  66 0014 8A40     		lsls	r2, r2, r1
  67 0016 1A43     		orrs	r2, r2, r3
  68 0018 0262     		str	r2, [r0, #32]
  69 001a 10BD     		pop	{r4, pc}
  71              		.section	.text.HAL_TIMEx_HallSensor_MspInit,"ax",%progbits
  72              		.align	1
  73              		.weak	HAL_TIMEx_HallSensor_MspInit
  74              		.syntax unified
  75              		.thumb
  76              		.thumb_func
  77              		.fpu softvfp
  79              	HAL_TIMEx_HallSensor_MspInit:
  80              		@ args = 0, pretend = 0, frame = 0
  81              		@ frame_needed = 0, uses_anonymous_args = 0
  82              		@ link register save eliminated.
  83 0000 7047     		bx	lr
  85              		.section	.text.HAL_TIMEx_HallSensor_MspDeInit,"ax",%progbits
  86              		.align	1
  87              		.weak	HAL_TIMEx_HallSensor_MspDeInit
  88              		.syntax unified
  89              		.thumb
  90              		.thumb_func
  91              		.fpu softvfp
  93              	HAL_TIMEx_HallSensor_MspDeInit:
  94              		@ args = 0, pretend = 0, frame = 0
  95              		@ frame_needed = 0, uses_anonymous_args = 0
  96              		@ link register save eliminated.
  97 0000 7047     		bx	lr
  99              		.section	.text.HAL_TIMEx_HallSensor_Init,"ax",%progbits
 100              		.align	1
 101              		.global	HAL_TIMEx_HallSensor_Init
 102              		.syntax unified
 103              		.thumb
 104              		.thumb_func
 105              		.fpu softvfp
 107              	HAL_TIMEx_HallSensor_Init:
 108              		@ args = 0, pretend = 0, frame = 32
 109              		@ frame_needed = 0, uses_anonymous_args = 0
 110 0000 70B5     		push	{r4, r5, r6, lr}
 111 0002 0E46     		mov	r6, r1
 112 0004 88B0     		sub	sp, sp, #32
 113 0006 0446     		mov	r4, r0
 114 0008 0028     		cmp	r0, #0
 115 000a 55D0     		beq	.L10
 116 000c 90F83D30 		ldrb	r3, [r0, #61]	@ zero_extendqisi2
 117 0010 03F0FF02 		and	r2, r3, #255
 118 0014 53B9     		cbnz	r3, .L8
 119 0016 80F83C20 		strb	r2, [r0, #60]
 120 001a FFF7FEFF 		bl	TIM_ResetCallback
 121 001e 236F     		ldr	r3, [r4, #112]
 122 0020 0BB9     		cbnz	r3, .L9
 123 0022 264B     		ldr	r3, .L11
 124 0024 2367     		str	r3, [r4, #112]
 125              	.L9:
ARM GAS  /tmp/ccK3VaoK.s 			page 3


 126 0026 236F     		ldr	r3, [r4, #112]
 127 0028 2046     		mov	r0, r4
 128 002a 9847     		blx	r3
 129              	.L8:
 130 002c 0223     		movs	r3, #2
 131 002e 211D     		adds	r1, r4, #4
 132 0030 84F83D30 		strb	r3, [r4, #61]
 133 0034 2068     		ldr	r0, [r4]
 134 0036 FFF7FEFF 		bl	TIM_Base_SetConfig
 135 003a B368     		ldr	r3, [r6, #8]
 136 003c 0322     		movs	r2, #3
 137 003e 3168     		ldr	r1, [r6]
 138 0040 2068     		ldr	r0, [r4]
 139 0042 FFF7FEFF 		bl	TIM_TI1_SetConfig
 140 0046 2068     		ldr	r0, [r4]
 141 0048 7268     		ldr	r2, [r6, #4]
 142 004a 8369     		ldr	r3, [r0, #24]
 143 004c 0025     		movs	r5, #0
 144 004e 23F00C03 		bic	r3, r3, #12
 145 0052 8361     		str	r3, [r0, #24]
 146 0054 8369     		ldr	r3, [r0, #24]
 147 0056 01A9     		add	r1, sp, #4
 148 0058 1343     		orrs	r3, r3, r2
 149 005a 8361     		str	r3, [r0, #24]
 150 005c 4368     		ldr	r3, [r0, #4]
 151 005e 43F08003 		orr	r3, r3, #128
 152 0062 4360     		str	r3, [r0, #4]
 153 0064 8368     		ldr	r3, [r0, #8]
 154 0066 23F07003 		bic	r3, r3, #112
 155 006a 8360     		str	r3, [r0, #8]
 156 006c 8368     		ldr	r3, [r0, #8]
 157 006e 43F04003 		orr	r3, r3, #64
 158 0072 8360     		str	r3, [r0, #8]
 159 0074 8368     		ldr	r3, [r0, #8]
 160 0076 23F00703 		bic	r3, r3, #7
 161 007a 8360     		str	r3, [r0, #8]
 162 007c 8368     		ldr	r3, [r0, #8]
 163 007e 43F00403 		orr	r3, r3, #4
 164 0082 8360     		str	r3, [r0, #8]
 165 0084 7023     		movs	r3, #112
 166 0086 0193     		str	r3, [sp, #4]
 167 0088 F368     		ldr	r3, [r6, #12]
 168 008a 0595     		str	r5, [sp, #20]
 169 008c 0293     		str	r3, [sp, #8]
 170 008e 0695     		str	r5, [sp, #24]
 171 0090 0795     		str	r5, [sp, #28]
 172 0092 0495     		str	r5, [sp, #16]
 173 0094 0395     		str	r5, [sp, #12]
 174 0096 FFF7FEFF 		bl	TIM_OC2_SetConfig
 175 009a 2368     		ldr	r3, [r4]
 176 009c 2846     		mov	r0, r5
 177 009e 5A68     		ldr	r2, [r3, #4]
 178 00a0 22F07002 		bic	r2, r2, #112
 179 00a4 5A60     		str	r2, [r3, #4]
 180 00a6 5A68     		ldr	r2, [r3, #4]
 181 00a8 42F05002 		orr	r2, r2, #80
 182 00ac 5A60     		str	r2, [r3, #4]
ARM GAS  /tmp/ccK3VaoK.s 			page 4


 183 00ae 0123     		movs	r3, #1
 184 00b0 84F83D30 		strb	r3, [r4, #61]
 185              	.L7:
 186 00b4 08B0     		add	sp, sp, #32
 187              		@ sp needed
 188 00b6 70BD     		pop	{r4, r5, r6, pc}
 189              	.L10:
 190 00b8 0120     		movs	r0, #1
 191 00ba FBE7     		b	.L7
 192              	.L12:
 193              		.align	2
 194              	.L11:
 195 00bc 00000000 		.word	HAL_TIMEx_HallSensor_MspInit
 197              		.section	.text.HAL_TIMEx_HallSensor_DeInit,"ax",%progbits
 198              		.align	1
 199              		.global	HAL_TIMEx_HallSensor_DeInit
 200              		.syntax unified
 201              		.thumb
 202              		.thumb_func
 203              		.fpu softvfp
 205              	HAL_TIMEx_HallSensor_DeInit:
 206              		@ args = 0, pretend = 0, frame = 0
 207              		@ frame_needed = 0, uses_anonymous_args = 0
 208 0000 0223     		movs	r3, #2
 209 0002 41F21112 		movw	r2, #4369
 210 0006 10B5     		push	{r4, lr}
 211 0008 80F83D30 		strb	r3, [r0, #61]
 212 000c 0368     		ldr	r3, [r0]
 213 000e 0446     		mov	r4, r0
 214 0010 196A     		ldr	r1, [r3, #32]
 215 0012 1142     		tst	r1, r2
 216 0014 08D1     		bne	.L14
 217 0016 40F24442 		movw	r2, #1092
 218 001a 196A     		ldr	r1, [r3, #32]
 219 001c 1142     		tst	r1, r2
 220 001e 02BF     		ittt	eq
 221 0020 1A68     		ldreq	r2, [r3]
 222 0022 22F00102 		biceq	r2, r2, #1
 223 0026 1A60     		streq	r2, [r3]
 224              	.L14:
 225 0028 636F     		ldr	r3, [r4, #116]
 226 002a 0BB9     		cbnz	r3, .L15
 227 002c 054B     		ldr	r3, .L16
 228 002e 6367     		str	r3, [r4, #116]
 229              	.L15:
 230 0030 2046     		mov	r0, r4
 231 0032 636F     		ldr	r3, [r4, #116]
 232 0034 9847     		blx	r3
 233 0036 0020     		movs	r0, #0
 234 0038 84F83D00 		strb	r0, [r4, #61]
 235 003c 84F83C00 		strb	r0, [r4, #60]
 236 0040 10BD     		pop	{r4, pc}
 237              	.L17:
 238 0042 00BF     		.align	2
 239              	.L16:
 240 0044 00000000 		.word	HAL_TIMEx_HallSensor_MspDeInit
 242              		.section	.text.HAL_TIMEx_HallSensor_Start,"ax",%progbits
ARM GAS  /tmp/ccK3VaoK.s 			page 5


 243              		.align	1
 244              		.global	HAL_TIMEx_HallSensor_Start
 245              		.syntax unified
 246              		.thumb
 247              		.thumb_func
 248              		.fpu softvfp
 250              	HAL_TIMEx_HallSensor_Start:
 251              		@ args = 0, pretend = 0, frame = 0
 252              		@ frame_needed = 0, uses_anonymous_args = 0
 253 0000 10B5     		push	{r4, lr}
 254 0002 0446     		mov	r4, r0
 255 0004 0122     		movs	r2, #1
 256 0006 0021     		movs	r1, #0
 257 0008 0068     		ldr	r0, [r0]
 258 000a FFF7FEFF 		bl	TIM_CCxChannelCmd
 259 000e 2368     		ldr	r3, [r4]
 260 0010 0020     		movs	r0, #0
 261 0012 9A68     		ldr	r2, [r3, #8]
 262 0014 02F00702 		and	r2, r2, #7
 263 0018 062A     		cmp	r2, #6
 264 001a 1EBF     		ittt	ne
 265 001c 1A68     		ldrne	r2, [r3]
 266 001e 42F00102 		orrne	r2, r2, #1
 267 0022 1A60     		strne	r2, [r3]
 268 0024 10BD     		pop	{r4, pc}
 270              		.section	.text.HAL_TIMEx_HallSensor_Stop,"ax",%progbits
 271              		.align	1
 272              		.global	HAL_TIMEx_HallSensor_Stop
 273              		.syntax unified
 274              		.thumb
 275              		.thumb_func
 276              		.fpu softvfp
 278              	HAL_TIMEx_HallSensor_Stop:
 279              		@ args = 0, pretend = 0, frame = 0
 280              		@ frame_needed = 0, uses_anonymous_args = 0
 281 0000 0022     		movs	r2, #0
 282 0002 10B5     		push	{r4, lr}
 283 0004 0446     		mov	r4, r0
 284 0006 1146     		mov	r1, r2
 285 0008 0068     		ldr	r0, [r0]
 286 000a FFF7FEFF 		bl	TIM_CCxChannelCmd
 287 000e 41F21112 		movw	r2, #4369
 288 0012 2368     		ldr	r3, [r4]
 289 0014 196A     		ldr	r1, [r3, #32]
 290 0016 1142     		tst	r1, r2
 291 0018 08D1     		bne	.L24
 292 001a 40F24442 		movw	r2, #1092
 293 001e 196A     		ldr	r1, [r3, #32]
 294 0020 1142     		tst	r1, r2
 295 0022 02BF     		ittt	eq
 296 0024 1A68     		ldreq	r2, [r3]
 297 0026 22F00102 		biceq	r2, r2, #1
 298 002a 1A60     		streq	r2, [r3]
 299              	.L24:
 300 002c 0020     		movs	r0, #0
 301 002e 10BD     		pop	{r4, pc}
 303              		.section	.text.HAL_TIMEx_HallSensor_Start_IT,"ax",%progbits
ARM GAS  /tmp/ccK3VaoK.s 			page 6


 304              		.align	1
 305              		.global	HAL_TIMEx_HallSensor_Start_IT
 306              		.syntax unified
 307              		.thumb
 308              		.thumb_func
 309              		.fpu softvfp
 311              	HAL_TIMEx_HallSensor_Start_IT:
 312              		@ args = 0, pretend = 0, frame = 0
 313              		@ frame_needed = 0, uses_anonymous_args = 0
 314 0000 10B5     		push	{r4, lr}
 315 0002 0446     		mov	r4, r0
 316 0004 0068     		ldr	r0, [r0]
 317 0006 0122     		movs	r2, #1
 318 0008 C368     		ldr	r3, [r0, #12]
 319 000a 0021     		movs	r1, #0
 320 000c 43F00203 		orr	r3, r3, #2
 321 0010 C360     		str	r3, [r0, #12]
 322 0012 FFF7FEFF 		bl	TIM_CCxChannelCmd
 323 0016 2368     		ldr	r3, [r4]
 324 0018 0020     		movs	r0, #0
 325 001a 9A68     		ldr	r2, [r3, #8]
 326 001c 02F00702 		and	r2, r2, #7
 327 0020 062A     		cmp	r2, #6
 328 0022 1EBF     		ittt	ne
 329 0024 1A68     		ldrne	r2, [r3]
 330 0026 42F00102 		orrne	r2, r2, #1
 331 002a 1A60     		strne	r2, [r3]
 332 002c 10BD     		pop	{r4, pc}
 334              		.section	.text.HAL_TIMEx_HallSensor_Stop_IT,"ax",%progbits
 335              		.align	1
 336              		.global	HAL_TIMEx_HallSensor_Stop_IT
 337              		.syntax unified
 338              		.thumb
 339              		.thumb_func
 340              		.fpu softvfp
 342              	HAL_TIMEx_HallSensor_Stop_IT:
 343              		@ args = 0, pretend = 0, frame = 0
 344              		@ frame_needed = 0, uses_anonymous_args = 0
 345 0000 0022     		movs	r2, #0
 346 0002 10B5     		push	{r4, lr}
 347 0004 0446     		mov	r4, r0
 348 0006 1146     		mov	r1, r2
 349 0008 0068     		ldr	r0, [r0]
 350 000a FFF7FEFF 		bl	TIM_CCxChannelCmd
 351 000e 2368     		ldr	r3, [r4]
 352 0010 DA68     		ldr	r2, [r3, #12]
 353 0012 22F00202 		bic	r2, r2, #2
 354 0016 DA60     		str	r2, [r3, #12]
 355 0018 41F21112 		movw	r2, #4369
 356 001c 196A     		ldr	r1, [r3, #32]
 357 001e 1142     		tst	r1, r2
 358 0020 08D1     		bne	.L31
 359 0022 40F24442 		movw	r2, #1092
 360 0026 196A     		ldr	r1, [r3, #32]
 361 0028 1142     		tst	r1, r2
 362 002a 02BF     		ittt	eq
 363 002c 1A68     		ldreq	r2, [r3]
ARM GAS  /tmp/ccK3VaoK.s 			page 7


 364 002e 22F00102 		biceq	r2, r2, #1
 365 0032 1A60     		streq	r2, [r3]
 366              	.L31:
 367 0034 0020     		movs	r0, #0
 368 0036 10BD     		pop	{r4, pc}
 370              		.section	.text.HAL_TIMEx_HallSensor_Start_DMA,"ax",%progbits
 371              		.align	1
 372              		.global	HAL_TIMEx_HallSensor_Start_DMA
 373              		.syntax unified
 374              		.thumb
 375              		.thumb_func
 376              		.fpu softvfp
 378              	HAL_TIMEx_HallSensor_Start_DMA:
 379              		@ args = 0, pretend = 0, frame = 0
 380              		@ frame_needed = 0, uses_anonymous_args = 0
 381 0000 70B5     		push	{r4, r5, r6, lr}
 382 0002 0446     		mov	r4, r0
 383 0004 90F83D00 		ldrb	r0, [r0, #61]	@ zero_extendqisi2
 384 0008 0D46     		mov	r5, r1
 385 000a C0B2     		uxtb	r0, r0
 386 000c 0228     		cmp	r0, #2
 387 000e 1646     		mov	r6, r2
 388 0010 2CD0     		beq	.L33
 389 0012 94F83D30 		ldrb	r3, [r4, #61]	@ zero_extendqisi2
 390 0016 012B     		cmp	r3, #1
 391 0018 06D1     		bne	.L34
 392 001a 11B9     		cbnz	r1, .L35
 393 001c 0AB1     		cbz	r2, .L35
 394              	.L36:
 395 001e 0120     		movs	r0, #1
 396 0020 70BD     		pop	{r4, r5, r6, pc}
 397              	.L35:
 398 0022 0223     		movs	r3, #2
 399 0024 84F83D30 		strb	r3, [r4, #61]
 400              	.L34:
 401 0028 0122     		movs	r2, #1
 402 002a 0021     		movs	r1, #0
 403 002c 2068     		ldr	r0, [r4]
 404 002e FFF7FEFF 		bl	TIM_CCxChannelCmd
 405 0032 606A     		ldr	r0, [r4, #36]
 406 0034 0E4B     		ldr	r3, .L44
 407 0036 2168     		ldr	r1, [r4]
 408 0038 8362     		str	r3, [r0, #40]
 409 003a 0E4B     		ldr	r3, .L44+4
 410 003c 2A46     		mov	r2, r5
 411 003e C362     		str	r3, [r0, #44]
 412 0040 0D4B     		ldr	r3, .L44+8
 413 0042 3431     		adds	r1, r1, #52
 414 0044 0363     		str	r3, [r0, #48]
 415 0046 3346     		mov	r3, r6
 416 0048 FFF7FEFF 		bl	HAL_DMA_Start_IT
 417 004c 0028     		cmp	r0, #0
 418 004e E6D1     		bne	.L36
 419 0050 2368     		ldr	r3, [r4]
 420 0052 DA68     		ldr	r2, [r3, #12]
 421 0054 42F40072 		orr	r2, r2, #512
 422 0058 DA60     		str	r2, [r3, #12]
ARM GAS  /tmp/ccK3VaoK.s 			page 8


 423 005a 9A68     		ldr	r2, [r3, #8]
 424 005c 02F00702 		and	r2, r2, #7
 425 0060 062A     		cmp	r2, #6
 426 0062 1EBF     		ittt	ne
 427 0064 1A68     		ldrne	r2, [r3]
 428 0066 42F00102 		orrne	r2, r2, #1
 429 006a 1A60     		strne	r2, [r3]
 430              	.L33:
 431 006c 70BD     		pop	{r4, r5, r6, pc}
 432              	.L45:
 433 006e 00BF     		.align	2
 434              	.L44:
 435 0070 00000000 		.word	TIM_DMACaptureCplt
 436 0074 00000000 		.word	TIM_DMACaptureHalfCplt
 437 0078 00000000 		.word	TIM_DMAError
 439              		.section	.text.HAL_TIMEx_HallSensor_Stop_DMA,"ax",%progbits
 440              		.align	1
 441              		.global	HAL_TIMEx_HallSensor_Stop_DMA
 442              		.syntax unified
 443              		.thumb
 444              		.thumb_func
 445              		.fpu softvfp
 447              	HAL_TIMEx_HallSensor_Stop_DMA:
 448              		@ args = 0, pretend = 0, frame = 0
 449              		@ frame_needed = 0, uses_anonymous_args = 0
 450 0000 0022     		movs	r2, #0
 451 0002 10B5     		push	{r4, lr}
 452 0004 0446     		mov	r4, r0
 453 0006 1146     		mov	r1, r2
 454 0008 0068     		ldr	r0, [r0]
 455 000a FFF7FEFF 		bl	TIM_CCxChannelCmd
 456 000e 2268     		ldr	r2, [r4]
 457 0010 606A     		ldr	r0, [r4, #36]
 458 0012 D368     		ldr	r3, [r2, #12]
 459 0014 23F40073 		bic	r3, r3, #512
 460 0018 D360     		str	r3, [r2, #12]
 461 001a FFF7FEFF 		bl	HAL_DMA_Abort_IT
 462 001e 41F21112 		movw	r2, #4369
 463 0022 2368     		ldr	r3, [r4]
 464 0024 196A     		ldr	r1, [r3, #32]
 465 0026 1142     		tst	r1, r2
 466 0028 08D1     		bne	.L47
 467 002a 40F24442 		movw	r2, #1092
 468 002e 196A     		ldr	r1, [r3, #32]
 469 0030 1142     		tst	r1, r2
 470 0032 02BF     		ittt	eq
 471 0034 1A68     		ldreq	r2, [r3]
 472 0036 22F00102 		biceq	r2, r2, #1
 473 003a 1A60     		streq	r2, [r3]
 474              	.L47:
 475 003c 0020     		movs	r0, #0
 476 003e 10BD     		pop	{r4, pc}
 478              		.section	.text.HAL_TIMEx_PWMN_Start,"ax",%progbits
 479              		.align	1
 480              		.global	HAL_TIMEx_PWMN_Start
 481              		.syntax unified
 482              		.thumb
ARM GAS  /tmp/ccK3VaoK.s 			page 9


 483              		.thumb_func
 484              		.fpu softvfp
 486              	HAL_TIMEx_PWMN_Start:
 487              		@ args = 0, pretend = 0, frame = 0
 488              		@ frame_needed = 0, uses_anonymous_args = 0
 489 0000 10B5     		push	{r4, lr}
 490 0002 0446     		mov	r4, r0
 491 0004 0422     		movs	r2, #4
 492 0006 0068     		ldr	r0, [r0]
 493 0008 FFF7FEFF 		bl	TIM_CCxNChannelCmd
 494 000c 2368     		ldr	r3, [r4]
 495 000e 0020     		movs	r0, #0
 496 0010 5A6C     		ldr	r2, [r3, #68]
 497 0012 42F40042 		orr	r2, r2, #32768
 498 0016 5A64     		str	r2, [r3, #68]
 499 0018 9A68     		ldr	r2, [r3, #8]
 500 001a 02F00702 		and	r2, r2, #7
 501 001e 062A     		cmp	r2, #6
 502 0020 1EBF     		ittt	ne
 503 0022 1A68     		ldrne	r2, [r3]
 504 0024 42F00102 		orrne	r2, r2, #1
 505 0028 1A60     		strne	r2, [r3]
 506 002a 10BD     		pop	{r4, pc}
 508              		.section	.text.HAL_TIMEx_OCN_Start,"ax",%progbits
 509              		.align	1
 510              		.global	HAL_TIMEx_OCN_Start
 511              		.syntax unified
 512              		.thumb
 513              		.thumb_func
 514              		.fpu softvfp
 516              	HAL_TIMEx_OCN_Start:
 517              		@ args = 0, pretend = 0, frame = 0
 518              		@ frame_needed = 0, uses_anonymous_args = 0
 519              		@ link register save eliminated.
 520 0000 FFF7FEBF 		b	HAL_TIMEx_PWMN_Start
 522              		.section	.text.HAL_TIMEx_PWMN_Start_IT,"ax",%progbits
 523              		.align	1
 524              		.global	HAL_TIMEx_PWMN_Start_IT
 525              		.syntax unified
 526              		.thumb
 527              		.thumb_func
 528              		.fpu softvfp
 530              	HAL_TIMEx_PWMN_Start_IT:
 531              		@ args = 0, pretend = 0, frame = 0
 532              		@ frame_needed = 0, uses_anonymous_args = 0
 533 0000 0429     		cmp	r1, #4
 534 0002 10B5     		push	{r4, lr}
 535 0004 0446     		mov	r4, r0
 536 0006 0068     		ldr	r0, [r0]
 537 0008 1DD0     		beq	.L56
 538 000a 0829     		cmp	r1, #8
 539 000c 1FD0     		beq	.L57
 540 000e 19B9     		cbnz	r1, .L55
 541 0010 C368     		ldr	r3, [r0, #12]
 542 0012 43F00203 		orr	r3, r3, #2
 543              	.L63:
 544 0016 C360     		str	r3, [r0, #12]
ARM GAS  /tmp/ccK3VaoK.s 			page 10


 545              	.L55:
 546 0018 C368     		ldr	r3, [r0, #12]
 547 001a 0422     		movs	r2, #4
 548 001c 43F08003 		orr	r3, r3, #128
 549 0020 C360     		str	r3, [r0, #12]
 550 0022 FFF7FEFF 		bl	TIM_CCxNChannelCmd
 551 0026 2368     		ldr	r3, [r4]
 552 0028 0020     		movs	r0, #0
 553 002a 5A6C     		ldr	r2, [r3, #68]
 554 002c 42F40042 		orr	r2, r2, #32768
 555 0030 5A64     		str	r2, [r3, #68]
 556 0032 9A68     		ldr	r2, [r3, #8]
 557 0034 02F00702 		and	r2, r2, #7
 558 0038 062A     		cmp	r2, #6
 559 003a 1EBF     		ittt	ne
 560 003c 1A68     		ldrne	r2, [r3]
 561 003e 42F00102 		orrne	r2, r2, #1
 562 0042 1A60     		strne	r2, [r3]
 563 0044 10BD     		pop	{r4, pc}
 564              	.L56:
 565 0046 C368     		ldr	r3, [r0, #12]
 566 0048 43F00403 		orr	r3, r3, #4
 567 004c E3E7     		b	.L63
 568              	.L57:
 569 004e C368     		ldr	r3, [r0, #12]
 570 0050 43F00803 		orr	r3, r3, #8
 571 0054 DFE7     		b	.L63
 573              		.section	.text.HAL_TIMEx_OCN_Start_IT,"ax",%progbits
 574              		.align	1
 575              		.global	HAL_TIMEx_OCN_Start_IT
 576              		.syntax unified
 577              		.thumb
 578              		.thumb_func
 579              		.fpu softvfp
 581              	HAL_TIMEx_OCN_Start_IT:
 582              		@ args = 0, pretend = 0, frame = 0
 583              		@ frame_needed = 0, uses_anonymous_args = 0
 584              		@ link register save eliminated.
 585 0000 FFF7FEBF 		b	HAL_TIMEx_PWMN_Start_IT
 587              		.section	.text.HAL_TIMEx_PWMN_Stop_IT,"ax",%progbits
 588              		.align	1
 589              		.global	HAL_TIMEx_PWMN_Stop_IT
 590              		.syntax unified
 591              		.thumb
 592              		.thumb_func
 593              		.fpu softvfp
 595              	HAL_TIMEx_PWMN_Stop_IT:
 596              		@ args = 0, pretend = 0, frame = 0
 597              		@ frame_needed = 0, uses_anonymous_args = 0
 598 0000 0429     		cmp	r1, #4
 599 0002 10B5     		push	{r4, lr}
 600 0004 0446     		mov	r4, r0
 601 0006 33D0     		beq	.L67
 602 0008 0829     		cmp	r1, #8
 603 000a 36D0     		beq	.L68
 604 000c 21B9     		cbnz	r1, .L66
 605 000e 0268     		ldr	r2, [r0]
ARM GAS  /tmp/ccK3VaoK.s 			page 11


 606 0010 D368     		ldr	r3, [r2, #12]
 607 0012 23F00203 		bic	r3, r3, #2
 608              	.L73:
 609 0016 D360     		str	r3, [r2, #12]
 610              	.L66:
 611 0018 0022     		movs	r2, #0
 612 001a 2068     		ldr	r0, [r4]
 613 001c FFF7FEFF 		bl	TIM_CCxNChannelCmd
 614 0020 40F24442 		movw	r2, #1092
 615 0024 2368     		ldr	r3, [r4]
 616 0026 196A     		ldr	r1, [r3, #32]
 617 0028 1142     		tst	r1, r2
 618 002a 02BF     		ittt	eq
 619 002c DA68     		ldreq	r2, [r3, #12]
 620 002e 22F08002 		biceq	r2, r2, #128
 621 0032 DA60     		streq	r2, [r3, #12]
 622 0034 41F21112 		movw	r2, #4369
 623 0038 196A     		ldr	r1, [r3, #32]
 624 003a 1142     		tst	r1, r2
 625 003c 08D1     		bne	.L71
 626 003e 40F24442 		movw	r2, #1092
 627 0042 196A     		ldr	r1, [r3, #32]
 628 0044 1142     		tst	r1, r2
 629 0046 02BF     		ittt	eq
 630 0048 5A6C     		ldreq	r2, [r3, #68]
 631 004a 22F40042 		biceq	r2, r2, #32768
 632 004e 5A64     		streq	r2, [r3, #68]
 633              	.L71:
 634 0050 41F21112 		movw	r2, #4369
 635 0054 196A     		ldr	r1, [r3, #32]
 636 0056 1142     		tst	r1, r2
 637 0058 08D1     		bne	.L72
 638 005a 40F24442 		movw	r2, #1092
 639 005e 196A     		ldr	r1, [r3, #32]
 640 0060 1142     		tst	r1, r2
 641 0062 02BF     		ittt	eq
 642 0064 1A68     		ldreq	r2, [r3]
 643 0066 22F00102 		biceq	r2, r2, #1
 644 006a 1A60     		streq	r2, [r3]
 645              	.L72:
 646 006c 0020     		movs	r0, #0
 647 006e 10BD     		pop	{r4, pc}
 648              	.L67:
 649 0070 0268     		ldr	r2, [r0]
 650 0072 D368     		ldr	r3, [r2, #12]
 651 0074 23F00403 		bic	r3, r3, #4
 652 0078 CDE7     		b	.L73
 653              	.L68:
 654 007a 0268     		ldr	r2, [r0]
 655 007c D368     		ldr	r3, [r2, #12]
 656 007e 23F00803 		bic	r3, r3, #8
 657 0082 C8E7     		b	.L73
 659              		.section	.text.HAL_TIMEx_OCN_Stop_IT,"ax",%progbits
 660              		.align	1
 661              		.global	HAL_TIMEx_OCN_Stop_IT
 662              		.syntax unified
 663              		.thumb
ARM GAS  /tmp/ccK3VaoK.s 			page 12


 664              		.thumb_func
 665              		.fpu softvfp
 667              	HAL_TIMEx_OCN_Stop_IT:
 668              		@ args = 0, pretend = 0, frame = 0
 669              		@ frame_needed = 0, uses_anonymous_args = 0
 670              		@ link register save eliminated.
 671 0000 FFF7FEBF 		b	HAL_TIMEx_PWMN_Stop_IT
 673              		.section	.text.HAL_TIMEx_PWMN_Start_DMA,"ax",%progbits
 674              		.align	1
 675              		.global	HAL_TIMEx_PWMN_Start_DMA
 676              		.syntax unified
 677              		.thumb
 678              		.thumb_func
 679              		.fpu softvfp
 681              	HAL_TIMEx_PWMN_Start_DMA:
 682              		@ args = 0, pretend = 0, frame = 0
 683              		@ frame_needed = 0, uses_anonymous_args = 0
 684 0000 38B5     		push	{r3, r4, r5, lr}
 685 0002 0446     		mov	r4, r0
 686 0004 90F83D00 		ldrb	r0, [r0, #61]	@ zero_extendqisi2
 687 0008 0D46     		mov	r5, r1
 688 000a C0B2     		uxtb	r0, r0
 689 000c 0228     		cmp	r0, #2
 690 000e 1146     		mov	r1, r2
 691 0010 35D0     		beq	.L76
 692 0012 94F83D20 		ldrb	r2, [r4, #61]	@ zero_extendqisi2
 693 0016 012A     		cmp	r2, #1
 694 0018 06D1     		bne	.L77
 695 001a 11B9     		cbnz	r1, .L78
 696 001c 0BB1     		cbz	r3, .L78
 697              	.L83:
 698 001e 0120     		movs	r0, #1
 699 0020 38BD     		pop	{r3, r4, r5, pc}
 700              	.L78:
 701 0022 0222     		movs	r2, #2
 702 0024 84F83D20 		strb	r2, [r4, #61]
 703              	.L77:
 704 0028 042D     		cmp	r5, #4
 705 002a 29D0     		beq	.L80
 706 002c 082D     		cmp	r5, #8
 707 002e 39D0     		beq	.L81
 708 0030 8DB9     		cbnz	r5, .L79
 709 0032 606A     		ldr	r0, [r4, #36]
 710 0034 244A     		ldr	r2, .L90
 711 0036 8262     		str	r2, [r0, #40]
 712 0038 244A     		ldr	r2, .L90+4
 713 003a C262     		str	r2, [r0, #44]
 714 003c 244A     		ldr	r2, .L90+8
 715 003e 0263     		str	r2, [r0, #48]
 716 0040 2268     		ldr	r2, [r4]
 717 0042 3432     		adds	r2, r2, #52
 718 0044 FFF7FEFF 		bl	HAL_DMA_Start_IT
 719 0048 0028     		cmp	r0, #0
 720 004a E8D1     		bne	.L83
 721 004c 2268     		ldr	r2, [r4]
 722 004e D368     		ldr	r3, [r2, #12]
 723 0050 43F40073 		orr	r3, r3, #512
ARM GAS  /tmp/ccK3VaoK.s 			page 13


 724              	.L89:
 725 0054 D360     		str	r3, [r2, #12]
 726              	.L79:
 727 0056 0422     		movs	r2, #4
 728 0058 2068     		ldr	r0, [r4]
 729 005a 2946     		mov	r1, r5
 730 005c FFF7FEFF 		bl	TIM_CCxNChannelCmd
 731 0060 0020     		movs	r0, #0
 732 0062 2368     		ldr	r3, [r4]
 733 0064 5A6C     		ldr	r2, [r3, #68]
 734 0066 42F40042 		orr	r2, r2, #32768
 735 006a 5A64     		str	r2, [r3, #68]
 736 006c 9A68     		ldr	r2, [r3, #8]
 737 006e 02F00702 		and	r2, r2, #7
 738 0072 062A     		cmp	r2, #6
 739 0074 1EBF     		ittt	ne
 740 0076 1A68     		ldrne	r2, [r3]
 741 0078 42F00102 		orrne	r2, r2, #1
 742 007c 1A60     		strne	r2, [r3]
 743              	.L76:
 744 007e 38BD     		pop	{r3, r4, r5, pc}
 745              	.L80:
 746 0080 A06A     		ldr	r0, [r4, #40]
 747 0082 114A     		ldr	r2, .L90
 748 0084 8262     		str	r2, [r0, #40]
 749 0086 114A     		ldr	r2, .L90+4
 750 0088 C262     		str	r2, [r0, #44]
 751 008a 114A     		ldr	r2, .L90+8
 752 008c 0263     		str	r2, [r0, #48]
 753 008e 2268     		ldr	r2, [r4]
 754 0090 3832     		adds	r2, r2, #56
 755 0092 FFF7FEFF 		bl	HAL_DMA_Start_IT
 756 0096 0028     		cmp	r0, #0
 757 0098 C1D1     		bne	.L83
 758 009a 2268     		ldr	r2, [r4]
 759 009c D368     		ldr	r3, [r2, #12]
 760 009e 43F48063 		orr	r3, r3, #1024
 761 00a2 D7E7     		b	.L89
 762              	.L81:
 763 00a4 E06A     		ldr	r0, [r4, #44]
 764 00a6 084A     		ldr	r2, .L90
 765 00a8 8262     		str	r2, [r0, #40]
 766 00aa 084A     		ldr	r2, .L90+4
 767 00ac C262     		str	r2, [r0, #44]
 768 00ae 084A     		ldr	r2, .L90+8
 769 00b0 0263     		str	r2, [r0, #48]
 770 00b2 2268     		ldr	r2, [r4]
 771 00b4 3C32     		adds	r2, r2, #60
 772 00b6 FFF7FEFF 		bl	HAL_DMA_Start_IT
 773 00ba 0028     		cmp	r0, #0
 774 00bc AFD1     		bne	.L83
 775 00be 2268     		ldr	r2, [r4]
 776 00c0 D368     		ldr	r3, [r2, #12]
 777 00c2 43F40063 		orr	r3, r3, #2048
 778 00c6 C5E7     		b	.L89
 779              	.L91:
 780              		.align	2
ARM GAS  /tmp/ccK3VaoK.s 			page 14


 781              	.L90:
 782 00c8 00000000 		.word	TIM_DMADelayPulseCplt
 783 00cc 00000000 		.word	TIM_DMADelayPulseHalfCplt
 784 00d0 00000000 		.word	TIM_DMAError
 786              		.section	.text.HAL_TIMEx_OCN_Start_DMA,"ax",%progbits
 787              		.align	1
 788              		.global	HAL_TIMEx_OCN_Start_DMA
 789              		.syntax unified
 790              		.thumb
 791              		.thumb_func
 792              		.fpu softvfp
 794              	HAL_TIMEx_OCN_Start_DMA:
 795              		@ args = 0, pretend = 0, frame = 0
 796              		@ frame_needed = 0, uses_anonymous_args = 0
 797              		@ link register save eliminated.
 798 0000 FFF7FEBF 		b	HAL_TIMEx_PWMN_Start_DMA
 800              		.section	.text.HAL_TIMEx_PWMN_Stop_DMA,"ax",%progbits
 801              		.align	1
 802              		.global	HAL_TIMEx_PWMN_Stop_DMA
 803              		.syntax unified
 804              		.thumb
 805              		.thumb_func
 806              		.fpu softvfp
 808              	HAL_TIMEx_PWMN_Stop_DMA:
 809              		@ args = 0, pretend = 0, frame = 0
 810              		@ frame_needed = 0, uses_anonymous_args = 0
 811 0000 0429     		cmp	r1, #4
 812 0002 38B5     		push	{r3, r4, r5, lr}
 813 0004 0446     		mov	r4, r0
 814 0006 0D46     		mov	r5, r1
 815 0008 31D0     		beq	.L95
 816 000a 0829     		cmp	r1, #8
 817 000c 36D0     		beq	.L96
 818 000e 39B9     		cbnz	r1, .L94
 819 0010 0268     		ldr	r2, [r0]
 820 0012 406A     		ldr	r0, [r0, #36]
 821 0014 D368     		ldr	r3, [r2, #12]
 822 0016 23F40073 		bic	r3, r3, #512
 823 001a D360     		str	r3, [r2, #12]
 824              	.L100:
 825 001c FFF7FEFF 		bl	HAL_DMA_Abort_IT
 826              	.L94:
 827 0020 0022     		movs	r2, #0
 828 0022 2946     		mov	r1, r5
 829 0024 2068     		ldr	r0, [r4]
 830 0026 FFF7FEFF 		bl	TIM_CCxNChannelCmd
 831 002a 41F21112 		movw	r2, #4369
 832 002e 2368     		ldr	r3, [r4]
 833 0030 196A     		ldr	r1, [r3, #32]
 834 0032 1142     		tst	r1, r2
 835 0034 08D1     		bne	.L98
 836 0036 40F24442 		movw	r2, #1092
 837 003a 196A     		ldr	r1, [r3, #32]
 838 003c 1142     		tst	r1, r2
 839 003e 02BF     		ittt	eq
 840 0040 5A6C     		ldreq	r2, [r3, #68]
 841 0042 22F40042 		biceq	r2, r2, #32768
ARM GAS  /tmp/ccK3VaoK.s 			page 15


 842 0046 5A64     		streq	r2, [r3, #68]
 843              	.L98:
 844 0048 41F21112 		movw	r2, #4369
 845 004c 196A     		ldr	r1, [r3, #32]
 846 004e 1142     		tst	r1, r2
 847 0050 08D1     		bne	.L99
 848 0052 40F24442 		movw	r2, #1092
 849 0056 196A     		ldr	r1, [r3, #32]
 850 0058 1142     		tst	r1, r2
 851 005a 02BF     		ittt	eq
 852 005c 1A68     		ldreq	r2, [r3]
 853 005e 22F00102 		biceq	r2, r2, #1
 854 0062 1A60     		streq	r2, [r3]
 855              	.L99:
 856 0064 0123     		movs	r3, #1
 857 0066 0020     		movs	r0, #0
 858 0068 84F83D30 		strb	r3, [r4, #61]
 859 006c 38BD     		pop	{r3, r4, r5, pc}
 860              	.L95:
 861 006e 0268     		ldr	r2, [r0]
 862 0070 806A     		ldr	r0, [r0, #40]
 863 0072 D368     		ldr	r3, [r2, #12]
 864 0074 23F48063 		bic	r3, r3, #1024
 865 0078 D360     		str	r3, [r2, #12]
 866 007a CFE7     		b	.L100
 867              	.L96:
 868 007c 0268     		ldr	r2, [r0]
 869 007e C06A     		ldr	r0, [r0, #44]
 870 0080 D368     		ldr	r3, [r2, #12]
 871 0082 23F40063 		bic	r3, r3, #2048
 872 0086 D360     		str	r3, [r2, #12]
 873 0088 C8E7     		b	.L100
 875              		.section	.text.HAL_TIMEx_OCN_Stop_DMA,"ax",%progbits
 876              		.align	1
 877              		.global	HAL_TIMEx_OCN_Stop_DMA
 878              		.syntax unified
 879              		.thumb
 880              		.thumb_func
 881              		.fpu softvfp
 883              	HAL_TIMEx_OCN_Stop_DMA:
 884              		@ args = 0, pretend = 0, frame = 0
 885              		@ frame_needed = 0, uses_anonymous_args = 0
 886              		@ link register save eliminated.
 887 0000 FFF7FEBF 		b	HAL_TIMEx_PWMN_Stop_DMA
 889              		.section	.text.HAL_TIMEx_OnePulseN_Start,"ax",%progbits
 890              		.align	1
 891              		.global	HAL_TIMEx_OnePulseN_Start
 892              		.syntax unified
 893              		.thumb
 894              		.thumb_func
 895              		.fpu softvfp
 897              	HAL_TIMEx_OnePulseN_Start:
 898              		@ args = 0, pretend = 0, frame = 0
 899              		@ frame_needed = 0, uses_anonymous_args = 0
 900 0000 10B5     		push	{r4, lr}
 901 0002 0446     		mov	r4, r0
 902 0004 0422     		movs	r2, #4
ARM GAS  /tmp/ccK3VaoK.s 			page 16


 903 0006 0068     		ldr	r0, [r0]
 904 0008 FFF7FEFF 		bl	TIM_CCxNChannelCmd
 905 000c 2268     		ldr	r2, [r4]
 906 000e 0020     		movs	r0, #0
 907 0010 536C     		ldr	r3, [r2, #68]
 908 0012 43F40043 		orr	r3, r3, #32768
 909 0016 5364     		str	r3, [r2, #68]
 910 0018 10BD     		pop	{r4, pc}
 912              		.section	.text.HAL_TIMEx_OnePulseN_Stop,"ax",%progbits
 913              		.align	1
 914              		.global	HAL_TIMEx_OnePulseN_Stop
 915              		.syntax unified
 916              		.thumb
 917              		.thumb_func
 918              		.fpu softvfp
 920              	HAL_TIMEx_OnePulseN_Stop:
 921              		@ args = 0, pretend = 0, frame = 0
 922              		@ frame_needed = 0, uses_anonymous_args = 0
 923 0000 10B5     		push	{r4, lr}
 924 0002 0446     		mov	r4, r0
 925 0004 0022     		movs	r2, #0
 926 0006 0068     		ldr	r0, [r0]
 927 0008 FFF7FEFF 		bl	TIM_CCxNChannelCmd
 928 000c 41F21112 		movw	r2, #4369
 929 0010 2368     		ldr	r3, [r4]
 930 0012 196A     		ldr	r1, [r3, #32]
 931 0014 1142     		tst	r1, r2
 932 0016 08D1     		bne	.L104
 933 0018 40F24442 		movw	r2, #1092
 934 001c 196A     		ldr	r1, [r3, #32]
 935 001e 1142     		tst	r1, r2
 936 0020 02BF     		ittt	eq
 937 0022 5A6C     		ldreq	r2, [r3, #68]
 938 0024 22F40042 		biceq	r2, r2, #32768
 939 0028 5A64     		streq	r2, [r3, #68]
 940              	.L104:
 941 002a 41F21112 		movw	r2, #4369
 942 002e 196A     		ldr	r1, [r3, #32]
 943 0030 1142     		tst	r1, r2
 944 0032 08D1     		bne	.L105
 945 0034 40F24442 		movw	r2, #1092
 946 0038 196A     		ldr	r1, [r3, #32]
 947 003a 1142     		tst	r1, r2
 948 003c 02BF     		ittt	eq
 949 003e 1A68     		ldreq	r2, [r3]
 950 0040 22F00102 		biceq	r2, r2, #1
 951 0044 1A60     		streq	r2, [r3]
 952              	.L105:
 953 0046 0020     		movs	r0, #0
 954 0048 10BD     		pop	{r4, pc}
 956              		.section	.text.HAL_TIMEx_PWMN_Stop,"ax",%progbits
 957              		.align	1
 958              		.global	HAL_TIMEx_PWMN_Stop
 959              		.syntax unified
 960              		.thumb
 961              		.thumb_func
 962              		.fpu softvfp
ARM GAS  /tmp/ccK3VaoK.s 			page 17


 964              	HAL_TIMEx_PWMN_Stop:
 965              		@ args = 0, pretend = 0, frame = 0
 966              		@ frame_needed = 0, uses_anonymous_args = 0
 967              		@ link register save eliminated.
 968 0000 FFF7FEBF 		b	HAL_TIMEx_OnePulseN_Stop
 970              		.section	.text.HAL_TIMEx_OCN_Stop,"ax",%progbits
 971              		.align	1
 972              		.global	HAL_TIMEx_OCN_Stop
 973              		.syntax unified
 974              		.thumb
 975              		.thumb_func
 976              		.fpu softvfp
 978              	HAL_TIMEx_OCN_Stop:
 979              		@ args = 0, pretend = 0, frame = 0
 980              		@ frame_needed = 0, uses_anonymous_args = 0
 981              		@ link register save eliminated.
 982 0000 FFF7FEBF 		b	HAL_TIMEx_OnePulseN_Stop
 984              		.section	.text.HAL_TIMEx_OnePulseN_Start_IT,"ax",%progbits
 985              		.align	1
 986              		.global	HAL_TIMEx_OnePulseN_Start_IT
 987              		.syntax unified
 988              		.thumb
 989              		.thumb_func
 990              		.fpu softvfp
 992              	HAL_TIMEx_OnePulseN_Start_IT:
 993              		@ args = 0, pretend = 0, frame = 0
 994              		@ frame_needed = 0, uses_anonymous_args = 0
 995 0000 10B5     		push	{r4, lr}
 996 0002 0446     		mov	r4, r0
 997 0004 0068     		ldr	r0, [r0]
 998 0006 0422     		movs	r2, #4
 999 0008 C368     		ldr	r3, [r0, #12]
 1000 000a 43F00203 		orr	r3, r3, #2
 1001 000e C360     		str	r3, [r0, #12]
 1002 0010 C368     		ldr	r3, [r0, #12]
 1003 0012 43F00403 		orr	r3, r3, #4
 1004 0016 C360     		str	r3, [r0, #12]
 1005 0018 FFF7FEFF 		bl	TIM_CCxNChannelCmd
 1006 001c 2268     		ldr	r2, [r4]
 1007 001e 0020     		movs	r0, #0
 1008 0020 536C     		ldr	r3, [r2, #68]
 1009 0022 43F40043 		orr	r3, r3, #32768
 1010 0026 5364     		str	r3, [r2, #68]
 1011 0028 10BD     		pop	{r4, pc}
 1013              		.section	.text.HAL_TIMEx_OnePulseN_Stop_IT,"ax",%progbits
 1014              		.align	1
 1015              		.global	HAL_TIMEx_OnePulseN_Stop_IT
 1016              		.syntax unified
 1017              		.thumb
 1018              		.thumb_func
 1019              		.fpu softvfp
 1021              	HAL_TIMEx_OnePulseN_Stop_IT:
 1022              		@ args = 0, pretend = 0, frame = 0
 1023              		@ frame_needed = 0, uses_anonymous_args = 0
 1024 0000 10B5     		push	{r4, lr}
 1025 0002 0446     		mov	r4, r0
 1026 0004 0068     		ldr	r0, [r0]
ARM GAS  /tmp/ccK3VaoK.s 			page 18


 1027 0006 0022     		movs	r2, #0
 1028 0008 C368     		ldr	r3, [r0, #12]
 1029 000a 23F00203 		bic	r3, r3, #2
 1030 000e C360     		str	r3, [r0, #12]
 1031 0010 C368     		ldr	r3, [r0, #12]
 1032 0012 23F00403 		bic	r3, r3, #4
 1033 0016 C360     		str	r3, [r0, #12]
 1034 0018 FFF7FEFF 		bl	TIM_CCxNChannelCmd
 1035 001c 41F21112 		movw	r2, #4369
 1036 0020 2368     		ldr	r3, [r4]
 1037 0022 196A     		ldr	r1, [r3, #32]
 1038 0024 1142     		tst	r1, r2
 1039 0026 08D1     		bne	.L110
 1040 0028 40F24442 		movw	r2, #1092
 1041 002c 196A     		ldr	r1, [r3, #32]
 1042 002e 1142     		tst	r1, r2
 1043 0030 02BF     		ittt	eq
 1044 0032 5A6C     		ldreq	r2, [r3, #68]
 1045 0034 22F40042 		biceq	r2, r2, #32768
 1046 0038 5A64     		streq	r2, [r3, #68]
 1047              	.L110:
 1048 003a 41F21112 		movw	r2, #4369
 1049 003e 196A     		ldr	r1, [r3, #32]
 1050 0040 1142     		tst	r1, r2
 1051 0042 08D1     		bne	.L111
 1052 0044 40F24442 		movw	r2, #1092
 1053 0048 196A     		ldr	r1, [r3, #32]
 1054 004a 1142     		tst	r1, r2
 1055 004c 02BF     		ittt	eq
 1056 004e 1A68     		ldreq	r2, [r3]
 1057 0050 22F00102 		biceq	r2, r2, #1
 1058 0054 1A60     		streq	r2, [r3]
 1059              	.L111:
 1060 0056 0020     		movs	r0, #0
 1061 0058 10BD     		pop	{r4, pc}
 1063              		.section	.text.HAL_TIMEx_ConfigCommutEvent,"ax",%progbits
 1064              		.align	1
 1065              		.global	HAL_TIMEx_ConfigCommutEvent
 1066              		.syntax unified
 1067              		.thumb
 1068              		.thumb_func
 1069              		.fpu softvfp
 1071              	HAL_TIMEx_ConfigCommutEvent:
 1072              		@ args = 0, pretend = 0, frame = 0
 1073              		@ frame_needed = 0, uses_anonymous_args = 0
 1074 0000 90F83C30 		ldrb	r3, [r0, #60]	@ zero_extendqisi2
 1075 0004 10B5     		push	{r4, lr}
 1076 0006 012B     		cmp	r3, #1
 1077 0008 25D0     		beq	.L115
 1078 000a 0123     		movs	r3, #1
 1079 000c 80F83C30 		strb	r3, [r0, #60]
 1080 0010 31F03003 		bics	r3, r1, #48
 1081 0014 0368     		ldr	r3, [r0]
 1082 0016 06D1     		bne	.L114
 1083 0018 9C68     		ldr	r4, [r3, #8]
 1084 001a 24F07004 		bic	r4, r4, #112
 1085 001e 9C60     		str	r4, [r3, #8]
ARM GAS  /tmp/ccK3VaoK.s 			page 19


 1086 0020 9C68     		ldr	r4, [r3, #8]
 1087 0022 2143     		orrs	r1, r1, r4
 1088 0024 9960     		str	r1, [r3, #8]
 1089              	.L114:
 1090 0026 5968     		ldr	r1, [r3, #4]
 1091 0028 41F00101 		orr	r1, r1, #1
 1092 002c 5960     		str	r1, [r3, #4]
 1093 002e 5968     		ldr	r1, [r3, #4]
 1094 0030 21F00401 		bic	r1, r1, #4
 1095 0034 5960     		str	r1, [r3, #4]
 1096 0036 5968     		ldr	r1, [r3, #4]
 1097 0038 0A43     		orrs	r2, r2, r1
 1098 003a 5A60     		str	r2, [r3, #4]
 1099 003c DA68     		ldr	r2, [r3, #12]
 1100 003e 22F02002 		bic	r2, r2, #32
 1101 0042 DA60     		str	r2, [r3, #12]
 1102 0044 DA68     		ldr	r2, [r3, #12]
 1103 0046 22F40052 		bic	r2, r2, #8192
 1104 004a DA60     		str	r2, [r3, #12]
 1105 004c 0023     		movs	r3, #0
 1106 004e 80F83C30 		strb	r3, [r0, #60]
 1107 0052 1846     		mov	r0, r3
 1108 0054 10BD     		pop	{r4, pc}
 1109              	.L115:
 1110 0056 0220     		movs	r0, #2
 1111 0058 10BD     		pop	{r4, pc}
 1113              		.section	.text.HAL_TIMEx_ConfigCommutEvent_IT,"ax",%progbits
 1114              		.align	1
 1115              		.global	HAL_TIMEx_ConfigCommutEvent_IT
 1116              		.syntax unified
 1117              		.thumb
 1118              		.thumb_func
 1119              		.fpu softvfp
 1121              	HAL_TIMEx_ConfigCommutEvent_IT:
 1122              		@ args = 0, pretend = 0, frame = 0
 1123              		@ frame_needed = 0, uses_anonymous_args = 0
 1124 0000 90F83C30 		ldrb	r3, [r0, #60]	@ zero_extendqisi2
 1125 0004 10B5     		push	{r4, lr}
 1126 0006 012B     		cmp	r3, #1
 1127 0008 25D0     		beq	.L119
 1128 000a 0123     		movs	r3, #1
 1129 000c 80F83C30 		strb	r3, [r0, #60]
 1130 0010 31F03003 		bics	r3, r1, #48
 1131 0014 0368     		ldr	r3, [r0]
 1132 0016 06D1     		bne	.L118
 1133 0018 9C68     		ldr	r4, [r3, #8]
 1134 001a 24F07004 		bic	r4, r4, #112
 1135 001e 9C60     		str	r4, [r3, #8]
 1136 0020 9C68     		ldr	r4, [r3, #8]
 1137 0022 2143     		orrs	r1, r1, r4
 1138 0024 9960     		str	r1, [r3, #8]
 1139              	.L118:
 1140 0026 5968     		ldr	r1, [r3, #4]
 1141 0028 41F00101 		orr	r1, r1, #1
 1142 002c 5960     		str	r1, [r3, #4]
 1143 002e 5968     		ldr	r1, [r3, #4]
 1144 0030 21F00401 		bic	r1, r1, #4
ARM GAS  /tmp/ccK3VaoK.s 			page 20


 1145 0034 5960     		str	r1, [r3, #4]
 1146 0036 5968     		ldr	r1, [r3, #4]
 1147 0038 0A43     		orrs	r2, r2, r1
 1148 003a 5A60     		str	r2, [r3, #4]
 1149 003c DA68     		ldr	r2, [r3, #12]
 1150 003e 22F40052 		bic	r2, r2, #8192
 1151 0042 DA60     		str	r2, [r3, #12]
 1152 0044 DA68     		ldr	r2, [r3, #12]
 1153 0046 42F02002 		orr	r2, r2, #32
 1154 004a DA60     		str	r2, [r3, #12]
 1155 004c 0023     		movs	r3, #0
 1156 004e 80F83C30 		strb	r3, [r0, #60]
 1157 0052 1846     		mov	r0, r3
 1158 0054 10BD     		pop	{r4, pc}
 1159              	.L119:
 1160 0056 0220     		movs	r0, #2
 1161 0058 10BD     		pop	{r4, pc}
 1163              		.section	.text.HAL_TIMEx_ConfigCommutEvent_DMA,"ax",%progbits
 1164              		.align	1
 1165              		.global	HAL_TIMEx_ConfigCommutEvent_DMA
 1166              		.syntax unified
 1167              		.thumb
 1168              		.thumb_func
 1169              		.fpu softvfp
 1171              	HAL_TIMEx_ConfigCommutEvent_DMA:
 1172              		@ args = 0, pretend = 0, frame = 0
 1173              		@ frame_needed = 0, uses_anonymous_args = 0
 1174 0000 90F83C30 		ldrb	r3, [r0, #60]	@ zero_extendqisi2
 1175 0004 10B5     		push	{r4, lr}
 1176 0006 012B     		cmp	r3, #1
 1177 0008 2CD0     		beq	.L123
 1178 000a 0123     		movs	r3, #1
 1179 000c 80F83C30 		strb	r3, [r0, #60]
 1180 0010 31F03003 		bics	r3, r1, #48
 1181 0014 0368     		ldr	r3, [r0]
 1182 0016 06D1     		bne	.L122
 1183 0018 9C68     		ldr	r4, [r3, #8]
 1184 001a 24F07004 		bic	r4, r4, #112
 1185 001e 9C60     		str	r4, [r3, #8]
 1186 0020 9C68     		ldr	r4, [r3, #8]
 1187 0022 2143     		orrs	r1, r1, r4
 1188 0024 9960     		str	r1, [r3, #8]
 1189              	.L122:
 1190 0026 5968     		ldr	r1, [r3, #4]
 1191 0028 41F00101 		orr	r1, r1, #1
 1192 002c 5960     		str	r1, [r3, #4]
 1193 002e 5968     		ldr	r1, [r3, #4]
 1194 0030 21F00401 		bic	r1, r1, #4
 1195 0034 5960     		str	r1, [r3, #4]
 1196 0036 5968     		ldr	r1, [r3, #4]
 1197 0038 0A43     		orrs	r2, r2, r1
 1198 003a 5A60     		str	r2, [r3, #4]
 1199 003c 0A49     		ldr	r1, .L124
 1200 003e 426B     		ldr	r2, [r0, #52]
 1201 0040 9162     		str	r1, [r2, #40]
 1202 0042 0A49     		ldr	r1, .L124+4
 1203 0044 D162     		str	r1, [r2, #44]
ARM GAS  /tmp/ccK3VaoK.s 			page 21


 1204 0046 0A49     		ldr	r1, .L124+8
 1205 0048 1163     		str	r1, [r2, #48]
 1206 004a DA68     		ldr	r2, [r3, #12]
 1207 004c 22F02002 		bic	r2, r2, #32
 1208 0050 DA60     		str	r2, [r3, #12]
 1209 0052 DA68     		ldr	r2, [r3, #12]
 1210 0054 42F40052 		orr	r2, r2, #8192
 1211 0058 DA60     		str	r2, [r3, #12]
 1212 005a 0023     		movs	r3, #0
 1213 005c 80F83C30 		strb	r3, [r0, #60]
 1214 0060 1846     		mov	r0, r3
 1215 0062 10BD     		pop	{r4, pc}
 1216              	.L123:
 1217 0064 0220     		movs	r0, #2
 1218 0066 10BD     		pop	{r4, pc}
 1219              	.L125:
 1220              		.align	2
 1221              	.L124:
 1222 0068 00000000 		.word	TIMEx_DMACommutationCplt
 1223 006c 00000000 		.word	TIMEx_DMACommutationHalfCplt
 1224 0070 00000000 		.word	TIM_DMAError
 1226              		.section	.text.HAL_TIMEx_MasterConfigSynchronization,"ax",%progbits
 1227              		.align	1
 1228              		.global	HAL_TIMEx_MasterConfigSynchronization
 1229              		.syntax unified
 1230              		.thumb
 1231              		.thumb_func
 1232              		.fpu softvfp
 1234              	HAL_TIMEx_MasterConfigSynchronization:
 1235              		@ args = 0, pretend = 0, frame = 0
 1236              		@ frame_needed = 0, uses_anonymous_args = 0
 1237 0000 90F83C30 		ldrb	r3, [r0, #60]	@ zero_extendqisi2
 1238 0004 30B5     		push	{r4, r5, lr}
 1239 0006 012B     		cmp	r3, #1
 1240 0008 4FF00203 		mov	r3, #2
 1241 000c 14D0     		beq	.L128
 1242 000e 0468     		ldr	r4, [r0]
 1243 0010 80F83D30 		strb	r3, [r0, #61]
 1244 0014 6268     		ldr	r2, [r4, #4]
 1245 0016 A368     		ldr	r3, [r4, #8]
 1246 0018 0D68     		ldr	r5, [r1]
 1247 001a 4968     		ldr	r1, [r1, #4]
 1248 001c 22F07002 		bic	r2, r2, #112
 1249 0020 23F08003 		bic	r3, r3, #128
 1250 0024 0B43     		orrs	r3, r3, r1
 1251 0026 2A43     		orrs	r2, r2, r5
 1252 0028 6260     		str	r2, [r4, #4]
 1253 002a A360     		str	r3, [r4, #8]
 1254 002c 0123     		movs	r3, #1
 1255 002e 80F83D30 		strb	r3, [r0, #61]
 1256 0032 0023     		movs	r3, #0
 1257 0034 80F83C30 		strb	r3, [r0, #60]
 1258              	.L128:
 1259 0038 1846     		mov	r0, r3
 1260 003a 30BD     		pop	{r4, r5, pc}
 1262              		.section	.text.HAL_TIMEx_ConfigBreakDeadTime,"ax",%progbits
 1263              		.align	1
ARM GAS  /tmp/ccK3VaoK.s 			page 22


 1264              		.global	HAL_TIMEx_ConfigBreakDeadTime
 1265              		.syntax unified
 1266              		.thumb
 1267              		.thumb_func
 1268              		.fpu softvfp
 1270              	HAL_TIMEx_ConfigBreakDeadTime:
 1271              		@ args = 0, pretend = 0, frame = 0
 1272              		@ frame_needed = 0, uses_anonymous_args = 0
 1273              		@ link register save eliminated.
 1274 0000 90F83C30 		ldrb	r3, [r0, #60]	@ zero_extendqisi2
 1275 0004 012B     		cmp	r3, #1
 1276 0006 1FD0     		beq	.L131
 1277 0008 CB68     		ldr	r3, [r1, #12]
 1278 000a 8A68     		ldr	r2, [r1, #8]
 1279 000c 23F44073 		bic	r3, r3, #768
 1280 0010 1343     		orrs	r3, r3, r2
 1281 0012 4A68     		ldr	r2, [r1, #4]
 1282 0014 23F48063 		bic	r3, r3, #1024
 1283 0018 1343     		orrs	r3, r3, r2
 1284 001a 0A68     		ldr	r2, [r1]
 1285 001c 23F40063 		bic	r3, r3, #2048
 1286 0020 1343     		orrs	r3, r3, r2
 1287 0022 0A69     		ldr	r2, [r1, #16]
 1288 0024 23F48053 		bic	r3, r3, #4096
 1289 0028 1343     		orrs	r3, r3, r2
 1290 002a 4A69     		ldr	r2, [r1, #20]
 1291 002c 23F40053 		bic	r3, r3, #8192
 1292 0030 1343     		orrs	r3, r3, r2
 1293 0032 CA69     		ldr	r2, [r1, #28]
 1294 0034 23F48043 		bic	r3, r3, #16384
 1295 0038 1343     		orrs	r3, r3, r2
 1296 003a 0268     		ldr	r2, [r0]
 1297 003c 5364     		str	r3, [r2, #68]
 1298 003e 0023     		movs	r3, #0
 1299 0040 80F83C30 		strb	r3, [r0, #60]
 1300 0044 1846     		mov	r0, r3
 1301 0046 7047     		bx	lr
 1302              	.L131:
 1303 0048 0220     		movs	r0, #2
 1304 004a 7047     		bx	lr
 1306              		.section	.text.HAL_TIMEx_RemapConfig,"ax",%progbits
 1307              		.align	1
 1308              		.global	HAL_TIMEx_RemapConfig
 1309              		.syntax unified
 1310              		.thumb
 1311              		.thumb_func
 1312              		.fpu softvfp
 1314              	HAL_TIMEx_RemapConfig:
 1315              		@ args = 0, pretend = 0, frame = 0
 1316              		@ frame_needed = 0, uses_anonymous_args = 0
 1317              		@ link register save eliminated.
 1318 0000 0020     		movs	r0, #0
 1319 0002 7047     		bx	lr
 1321              		.section	.text.HAL_TIMEx_CommutCallback,"ax",%progbits
 1322              		.align	1
 1323              		.weak	HAL_TIMEx_CommutCallback
 1324              		.syntax unified
ARM GAS  /tmp/ccK3VaoK.s 			page 23


 1325              		.thumb
 1326              		.thumb_func
 1327              		.fpu softvfp
 1329              	HAL_TIMEx_CommutCallback:
 1330              		@ args = 0, pretend = 0, frame = 0
 1331              		@ frame_needed = 0, uses_anonymous_args = 0
 1332              		@ link register save eliminated.
 1333 0000 7047     		bx	lr
 1335              		.section	.text.HAL_TIMEx_CommutHalfCpltCallback,"ax",%progbits
 1336              		.align	1
 1337              		.weak	HAL_TIMEx_CommutHalfCpltCallback
 1338              		.syntax unified
 1339              		.thumb
 1340              		.thumb_func
 1341              		.fpu softvfp
 1343              	HAL_TIMEx_CommutHalfCpltCallback:
 1344              		@ args = 0, pretend = 0, frame = 0
 1345              		@ frame_needed = 0, uses_anonymous_args = 0
 1346              		@ link register save eliminated.
 1347 0000 7047     		bx	lr
 1349              		.section	.text.HAL_TIMEx_BreakCallback,"ax",%progbits
 1350              		.align	1
 1351              		.weak	HAL_TIMEx_BreakCallback
 1352              		.syntax unified
 1353              		.thumb
 1354              		.thumb_func
 1355              		.fpu softvfp
 1357              	HAL_TIMEx_BreakCallback:
 1358              		@ args = 0, pretend = 0, frame = 0
 1359              		@ frame_needed = 0, uses_anonymous_args = 0
 1360              		@ link register save eliminated.
 1361 0000 7047     		bx	lr
 1363              		.section	.text.HAL_TIMEx_HallSensor_GetState,"ax",%progbits
 1364              		.align	1
 1365              		.global	HAL_TIMEx_HallSensor_GetState
 1366              		.syntax unified
 1367              		.thumb
 1368              		.thumb_func
 1369              		.fpu softvfp
 1371              	HAL_TIMEx_HallSensor_GetState:
 1372              		@ args = 0, pretend = 0, frame = 0
 1373              		@ frame_needed = 0, uses_anonymous_args = 0
 1374              		@ link register save eliminated.
 1375 0000 90F83D00 		ldrb	r0, [r0, #61]	@ zero_extendqisi2
 1376 0004 7047     		bx	lr
 1378              		.ident	"GCC: (15:6.3.1+svn253039-1build1) 6.3.1 20170620"
ARM GAS  /tmp/ccK3VaoK.s 			page 24


DEFINED SYMBOLS
                            *ABS*:0000000000000000 stm32f1xx_hal_tim_ex.c
     /tmp/ccK3VaoK.s:13     .text.TIMEx_DMACommutationCplt:0000000000000000 $t
     /tmp/ccK3VaoK.s:20     .text.TIMEx_DMACommutationCplt:0000000000000000 TIMEx_DMACommutationCplt
     /tmp/ccK3VaoK.s:31     .text.TIMEx_DMACommutationHalfCplt:0000000000000000 $t
     /tmp/ccK3VaoK.s:38     .text.TIMEx_DMACommutationHalfCplt:0000000000000000 TIMEx_DMACommutationHalfCplt
     /tmp/ccK3VaoK.s:49     .text.TIM_CCxNChannelCmd:0000000000000000 $t
     /tmp/ccK3VaoK.s:55     .text.TIM_CCxNChannelCmd:0000000000000000 TIM_CCxNChannelCmd
     /tmp/ccK3VaoK.s:72     .text.HAL_TIMEx_HallSensor_MspInit:0000000000000000 $t
     /tmp/ccK3VaoK.s:79     .text.HAL_TIMEx_HallSensor_MspInit:0000000000000000 HAL_TIMEx_HallSensor_MspInit
     /tmp/ccK3VaoK.s:86     .text.HAL_TIMEx_HallSensor_MspDeInit:0000000000000000 $t
     /tmp/ccK3VaoK.s:93     .text.HAL_TIMEx_HallSensor_MspDeInit:0000000000000000 HAL_TIMEx_HallSensor_MspDeInit
     /tmp/ccK3VaoK.s:100    .text.HAL_TIMEx_HallSensor_Init:0000000000000000 $t
     /tmp/ccK3VaoK.s:107    .text.HAL_TIMEx_HallSensor_Init:0000000000000000 HAL_TIMEx_HallSensor_Init
     /tmp/ccK3VaoK.s:195    .text.HAL_TIMEx_HallSensor_Init:00000000000000bc $d
     /tmp/ccK3VaoK.s:198    .text.HAL_TIMEx_HallSensor_DeInit:0000000000000000 $t
     /tmp/ccK3VaoK.s:205    .text.HAL_TIMEx_HallSensor_DeInit:0000000000000000 HAL_TIMEx_HallSensor_DeInit
     /tmp/ccK3VaoK.s:240    .text.HAL_TIMEx_HallSensor_DeInit:0000000000000044 $d
     /tmp/ccK3VaoK.s:243    .text.HAL_TIMEx_HallSensor_Start:0000000000000000 $t
     /tmp/ccK3VaoK.s:250    .text.HAL_TIMEx_HallSensor_Start:0000000000000000 HAL_TIMEx_HallSensor_Start
     /tmp/ccK3VaoK.s:271    .text.HAL_TIMEx_HallSensor_Stop:0000000000000000 $t
     /tmp/ccK3VaoK.s:278    .text.HAL_TIMEx_HallSensor_Stop:0000000000000000 HAL_TIMEx_HallSensor_Stop
     /tmp/ccK3VaoK.s:304    .text.HAL_TIMEx_HallSensor_Start_IT:0000000000000000 $t
     /tmp/ccK3VaoK.s:311    .text.HAL_TIMEx_HallSensor_Start_IT:0000000000000000 HAL_TIMEx_HallSensor_Start_IT
     /tmp/ccK3VaoK.s:335    .text.HAL_TIMEx_HallSensor_Stop_IT:0000000000000000 $t
     /tmp/ccK3VaoK.s:342    .text.HAL_TIMEx_HallSensor_Stop_IT:0000000000000000 HAL_TIMEx_HallSensor_Stop_IT
     /tmp/ccK3VaoK.s:371    .text.HAL_TIMEx_HallSensor_Start_DMA:0000000000000000 $t
     /tmp/ccK3VaoK.s:378    .text.HAL_TIMEx_HallSensor_Start_DMA:0000000000000000 HAL_TIMEx_HallSensor_Start_DMA
     /tmp/ccK3VaoK.s:435    .text.HAL_TIMEx_HallSensor_Start_DMA:0000000000000070 $d
     /tmp/ccK3VaoK.s:440    .text.HAL_TIMEx_HallSensor_Stop_DMA:0000000000000000 $t
     /tmp/ccK3VaoK.s:447    .text.HAL_TIMEx_HallSensor_Stop_DMA:0000000000000000 HAL_TIMEx_HallSensor_Stop_DMA
     /tmp/ccK3VaoK.s:479    .text.HAL_TIMEx_PWMN_Start:0000000000000000 $t
     /tmp/ccK3VaoK.s:486    .text.HAL_TIMEx_PWMN_Start:0000000000000000 HAL_TIMEx_PWMN_Start
     /tmp/ccK3VaoK.s:509    .text.HAL_TIMEx_OCN_Start:0000000000000000 $t
     /tmp/ccK3VaoK.s:516    .text.HAL_TIMEx_OCN_Start:0000000000000000 HAL_TIMEx_OCN_Start
     /tmp/ccK3VaoK.s:523    .text.HAL_TIMEx_PWMN_Start_IT:0000000000000000 $t
     /tmp/ccK3VaoK.s:530    .text.HAL_TIMEx_PWMN_Start_IT:0000000000000000 HAL_TIMEx_PWMN_Start_IT
     /tmp/ccK3VaoK.s:574    .text.HAL_TIMEx_OCN_Start_IT:0000000000000000 $t
     /tmp/ccK3VaoK.s:581    .text.HAL_TIMEx_OCN_Start_IT:0000000000000000 HAL_TIMEx_OCN_Start_IT
     /tmp/ccK3VaoK.s:588    .text.HAL_TIMEx_PWMN_Stop_IT:0000000000000000 $t
     /tmp/ccK3VaoK.s:595    .text.HAL_TIMEx_PWMN_Stop_IT:0000000000000000 HAL_TIMEx_PWMN_Stop_IT
     /tmp/ccK3VaoK.s:660    .text.HAL_TIMEx_OCN_Stop_IT:0000000000000000 $t
     /tmp/ccK3VaoK.s:667    .text.HAL_TIMEx_OCN_Stop_IT:0000000000000000 HAL_TIMEx_OCN_Stop_IT
     /tmp/ccK3VaoK.s:674    .text.HAL_TIMEx_PWMN_Start_DMA:0000000000000000 $t
     /tmp/ccK3VaoK.s:681    .text.HAL_TIMEx_PWMN_Start_DMA:0000000000000000 HAL_TIMEx_PWMN_Start_DMA
     /tmp/ccK3VaoK.s:782    .text.HAL_TIMEx_PWMN_Start_DMA:00000000000000c8 $d
     /tmp/ccK3VaoK.s:787    .text.HAL_TIMEx_OCN_Start_DMA:0000000000000000 $t
     /tmp/ccK3VaoK.s:794    .text.HAL_TIMEx_OCN_Start_DMA:0000000000000000 HAL_TIMEx_OCN_Start_DMA
     /tmp/ccK3VaoK.s:801    .text.HAL_TIMEx_PWMN_Stop_DMA:0000000000000000 $t
     /tmp/ccK3VaoK.s:808    .text.HAL_TIMEx_PWMN_Stop_DMA:0000000000000000 HAL_TIMEx_PWMN_Stop_DMA
     /tmp/ccK3VaoK.s:876    .text.HAL_TIMEx_OCN_Stop_DMA:0000000000000000 $t
     /tmp/ccK3VaoK.s:883    .text.HAL_TIMEx_OCN_Stop_DMA:0000000000000000 HAL_TIMEx_OCN_Stop_DMA
     /tmp/ccK3VaoK.s:890    .text.HAL_TIMEx_OnePulseN_Start:0000000000000000 $t
     /tmp/ccK3VaoK.s:897    .text.HAL_TIMEx_OnePulseN_Start:0000000000000000 HAL_TIMEx_OnePulseN_Start
     /tmp/ccK3VaoK.s:913    .text.HAL_TIMEx_OnePulseN_Stop:0000000000000000 $t
     /tmp/ccK3VaoK.s:920    .text.HAL_TIMEx_OnePulseN_Stop:0000000000000000 HAL_TIMEx_OnePulseN_Stop
     /tmp/ccK3VaoK.s:957    .text.HAL_TIMEx_PWMN_Stop:0000000000000000 $t
ARM GAS  /tmp/ccK3VaoK.s 			page 25


     /tmp/ccK3VaoK.s:964    .text.HAL_TIMEx_PWMN_Stop:0000000000000000 HAL_TIMEx_PWMN_Stop
     /tmp/ccK3VaoK.s:971    .text.HAL_TIMEx_OCN_Stop:0000000000000000 $t
     /tmp/ccK3VaoK.s:978    .text.HAL_TIMEx_OCN_Stop:0000000000000000 HAL_TIMEx_OCN_Stop
     /tmp/ccK3VaoK.s:985    .text.HAL_TIMEx_OnePulseN_Start_IT:0000000000000000 $t
     /tmp/ccK3VaoK.s:992    .text.HAL_TIMEx_OnePulseN_Start_IT:0000000000000000 HAL_TIMEx_OnePulseN_Start_IT
     /tmp/ccK3VaoK.s:1014   .text.HAL_TIMEx_OnePulseN_Stop_IT:0000000000000000 $t
     /tmp/ccK3VaoK.s:1021   .text.HAL_TIMEx_OnePulseN_Stop_IT:0000000000000000 HAL_TIMEx_OnePulseN_Stop_IT
     /tmp/ccK3VaoK.s:1064   .text.HAL_TIMEx_ConfigCommutEvent:0000000000000000 $t
     /tmp/ccK3VaoK.s:1071   .text.HAL_TIMEx_ConfigCommutEvent:0000000000000000 HAL_TIMEx_ConfigCommutEvent
     /tmp/ccK3VaoK.s:1114   .text.HAL_TIMEx_ConfigCommutEvent_IT:0000000000000000 $t
     /tmp/ccK3VaoK.s:1121   .text.HAL_TIMEx_ConfigCommutEvent_IT:0000000000000000 HAL_TIMEx_ConfigCommutEvent_IT
     /tmp/ccK3VaoK.s:1164   .text.HAL_TIMEx_ConfigCommutEvent_DMA:0000000000000000 $t
     /tmp/ccK3VaoK.s:1171   .text.HAL_TIMEx_ConfigCommutEvent_DMA:0000000000000000 HAL_TIMEx_ConfigCommutEvent_DMA
     /tmp/ccK3VaoK.s:1222   .text.HAL_TIMEx_ConfigCommutEvent_DMA:0000000000000068 $d
     /tmp/ccK3VaoK.s:1227   .text.HAL_TIMEx_MasterConfigSynchronization:0000000000000000 $t
     /tmp/ccK3VaoK.s:1234   .text.HAL_TIMEx_MasterConfigSynchronization:0000000000000000 HAL_TIMEx_MasterConfigSynchronization
     /tmp/ccK3VaoK.s:1263   .text.HAL_TIMEx_ConfigBreakDeadTime:0000000000000000 $t
     /tmp/ccK3VaoK.s:1270   .text.HAL_TIMEx_ConfigBreakDeadTime:0000000000000000 HAL_TIMEx_ConfigBreakDeadTime
     /tmp/ccK3VaoK.s:1307   .text.HAL_TIMEx_RemapConfig:0000000000000000 $t
     /tmp/ccK3VaoK.s:1314   .text.HAL_TIMEx_RemapConfig:0000000000000000 HAL_TIMEx_RemapConfig
     /tmp/ccK3VaoK.s:1322   .text.HAL_TIMEx_CommutCallback:0000000000000000 $t
     /tmp/ccK3VaoK.s:1329   .text.HAL_TIMEx_CommutCallback:0000000000000000 HAL_TIMEx_CommutCallback
     /tmp/ccK3VaoK.s:1336   .text.HAL_TIMEx_CommutHalfCpltCallback:0000000000000000 $t
     /tmp/ccK3VaoK.s:1343   .text.HAL_TIMEx_CommutHalfCpltCallback:0000000000000000 HAL_TIMEx_CommutHalfCpltCallback
     /tmp/ccK3VaoK.s:1350   .text.HAL_TIMEx_BreakCallback:0000000000000000 $t
     /tmp/ccK3VaoK.s:1357   .text.HAL_TIMEx_BreakCallback:0000000000000000 HAL_TIMEx_BreakCallback
     /tmp/ccK3VaoK.s:1364   .text.HAL_TIMEx_HallSensor_GetState:0000000000000000 $t
     /tmp/ccK3VaoK.s:1371   .text.HAL_TIMEx_HallSensor_GetState:0000000000000000 HAL_TIMEx_HallSensor_GetState

UNDEFINED SYMBOLS
TIM_ResetCallback
TIM_Base_SetConfig
TIM_TI1_SetConfig
TIM_OC2_SetConfig
TIM_CCxChannelCmd
HAL_DMA_Start_IT
TIM_DMACaptureCplt
TIM_DMACaptureHalfCplt
TIM_DMAError
HAL_DMA_Abort_IT
TIM_DMADelayPulseCplt
TIM_DMADelayPulseHalfCplt
