Archive member included to satisfy reference by file (symbol)

../lib/libpca9555/bin/libpca9555.a(pca9555.o)
                              ./bin/sys_pca9555.o (PCA9555_LibInit)
../lib/libneopixel32/bin/libneopixel32.a(neopixel32.o)
                              ./bin/sys_ws2812.o (NP32_Init)
../lib/libstm32f1hal/bin/libstm32f1hal.a(stm32f1xx_hal.o)
                              ./bin/main.o (HAL_Init)
../lib/libstm32f1hal/bin/libstm32f1hal.a(stm32f1xx_hal_cortex.o)
                              ../lib/libstm32f1hal/bin/libstm32f1hal.a(stm32f1xx_hal.o) (HAL_NVIC_SetPriorityGrouping)
../lib/libstm32f1hal/bin/libstm32f1hal.a(stm32f1xx_hal_dma.o)
                              ./bin/sys_timer.o (HAL_DMA_Init)
../lib/libstm32f1hal/bin/libstm32f1hal.a(stm32f1xx_hal_gpio.o)
                              ./bin/sys_gpio.o (HAL_GPIO_Init)
../lib/libstm32f1hal/bin/libstm32f1hal.a(stm32f1xx_hal_i2c.o)
                              ./bin/sys_i2c.o (HAL_I2C_Init)
../lib/libstm32f1hal/bin/libstm32f1hal.a(stm32f1xx_hal_rcc.o)
                              ./bin/sys_clock.o (HAL_RCC_OscConfig)
../lib/libstm32f1hal/bin/libstm32f1hal.a(stm32f1xx_hal_tim.o)
                              ./bin/sys_timer.o (HAL_TIM_PWM_ConfigChannel)
../lib/libstm32f1hal/bin/libstm32f1hal.a(stm32f1xx_hal_tim_ex.o)
                              ../lib/libstm32f1hal/bin/libstm32f1hal.a(stm32f1xx_hal_tim.o) (TIMEx_DMACommutationCplt)
../lib/libstm32f1hal/bin/libstm32f1hal.a(stm32f1xx_hal_uart.o)
                              ./bin/main.o (HAL_UART_Transmit)
/usr/lib/gcc/arm-none-eabi/6.3.1/../../../arm-none-eabi/lib/thumb/v7-m/libc_nano.a(lib_a-atexit.o)
                              /usr/lib/gcc/arm-none-eabi/6.3.1/../../../arm-none-eabi/lib/thumb/v7-m/crt0.o (atexit)
/usr/lib/gcc/arm-none-eabi/6.3.1/../../../arm-none-eabi/lib/thumb/v7-m/libc_nano.a(lib_a-calloc.o)
                              ../lib/libneopixel32/bin/libneopixel32.a(neopixel32.o) (calloc)
/usr/lib/gcc/arm-none-eabi/6.3.1/../../../arm-none-eabi/lib/thumb/v7-m/libc_nano.a(lib_a-exit.o)
                              /usr/lib/gcc/arm-none-eabi/6.3.1/../../../arm-none-eabi/lib/thumb/v7-m/crt0.o (exit)
/usr/lib/gcc/arm-none-eabi/6.3.1/../../../arm-none-eabi/lib/thumb/v7-m/libc_nano.a(lib_a-fini.o)
                              /usr/lib/gcc/arm-none-eabi/6.3.1/../../../arm-none-eabi/lib/thumb/v7-m/crt0.o (__libc_fini_array)
/usr/lib/gcc/arm-none-eabi/6.3.1/../../../arm-none-eabi/lib/thumb/v7-m/libc_nano.a(lib_a-impure.o)
                              /usr/lib/gcc/arm-none-eabi/6.3.1/../../../arm-none-eabi/lib/thumb/v7-m/libc_nano.a(lib_a-exit.o) (_global_impure_ptr)
/usr/lib/gcc/arm-none-eabi/6.3.1/../../../arm-none-eabi/lib/thumb/v7-m/libc_nano.a(lib_a-init.o)
                              /usr/lib/gcc/arm-none-eabi/6.3.1/../../../arm-none-eabi/lib/thumb/v7-m/crt0.o (__libc_init_array)
/usr/lib/gcc/arm-none-eabi/6.3.1/../../../arm-none-eabi/lib/thumb/v7-m/libc_nano.a(lib_a-malloc.o)
                              ./bin/main.o (malloc)
/usr/lib/gcc/arm-none-eabi/6.3.1/../../../arm-none-eabi/lib/thumb/v7-m/libc_nano.a(lib_a-memset.o)
                              /usr/lib/gcc/arm-none-eabi/6.3.1/../../../arm-none-eabi/lib/thumb/v7-m/crt0.o (memset)
/usr/lib/gcc/arm-none-eabi/6.3.1/../../../arm-none-eabi/lib/thumb/v7-m/libc_nano.a(lib_a-nano-callocr.o)
                              /usr/lib/gcc/arm-none-eabi/6.3.1/../../../arm-none-eabi/lib/thumb/v7-m/libc_nano.a(lib_a-calloc.o) (_calloc_r)
/usr/lib/gcc/arm-none-eabi/6.3.1/../../../arm-none-eabi/lib/thumb/v7-m/libc_nano.a(lib_a-nano-freer.o)
                              /usr/lib/gcc/arm-none-eabi/6.3.1/../../../arm-none-eabi/lib/thumb/v7-m/libc_nano.a(lib_a-malloc.o) (_free_r)
/usr/lib/gcc/arm-none-eabi/6.3.1/../../../arm-none-eabi/lib/thumb/v7-m/libc_nano.a(lib_a-nano-mallocr.o)
                              /usr/lib/gcc/arm-none-eabi/6.3.1/../../../arm-none-eabi/lib/thumb/v7-m/libc_nano.a(lib_a-malloc.o) (_malloc_r)
/usr/lib/gcc/arm-none-eabi/6.3.1/../../../arm-none-eabi/lib/thumb/v7-m/libc_nano.a(lib_a-sbrkr.o)
                              /usr/lib/gcc/arm-none-eabi/6.3.1/../../../arm-none-eabi/lib/thumb/v7-m/libc_nano.a(lib_a-nano-mallocr.o) (_sbrk_r)
/usr/lib/gcc/arm-none-eabi/6.3.1/../../../arm-none-eabi/lib/thumb/v7-m/libc_nano.a(lib_a-sprintf.o)
                              ./bin/main.o (sprintf)
/usr/lib/gcc/arm-none-eabi/6.3.1/../../../arm-none-eabi/lib/thumb/v7-m/libc_nano.a(lib_a-__atexit.o)
                              /usr/lib/gcc/arm-none-eabi/6.3.1/../../../arm-none-eabi/lib/thumb/v7-m/libc_nano.a(lib_a-atexit.o) (__register_exitproc)
/usr/lib/gcc/arm-none-eabi/6.3.1/../../../arm-none-eabi/lib/thumb/v7-m/libc_nano.a(lib_a-__call_atexit.o)
                              /usr/lib/gcc/arm-none-eabi/6.3.1/../../../arm-none-eabi/lib/thumb/v7-m/libc_nano.a(lib_a-__atexit.o) (__call_exitprocs)
/usr/lib/gcc/arm-none-eabi/6.3.1/../../../arm-none-eabi/lib/thumb/v7-m/libc_nano.a(lib_a-nano-svfprintf.o)
[...]
Memory Configuration

Name             Origin             Length             Attributes
FLASH            0x0000000008000000 0x0000000000080000 xr
RAM              0x0000000020000000 0x0000000000010000 xrw
*default*        0x0000000000000000 0xffffffffffffffff

Linker script and memory map

LOAD /usr/lib/gcc/arm-none-eabi/6.3.1/thumb/v7-m/crti.o
LOAD /usr/lib/gcc/arm-none-eabi/6.3.1/thumb/v7-m/crtbegin.o
LOAD /usr/lib/gcc/arm-none-eabi/6.3.1/../../../arm-none-eabi/lib/thumb/v7-m/crt0.o
LOAD ./bin/main.o
LOAD ./bin/mcu_init.o
LOAD ./bin/isr.o
LOAD ./bin/error.o
LOAD ./bin/sys_clock.o
LOAD ./bin/sys_gpio.o
LOAD ./bin/sys_init.o
LOAD ./bin/sys_pca9555.o
LOAD ./bin/sys_i2c.o
LOAD ./bin/sys_usart.o
LOAD ./bin/sys_hwb.o
LOAD ./bin/sys_timer.o
LOAD ./bin/sys_ws2812.o
LOAD ./bin/sys_dma.o
LOAD ./bin/startup_stm32f103xe.o
LOAD ../lib/libpca9555/bin/libpca9555.a
LOAD ../lib/libneopixel32/bin/libneopixel32.a
LOAD ../lib/libstm32f1hal/bin/libstm32f1hal.a
LOAD /usr/lib/gcc/arm-none-eabi/6.3.1/../../../arm-none-eabi/lib/thumb/v7-m/libc_nano.a
LOAD /usr/lib/gcc/arm-none-eabi/6.3.1/../../../arm-none-eabi/lib/thumb/v7-m/libm.a
LOAD /usr/lib/gcc/arm-none-eabi/6.3.1/../../../arm-none-eabi/lib/thumb/v7-m/libnosys.a
START GROUP
LOAD /usr/lib/gcc/arm-none-eabi/6.3.1/thumb/v7-m/libgcc.a
LOAD /usr/lib/gcc/arm-none-eabi/6.3.1/../../../arm-none-eabi/lib/thumb/v7-m/libc_nano.a
END GROUP
START GROUP
LOAD /usr/lib/gcc/arm-none-eabi/6.3.1/thumb/v7-m/libgcc.a
LOAD /usr/lib/gcc/arm-none-eabi/6.3.1/../../../arm-none-eabi/lib/thumb/v7-m/libc_nano.a
END GROUP
LOAD /usr/lib/gcc/arm-none-eabi/6.3.1/thumb/v7-m/crtend.o
LOAD /usr/lib/gcc/arm-none-eabi/6.3.1/thumb/v7-m/crtn.o
                0x000000002000ffff                _estack = 0x2000ffff
                0x0000000000000200                _Min_Heap_Size = 0x200
                0x0000000000000400                _Min_Stack_Size = 0x400

.isr_vector     0x0000000008000000      0x1e4
                0x0000000008000000                . = ALIGN (0x4)
 *(.isr_vector)
 .isr_vector    0x0000000008000000      0x1e4 ./bin/startup_stm32f103xe.o
                0x0000000008000000                g_pfnVectors
                0x00000000080001e4                . = ALIGN (0x4)

.text           0x00000000080001e4     0x3524
                0x00000000080001e4                . = ALIGN (0x4)
 *(.text)
 .text          0x00000000080001e4       0xa4 /usr/lib/gcc/arm-none-eabi/6.3.1/thumb/v7-m/crtbegin.o
 .text          0x0000000008000288       0x10 /usr/lib/gcc/arm-none-eabi/6.3.1/../../../arm-none-eabi/lib/thumb/v7-m/libc_nano.a(lib_a-calloc.o)
                0x0000000008000288                calloc
 .text          0x0000000008000298       0x50 /usr/lib/gcc/arm-none-eabi/6.3.1/../../../arm-none-eabi/lib/thumb/v7-m/libc_nano.a(lib_a-init.o)
                0x0000000008000298                __libc_init_array
 .text          0x00000000080002e8       0x20 /usr/lib/gcc/arm-none-eabi/6.3.1/../../../arm-none-eabi/lib/thumb/v7-m/libc_nano.a(lib_a-malloc.o)
                0x00000000080002e8                malloc
                0x00000000080002f8                free
 .text          0x0000000008000308       0x9c /usr/lib/gcc/arm-none-eabi/6.3.1/../../../arm-none-eabi/lib/thumb/v7-m/libc_nano.a(lib_a-memset.o)
                0x0000000008000308                memset
 .text          0x00000000080003a4       0x1c /usr/lib/gcc/arm-none-eabi/6.3.1/../../../arm-none-eabi/lib/thumb/v7-m/libc_nano.a(lib_a-nano-callocr.o)
                0x00000000080003a4                _calloc_r
 .text          0x00000000080003c0       0x90 /usr/lib/gcc/arm-none-eabi/6.3.1/../../../arm-none-eabi/lib/thumb/v7-m/libc_nano.a(lib_a-nano-freer.o)
                0x00000000080003c0                _free_r
 .text          0x0000000008000450       0xbc /usr/lib/gcc/arm-none-eabi/6.3.1/../../../arm-none-eabi/lib/thumb/v7-m/libc_nano.a(lib_a-nano-mallocr.o)
                0x0000000008000450                _malloc_r
 .text          0x000000000800050c       0x24 /usr/lib/gcc/arm-none-eabi/6.3.1/../../../arm-none-eabi/lib/thumb/v7-m/libc_nano.a(lib_a-sbrkr.o)
                0x000000000800050c                _sbrk_r
 .text          0x0000000008000530       0x90 /usr/lib/gcc/arm-none-eabi/6.3.1/../../../arm-none-eabi/lib/thumb/v7-m/libc_nano.a(lib_a-sprintf.o)
                0x0000000008000530                _siprintf_r
                0x0000000008000530                _sprintf_r
                0x0000000008000574                sprintf
                0x0000000008000574                siprintf
 .text          0x00000000080005c0      0x408 /usr/lib/gcc/arm-none-eabi/6.3.1/../../../arm-none-eabi/lib/thumb/v7-m/libc_nano.a(lib_a-nano-svfprintf.o)
                0x00000000080005c0                __ssputs_r
                0x0000000008000684                __ssprint_r
                0x0000000008000780                _svfprintf_r
                0x0000000008000780                _svfiprintf_r
 .text          0x00000000080009c8      0x3cc /usr/lib/gcc/arm-none-eabi/6.3.1/../../../arm-none-eabi/lib/thumb/v7-m/libc_nano.a(lib_a-nano-vfprintf_i.o)
                0x00000000080009c8                _printf_common
                0x0000000008000af8                _printf_i
 .text          0x0000000008000d94       0x8c /usr/lib/gcc/arm-none-eabi/6.3.1/../../../arm-none-eabi/lib/thumb/v7-m/libc_nano.a(lib_a-memchr-stub.o)
                0x0000000008000d94                memchr
 .text          0x0000000008000e20       0xec /usr/lib/gcc/arm-none-eabi/6.3.1/../../../arm-none-eabi/lib/thumb/v7-m/libc_nano.a(lib_a-memcpy.o)
                0x0000000008000e20                memcpy
 .text          0x0000000008000f0c       0xc8 /usr/lib/gcc/arm-none-eabi/6.3.1/../../../arm-none-eabi/lib/thumb/v7-m/libc_nano.a(lib_a-memmove.o)
                0x0000000008000f0c                memmove
 .text          0x0000000008000fd4       0x50 /usr/lib/gcc/arm-none-eabi/6.3.1/../../../arm-none-eabi/lib/thumb/v7-m/libc_nano.a(lib_a-nano-reallocr.o)
                0x0000000008000fd4                _realloc_r
 .text          0x0000000008001024       0x14 /usr/lib/gcc/arm-none-eabi/6.3.1/../../../arm-none-eabi/lib/thumb/v7-m/libc_nano.a(lib_a-nano-msizer.o)
                0x0000000008001024                _malloc_usable_size_r
 .text          0x0000000008001038       0x1c /usr/lib/gcc/arm-none-eabi/6.3.1/../../../arm-none-eabi/lib/thumb/v7-m/libnosys.a(sbrk.o)
                0x0000000008001038                _sbrk
 *(.text*)
 .text.startup.main
                0x0000000008001054      0x128 ./bin/main.o
                0x0000000008001054                main
 .text.HAL_MspInit
                0x000000000800117c       0x30 ./bin/main.o
                0x000000000800117c                HAL_MspInit
 .text.SystemInit
                0x00000000080011ac       0x4c ./bin/mcu_init.o
                0x00000000080011ac                SystemInit
 .text.NMI_Handler
                0x00000000080011f8        0x2 ./bin/isr.o
                0x00000000080011f8                NMI_Handler
 .text.HardFault_Handler
                0x00000000080011fa        0x2 ./bin/isr.o
                0x00000000080011fa                HardFault_Handler
 .text.MemManage_Handler
                0x00000000080011fc        0x2 ./bin/isr.o
                0x00000000080011fc                MemManage_Handler
 .text.BusFault_Handler
                0x00000000080011fe        0x2 ./bin/isr.o
                0x00000000080011fe                BusFault_Handler
 .text.UsageFault_Handler
                0x0000000008001200        0x2 ./bin/isr.o
                0x0000000008001200                UsageFault_Handler
 .text.SVC_Handler
                0x0000000008001202        0x2 ./bin/isr.o
                0x0000000008001202                SVC_Handler
 .text.DebugMon_Handler
                0x0000000008001204        0x2 ./bin/isr.o
                0x0000000008001204                DebugMon_Handler
 .text.PendSV_Handler
                0x0000000008001206        0x2 ./bin/isr.o
                0x0000000008001206                PendSV_Handler
 .text.SysTick_Handler
                0x0000000008001208        0x4 ./bin/isr.o
                0x0000000008001208                SysTick_Handler
 .text.DMA1_Channel3_IRQHandler
                0x000000000800120c        0xc ./bin/isr.o
                0x000000000800120c                DMA1_Channel3_IRQHandler
 .text.SYS_ThrowError
                0x0000000008001218       0x24 ./bin/error.o
                0x0000000008001218                SYS_ThrowError
 .text.SYS_Clock_Init
                0x000000000800123c       0x70 ./bin/sys_clock.o
                0x000000000800123c                SYS_Clock_Init
 .text.SYS_GPIO_Init
                0x00000000080012ac      0x124 ./bin/sys_gpio.o
                0x00000000080012ac                SYS_GPIO_Init
 .text.SYS_Init
                0x00000000080013d0       0x68 ./bin/sys_init.o
                0x00000000080013d0                SYS_Init
 .text.SYS_PostPortInit
                0x0000000008001438       0x18 ./bin/sys_init.o
                0x0000000008001438                SYS_PostPortInit
 .text.SYS_PostLibInit
                0x0000000008001450        0x2 ./bin/sys_init.o
                0x0000000008001450                SYS_PostLibInit
 *fill*         0x0000000008001452        0x2 
 .text._SYS_PCA9555_I2C_Read_Func
                0x0000000008001454       0x3c ./bin/sys_pca9555.o
 .text._SYS_PCA9555_I2C_Write_Func
                0x0000000008001490       0x2c ./bin/sys_pca9555.o
 .text.SYS_PCA9555_Init
                0x00000000080014bc       0x78 ./bin/sys_pca9555.o
                0x00000000080014bc                SYS_PCA9555_Init
 .text._SYS_I2C1_MspDeInitCallback
                0x0000000008001534       0x1c ./bin/sys_i2c.o
 .text._SYS_I2C1_MspInitCallback
                0x0000000008001550       0x54 ./bin/sys_i2c.o
 .text.SYS_I2C_Init
                0x00000000080015a4       0x70 ./bin/sys_i2c.o
                0x00000000080015a4                SYS_I2C_Init
 .text._SYS_USART1_MspDeInitCallback
                0x0000000008001614       0x1c ./bin/sys_usart.o
 .text._SYS_USART1_MspInitCallback
                0x0000000008001630       0x6c ./bin/sys_usart.o
 .text.SYS_USART_Init
                0x000000000800169c       0x68 ./bin/sys_usart.o
                0x000000000800169c                SYS_USART_Init
 .text.SYS_HWB_Read
                0x0000000008001704       0x64 ./bin/sys_hwb.o
                0x0000000008001704                SYS_HWB_Read
 .text._SYS_Timer3_PWM_MspDeInit_Callback
                0x0000000008001768       0x24 ./bin/sys_timer.o
 .text._SYS_Timer3_PWM_MspInit_Callback
                0x000000000800178c       0x74 ./bin/sys_timer.o
 .text.SYS_Timer_Init
                0x0000000008001800      0x114 ./bin/sys_timer.o
                0x0000000008001800                SYS_Timer_Init
 .text._NP32_StartDMA_Call
                0x0000000008001914        0x4 ./bin/sys_ws2812.o
 .text.SYS_WS2812_Init
                0x0000000008001918       0x48 ./bin/sys_ws2812.o
                0x0000000008001918                SYS_WS2812_Init
 .text.SYS_DMA_Init
                0x0000000008001960       0x30 ./bin/sys_dma.o
                0x0000000008001960                SYS_DMA_Init
 .text.Reset_Handler
                0x0000000008001990       0x48 ./bin/startup_stm32f103xe.o
                0x0000000008001990                Reset_Handler
 .text.Default_Handler
                0x00000000080019d8        0x2 ./bin/startup_stm32f103xe.o
                0x00000000080019d8                RTC_Alarm_IRQHandler
                0x00000000080019d8                EXTI2_IRQHandler
                0x00000000080019d8                TIM8_TRG_COM_IRQHandler
                0x00000000080019d8                TIM8_CC_IRQHandler
                0x00000000080019d8                TIM1_CC_IRQHandler
                0x00000000080019d8                TIM6_IRQHandler
                0x00000000080019d8                PVD_IRQHandler
                0x00000000080019d8                SDIO_IRQHandler
                0x00000000080019d8                EXTI3_IRQHandler
                0x00000000080019d8                EXTI0_IRQHandler
                0x00000000080019d8                I2C2_EV_IRQHandler
                0x00000000080019d8                ADC1_2_IRQHandler
                0x00000000080019d8                SPI1_IRQHandler
                0x00000000080019d8                TAMPER_IRQHandler
                0x00000000080019d8                TIM8_UP_IRQHandler
                0x00000000080019d8                DMA2_Channel2_IRQHandler
                0x00000000080019d8                DMA1_Channel4_IRQHandler
                0x00000000080019d8                USART3_IRQHandler
                0x00000000080019d8                RTC_IRQHandler
                0x00000000080019d8                DMA1_Channel7_IRQHandler
                0x00000000080019d8                CAN1_RX1_IRQHandler
                0x00000000080019d8                UART5_IRQHandler
                0x00000000080019d8                ADC3_IRQHandler
                0x00000000080019d8                TIM4_IRQHandler
                0x00000000080019d8                DMA2_Channel1_IRQHandler
                0x00000000080019d8                I2C1_EV_IRQHandler
                0x00000000080019d8                DMA1_Channel6_IRQHandler
                0x00000000080019d8                UART4_IRQHandler
                0x00000000080019d8                TIM3_IRQHandler
                0x00000000080019d8                RCC_IRQHandler
                0x00000000080019d8                TIM1_TRG_COM_IRQHandler
                0x00000000080019d8                DMA1_Channel1_IRQHandler
                0x00000000080019d8                Default_Handler
                0x00000000080019d8                EXTI15_10_IRQHandler
                0x00000000080019d8                TIM7_IRQHandler
                0x00000000080019d8                TIM5_IRQHandler
                0x00000000080019d8                EXTI9_5_IRQHandler
                0x00000000080019d8                SPI2_IRQHandler
                0x00000000080019d8                DMA1_Channel5_IRQHandler
                0x00000000080019d8                EXTI4_IRQHandler
                0x00000000080019d8                USB_LP_CAN1_RX0_IRQHandler
                0x00000000080019d8                USB_HP_CAN1_TX_IRQHandler
                0x00000000080019d8                FSMC_IRQHandler
                0x00000000080019d8                TIM1_UP_IRQHandler
                0x00000000080019d8                WWDG_IRQHandler
                0x00000000080019d8                TIM2_IRQHandler
                0x00000000080019d8                TIM1_BRK_IRQHandler
                0x00000000080019d8                EXTI1_IRQHandler
                0x00000000080019d8                DMA2_Channel4_5_IRQHandler
                0x00000000080019d8                USART2_IRQHandler
                0x00000000080019d8                I2C2_ER_IRQHandler
                0x00000000080019d8                DMA1_Channel2_IRQHandler
                0x00000000080019d8                TIM8_BRK_IRQHandler
                0x00000000080019d8                CAN1_SCE_IRQHandler
                0x00000000080019d8                FLASH_IRQHandler
                0x00000000080019d8                USART1_IRQHandler
                0x00000000080019d8                SPI3_IRQHandler
                0x00000000080019d8                I2C1_ER_IRQHandler
                0x00000000080019d8                USBWakeUp_IRQHandler
                0x00000000080019d8                DMA2_Channel3_IRQHandler
 *fill*         0x00000000080019da        0x2 
 .text._PCA9555_WriteRegister.isra.0
                0x00000000080019dc       0x24 ../lib/libpca9555/bin/libpca9555.a(pca9555.o)
 .text._PCA9555_UpdateCfgRegisterFromBuf
                0x0000000008001a00       0x1a ../lib/libpca9555/bin/libpca9555.a(pca9555.o)
 .text._PCA9555_UpdateStateRegisterFromBuf
                0x0000000008001a1a       0x1a ../lib/libpca9555/bin/libpca9555.a(pca9555.o)
 .text.PCA9555_LibInit
                0x0000000008001a34       0x10 ../lib/libpca9555/bin/libpca9555.a(pca9555.o)
                0x0000000008001a34                PCA9555_LibInit
 .text.PCA9555_WritePort
                0x0000000008001a44       0x12 ../lib/libpca9555/bin/libpca9555.a(pca9555.o)
                0x0000000008001a44                PCA9555_WritePort
 .text.PCA9555_ConfigPortPinMode
                0x0000000008001a56       0x12 ../lib/libpca9555/bin/libpca9555.a(pca9555.o)
                0x0000000008001a56                PCA9555_ConfigPortPinMode
 .text.NP32_Init
                0x0000000008001a68       0x3a ../lib/libneopixel32/bin/libneopixel32.a(neopixel32.o)
                0x0000000008001a68                NP32_Init
 .text.NP32_Update
                0x0000000008001aa2      0x10c ../lib/libneopixel32/bin/libneopixel32.a(neopixel32.o)
                0x0000000008001aa2                NP32_Update
 .text.NP32_SetAllLEDs_RGB
                0x0000000008001bae       0x32 ../lib/libneopixel32/bin/libneopixel32.a(neopixel32.o)
                0x0000000008001bae                NP32_SetAllLEDs_RGB
 .text.HAL_InitTick
                0x0000000008001be0       0x48 ../lib/libstm32f1hal/bin/libstm32f1hal.a(stm32f1xx_hal.o)
                0x0000000008001be0                HAL_InitTick
 .text.HAL_Init
                0x0000000008001c28       0x24 ../lib/libstm32f1hal/bin/libstm32f1hal.a(stm32f1xx_hal.o)
                0x0000000008001c28                HAL_Init
 .text.HAL_IncTick
                0x0000000008001c4c       0x18 ../lib/libstm32f1hal/bin/libstm32f1hal.a(stm32f1xx_hal.o)
                0x0000000008001c4c                HAL_IncTick
 .text.HAL_GetTick
                0x0000000008001c64        0xc ../lib/libstm32f1hal/bin/libstm32f1hal.a(stm32f1xx_hal.o)
                0x0000000008001c64                HAL_GetTick
 .text.HAL_Delay
                0x0000000008001c70       0x24 ../lib/libstm32f1hal/bin/libstm32f1hal.a(stm32f1xx_hal.o)
                0x0000000008001c70                HAL_Delay
 .text.HAL_NVIC_SetPriorityGrouping
                0x0000000008001c94       0x24 ../lib/libstm32f1hal/bin/libstm32f1hal.a(stm32f1xx_hal_cortex.o)
                0x0000000008001c94                HAL_NVIC_SetPriorityGrouping
 .text.HAL_NVIC_SetPriority
                0x0000000008001cb8       0x68 ../lib/libstm32f1hal/bin/libstm32f1hal.a(stm32f1xx_hal_cortex.o)
                0x0000000008001cb8                HAL_NVIC_SetPriority
 .text.HAL_NVIC_EnableIRQ
                0x0000000008001d20       0x1c ../lib/libstm32f1hal/bin/libstm32f1hal.a(stm32f1xx_hal_cortex.o)
                0x0000000008001d20                HAL_NVIC_EnableIRQ
 .text.HAL_SYSTICK_Config
                0x0000000008001d3c       0x2c ../lib/libstm32f1hal/bin/libstm32f1hal.a(stm32f1xx_hal_cortex.o)
                0x0000000008001d3c                HAL_SYSTICK_Config
 .text.HAL_DMA_Init
                0x0000000008001d68       0x80 ../lib/libstm32f1hal/bin/libstm32f1hal.a(stm32f1xx_hal_dma.o)
                0x0000000008001d68                HAL_DMA_Init
 .text.HAL_DMA_DeInit
                0x0000000008001de8       0x7c ../lib/libstm32f1hal/bin/libstm32f1hal.a(stm32f1xx_hal_dma.o)
                0x0000000008001de8                HAL_DMA_DeInit
 .text.HAL_DMA_IRQHandler
                0x0000000008001e64      0x1b8 ../lib/libstm32f1hal/bin/libstm32f1hal.a(stm32f1xx_hal_dma.o)
                0x0000000008001e64                HAL_DMA_IRQHandler
 .text.HAL_GPIO_Init
                0x000000000800201c      0x1d8 ../lib/libstm32f1hal/bin/libstm32f1hal.a(stm32f1xx_hal_gpio.o)
                0x000000000800201c                HAL_GPIO_Init
 .text.HAL_GPIO_DeInit
                0x00000000080021f4      0x100 ../lib/libstm32f1hal/bin/libstm32f1hal.a(stm32f1xx_hal_gpio.o)
                0x00000000080021f4                HAL_GPIO_DeInit
 .text.HAL_GPIO_ReadPin
                0x00000000080022f4        0xc ../lib/libstm32f1hal/bin/libstm32f1hal.a(stm32f1xx_hal_gpio.o)
                0x00000000080022f4                HAL_GPIO_ReadPin
 .text.HAL_GPIO_WritePin
                0x0000000008002300        0xa ../lib/libstm32f1hal/bin/libstm32f1hal.a(stm32f1xx_hal_gpio.o)
                0x0000000008002300                HAL_GPIO_WritePin
 .text.HAL_I2C_AddrCallback
                0x000000000800230a        0x2 ../lib/libstm32f1hal/bin/libstm32f1hal.a(stm32f1xx_hal_i2c.o)
                0x000000000800230a                HAL_I2C_AddrCallback
 .text.HAL_I2C_AbortCpltCallback
                0x000000000800230c        0x2 ../lib/libstm32f1hal/bin/libstm32f1hal.a(stm32f1xx_hal_i2c.o)
                0x000000000800230c                HAL_I2C_AbortCpltCallback
 .text.I2C_IsAcknowledgeFailed
                0x000000000800230e       0x32 ../lib/libstm32f1hal/bin/libstm32f1hal.a(stm32f1xx_hal_i2c.o)
 .text.I2C_WaitOnMasterAddressFlagUntilTimeout
                0x0000000008002340       0x8a ../lib/libstm32f1hal/bin/libstm32f1hal.a(stm32f1xx_hal_i2c.o)
 .text.I2C_WaitOnBTFFlagUntilTimeout
                0x00000000080023ca       0x4c ../lib/libstm32f1hal/bin/libstm32f1hal.a(stm32f1xx_hal_i2c.o)
 .text.HAL_I2C_ErrorCallback
                0x0000000008002416        0x2 ../lib/libstm32f1hal/bin/libstm32f1hal.a(stm32f1xx_hal_i2c.o)
                0x0000000008002416                HAL_I2C_ErrorCallback
 .text.HAL_I2C_MspInit
                0x0000000008002418        0x2 ../lib/libstm32f1hal/bin/libstm32f1hal.a(stm32f1xx_hal_i2c.o)
                0x0000000008002418                HAL_I2C_MspInit
 .text.HAL_I2C_MasterTxCpltCallback
                0x000000000800241a        0x2 ../lib/libstm32f1hal/bin/libstm32f1hal.a(stm32f1xx_hal_i2c.o)
                0x000000000800241a                HAL_I2C_MasterTxCpltCallback
 .text.HAL_I2C_MasterRxCpltCallback
                0x000000000800241c        0x2 ../lib/libstm32f1hal/bin/libstm32f1hal.a(stm32f1xx_hal_i2c.o)
                0x000000000800241c                HAL_I2C_MasterRxCpltCallback
 .text.HAL_I2C_SlaveTxCpltCallback
                0x000000000800241e        0x2 ../lib/libstm32f1hal/bin/libstm32f1hal.a(stm32f1xx_hal_i2c.o)
                0x000000000800241e                HAL_I2C_SlaveTxCpltCallback
 .text.HAL_I2C_SlaveRxCpltCallback
                0x0000000008002420        0x2 ../lib/libstm32f1hal/bin/libstm32f1hal.a(stm32f1xx_hal_i2c.o)
                0x0000000008002420                HAL_I2C_SlaveRxCpltCallback
 .text.HAL_I2C_ListenCpltCallback
                0x0000000008002422        0x2 ../lib/libstm32f1hal/bin/libstm32f1hal.a(stm32f1xx_hal_i2c.o)
                0x0000000008002422                HAL_I2C_ListenCpltCallback
 .text.HAL_I2C_MemTxCpltCallback
                0x0000000008002424        0x2 ../lib/libstm32f1hal/bin/libstm32f1hal.a(stm32f1xx_hal_i2c.o)
                0x0000000008002424                HAL_I2C_MemTxCpltCallback
 .text.HAL_I2C_MemRxCpltCallback
                0x0000000008002426        0x2 ../lib/libstm32f1hal/bin/libstm32f1hal.a(stm32f1xx_hal_i2c.o)
                0x0000000008002426                HAL_I2C_MemRxCpltCallback
 .text.I2C_WaitOnRXNEFlagUntilTimeout
                0x0000000008002428       0x5e ../lib/libstm32f1hal/bin/libstm32f1hal.a(stm32f1xx_hal_i2c.o)
 .text.I2C_WaitOnFlagUntilTimeout
                0x0000000008002486       0x64 ../lib/libstm32f1hal/bin/libstm32f1hal.a(stm32f1xx_hal_i2c.o)
 .text.I2C_WaitOnTXEFlagUntilTimeout
                0x00000000080024ea       0x4c ../lib/libstm32f1hal/bin/libstm32f1hal.a(stm32f1xx_hal_i2c.o)
 *fill*         0x0000000008002536        0x2 
 .text.HAL_I2C_Init
                0x0000000008002538      0x1a8 ../lib/libstm32f1hal/bin/libstm32f1hal.a(stm32f1xx_hal_i2c.o)
                0x0000000008002538                HAL_I2C_Init
 .text.HAL_I2C_Master_Transmit
                0x00000000080026e0      0x19c ../lib/libstm32f1hal/bin/libstm32f1hal.a(stm32f1xx_hal_i2c.o)
                0x00000000080026e0                HAL_I2C_Master_Transmit
 .text.HAL_I2C_Master_Receive
                0x000000000800287c      0x2f0 ../lib/libstm32f1hal/bin/libstm32f1hal.a(stm32f1xx_hal_i2c.o)
                0x000000000800287c                HAL_I2C_Master_Receive
 .text.HAL_RCC_OscConfig
                0x0000000008002b6c      0x33c ../lib/libstm32f1hal/bin/libstm32f1hal.a(stm32f1xx_hal_rcc.o)
                0x0000000008002b6c                HAL_RCC_OscConfig
 .text.HAL_RCC_GetSysClockFreq
                0x0000000008002ea8       0x84 ../lib/libstm32f1hal/bin/libstm32f1hal.a(stm32f1xx_hal_rcc.o)
                0x0000000008002ea8                HAL_RCC_GetSysClockFreq
 .text.HAL_RCC_ClockConfig
                0x0000000008002f2c      0x13c ../lib/libstm32f1hal/bin/libstm32f1hal.a(stm32f1xx_hal_rcc.o)
                0x0000000008002f2c                HAL_RCC_ClockConfig
 .text.HAL_RCC_GetPCLK1Freq
                0x0000000008003068       0x20 ../lib/libstm32f1hal/bin/libstm32f1hal.a(stm32f1xx_hal_rcc.o)
                0x0000000008003068                HAL_RCC_GetPCLK1Freq
 .text.HAL_RCC_GetPCLK2Freq
                0x0000000008003088       0x20 ../lib/libstm32f1hal/bin/libstm32f1hal.a(stm32f1xx_hal_rcc.o)
                0x0000000008003088                HAL_RCC_GetPCLK2Freq
 .text.HAL_TIM_ErrorCallback
                0x00000000080030a8        0x2 ../lib/libstm32f1hal/bin/libstm32f1hal.a(stm32f1xx_hal_tim.o)
                0x00000000080030a8                HAL_TIM_ErrorCallback
 *fill*         0x00000000080030aa        0x2 
 .text.TIM_OC1_SetConfig
                0x00000000080030ac       0x64 ../lib/libstm32f1hal/bin/libstm32f1hal.a(stm32f1xx_hal_tim.o)
 .text.TIM_OC3_SetConfig
                0x0000000008003110       0x6c ../lib/libstm32f1hal/bin/libstm32f1hal.a(stm32f1xx_hal_tim.o)
 .text.TIM_OC4_SetConfig
                0x000000000800317c       0x4c ../lib/libstm32f1hal/bin/libstm32f1hal.a(stm32f1xx_hal_tim.o)
 .text.HAL_TIM_PWM_MspInit
                0x00000000080031c8        0x2 ../lib/libstm32f1hal/bin/libstm32f1hal.a(stm32f1xx_hal_tim.o)
                0x00000000080031c8                HAL_TIM_PWM_MspInit
 .text.HAL_TIM_PeriodElapsedCallback
                0x00000000080031ca        0x2 ../lib/libstm32f1hal/bin/libstm32f1hal.a(stm32f1xx_hal_tim.o)
                0x00000000080031ca                HAL_TIM_PeriodElapsedCallback
 .text.HAL_TIM_PeriodElapsedHalfCpltCallback
                0x00000000080031cc        0x2 ../lib/libstm32f1hal/bin/libstm32f1hal.a(stm32f1xx_hal_tim.o)
                0x00000000080031cc                HAL_TIM_PeriodElapsedHalfCpltCallback
 .text.HAL_TIM_OC_DelayElapsedCallback
                0x00000000080031ce        0x2 ../lib/libstm32f1hal/bin/libstm32f1hal.a(stm32f1xx_hal_tim.o)
                0x00000000080031ce                HAL_TIM_OC_DelayElapsedCallback
 .text.HAL_TIM_IC_CaptureCallback
                0x00000000080031d0        0x2 ../lib/libstm32f1hal/bin/libstm32f1hal.a(stm32f1xx_hal_tim.o)
                0x00000000080031d0                HAL_TIM_IC_CaptureCallback
 .text.HAL_TIM_IC_CaptureHalfCpltCallback
                0x00000000080031d2        0x2 ../lib/libstm32f1hal/bin/libstm32f1hal.a(stm32f1xx_hal_tim.o)
                0x00000000080031d2                HAL_TIM_IC_CaptureHalfCpltCallback
 .text.HAL_TIM_PWM_PulseFinishedCallback
                0x00000000080031d4        0x2 ../lib/libstm32f1hal/bin/libstm32f1hal.a(stm32f1xx_hal_tim.o)
                0x00000000080031d4                HAL_TIM_PWM_PulseFinishedCallback
 .text.HAL_TIM_PWM_PulseFinishedHalfCpltCallback
                0x00000000080031d6        0x2 ../lib/libstm32f1hal/bin/libstm32f1hal.a(stm32f1xx_hal_tim.o)
                0x00000000080031d6                HAL_TIM_PWM_PulseFinishedHalfCpltCallback
 .text.HAL_TIM_TriggerCallback
                0x00000000080031d8        0x2 ../lib/libstm32f1hal/bin/libstm32f1hal.a(stm32f1xx_hal_tim.o)
                0x00000000080031d8                HAL_TIM_TriggerCallback
 .text.HAL_TIM_TriggerHalfCpltCallback
                0x00000000080031da        0x2 ../lib/libstm32f1hal/bin/libstm32f1hal.a(stm32f1xx_hal_tim.o)
                0x00000000080031da                HAL_TIM_TriggerHalfCpltCallback
 .text.TIM_Base_SetConfig
                0x00000000080031dc       0x98 ../lib/libstm32f1hal/bin/libstm32f1hal.a(stm32f1xx_hal_tim.o)
                0x00000000080031dc                TIM_Base_SetConfig
 .text.TIM_OC2_SetConfig
                0x0000000008003274       0x6c ../lib/libstm32f1hal/bin/libstm32f1hal.a(stm32f1xx_hal_tim.o)
                0x0000000008003274                TIM_OC2_SetConfig
 .text.HAL_TIM_PWM_ConfigChannel
                0x00000000080032e0       0xc4 ../lib/libstm32f1hal/bin/libstm32f1hal.a(stm32f1xx_hal_tim.o)
                0x00000000080032e0                HAL_TIM_PWM_ConfigChannel
 .text.TIM_ResetCallback
                0x00000000080033a4       0x80 ../lib/libstm32f1hal/bin/libstm32f1hal.a(stm32f1xx_hal_tim.o)
                0x00000000080033a4                TIM_ResetCallback
 .text.HAL_TIM_PWM_Init
                0x0000000008003424       0x48 ../lib/libstm32f1hal/bin/libstm32f1hal.a(stm32f1xx_hal_tim.o)
                0x0000000008003424                HAL_TIM_PWM_Init
 .text.HAL_TIMEx_MasterConfigSynchronization
                0x000000000800346c       0x3c ../lib/libstm32f1hal/bin/libstm32f1hal.a(stm32f1xx_hal_tim_ex.o)
                0x000000000800346c                HAL_TIMEx_MasterConfigSynchronization
 .text.HAL_TIMEx_CommutCallback
                0x00000000080034a8        0x2 ../lib/libstm32f1hal/bin/libstm32f1hal.a(stm32f1xx_hal_tim_ex.o)
                0x00000000080034a8                HAL_TIMEx_CommutCallback
 .text.HAL_TIMEx_CommutHalfCpltCallback
                0x00000000080034aa        0x2 ../lib/libstm32f1hal/bin/libstm32f1hal.a(stm32f1xx_hal_tim_ex.o)
                0x00000000080034aa                HAL_TIMEx_CommutHalfCpltCallback
 .text.HAL_TIMEx_BreakCallback
                0x00000000080034ac        0x2 ../lib/libstm32f1hal/bin/libstm32f1hal.a(stm32f1xx_hal_tim_ex.o)
                0x00000000080034ac                HAL_TIMEx_BreakCallback
 .text.HAL_UART_AbortReceiveCpltCallback
                0x00000000080034ae        0x2 ../lib/libstm32f1hal/bin/libstm32f1hal.a(stm32f1xx_hal_uart.o)
                0x00000000080034ae                HAL_UART_AbortReceiveCpltCallback
 .text.UART_SetConfig
                0x00000000080034b0       0x74 ../lib/libstm32f1hal/bin/libstm32f1hal.a(stm32f1xx_hal_uart.o)
 .text.UART_WaitOnFlagUntilTimeout.constprop.3
                0x0000000008003524       0x50 ../lib/libstm32f1hal/bin/libstm32f1hal.a(stm32f1xx_hal_uart.o)
 .text.HAL_UART_AbortTransmitCpltCallback
                0x0000000008003574        0x2 ../lib/libstm32f1hal/bin/libstm32f1hal.a(stm32f1xx_hal_uart.o)
                0x0000000008003574                HAL_UART_AbortTransmitCpltCallback
 .text.HAL_UART_MspInit
                0x0000000008003576        0x2 ../lib/libstm32f1hal/bin/libstm32f1hal.a(stm32f1xx_hal_uart.o)
                0x0000000008003576                HAL_UART_MspInit
 .text.HAL_UART_TxCpltCallback
                0x0000000008003578        0x2 ../lib/libstm32f1hal/bin/libstm32f1hal.a(stm32f1xx_hal_uart.o)
                0x0000000008003578                HAL_UART_TxCpltCallback
 .text.HAL_UART_TxHalfCpltCallback
                0x000000000800357a        0x2 ../lib/libstm32f1hal/bin/libstm32f1hal.a(stm32f1xx_hal_uart.o)
                0x000000000800357a                HAL_UART_TxHalfCpltCallback
 .text.HAL_UART_RxCpltCallback
                0x000000000800357c        0x2 ../lib/libstm32f1hal/bin/libstm32f1hal.a(stm32f1xx_hal_uart.o)
                0x000000000800357c                HAL_UART_RxCpltCallback
 .text.HAL_UART_RxHalfCpltCallback
                0x000000000800357e        0x2 ../lib/libstm32f1hal/bin/libstm32f1hal.a(stm32f1xx_hal_uart.o)
                0x000000000800357e                HAL_UART_RxHalfCpltCallback
 .text.HAL_UART_ErrorCallback
                0x0000000008003580        0x2 ../lib/libstm32f1hal/bin/libstm32f1hal.a(stm32f1xx_hal_uart.o)
                0x0000000008003580                HAL_UART_ErrorCallback
 .text.HAL_UART_AbortCpltCallback
                0x0000000008003582        0x2 ../lib/libstm32f1hal/bin/libstm32f1hal.a(stm32f1xx_hal_uart.o)
                0x0000000008003582                HAL_UART_AbortCpltCallback
 .text.HAL_UART_Transmit
                0x0000000008003584       0xb8 ../lib/libstm32f1hal/bin/libstm32f1hal.a(stm32f1xx_hal_uart.o)
                0x0000000008003584                HAL_UART_Transmit
 .text.UART_InitCallbacksToDefault
                0x000000000800363c       0x44 ../lib/libstm32f1hal/bin/libstm32f1hal.a(stm32f1xx_hal_uart.o)
                0x000000000800363c                UART_InitCallbacksToDefault
 .text.HAL_UART_Init
                0x0000000008003680       0x70 ../lib/libstm32f1hal/bin/libstm32f1hal.a(stm32f1xx_hal_uart.o)
                0x0000000008003680                HAL_UART_Init
 *(.glue_7)
 .glue_7        0x00000000080036f0        0x0 linker stubs
 *(.glue_7t)
 .glue_7t       0x00000000080036f0        0x0 linker stubs
 *(.eh_frame)
 .eh_frame      0x00000000080036f0        0x0 /usr/lib/gcc/arm-none-eabi/6.3.1/thumb/v7-m/crtbegin.o
 *(.init)
 .init          0x00000000080036f0        0x4 /usr/lib/gcc/arm-none-eabi/6.3.1/thumb/v7-m/crti.o
                0x00000000080036f0                _init
 .init          0x00000000080036f4        0x8 /usr/lib/gcc/arm-none-eabi/6.3.1/thumb/v7-m/crtn.o
 *(.fini)
 .fini          0x00000000080036fc        0x4 /usr/lib/gcc/arm-none-eabi/6.3.1/thumb/v7-m/crti.o
                0x00000000080036fc                _fini
 .fini          0x0000000008003700        0x8 /usr/lib/gcc/arm-none-eabi/6.3.1/thumb/v7-m/crtn.o
                0x0000000008003708                . = ALIGN (0x4)
                0x0000000008003708                _etext = .

.vfp11_veneer   0x0000000008003708        0x0
 .vfp11_veneer  0x0000000008003708        0x0 linker stubs

.v4_bx          0x0000000008003708        0x0
 .v4_bx         0x0000000008003708        0x0 linker stubs

.iplt           0x0000000008003708        0x0
 .iplt          0x0000000008003708        0x0 /usr/lib/gcc/arm-none-eabi/6.3.1/thumb/v7-m/crtbegin.o

.rodata         0x0000000008003708      0x1bc
                0x0000000008003708                . = ALIGN (0x4)
 *(.rodata)
 .rodata        0x0000000008003708       0x10 ../lib/libstm32f1hal/bin/libstm32f1hal.a(stm32f1xx_hal_rcc.o)
 *(.rodata*)
 .rodata.main.str1.1
                0x0000000008003718       0x59 ./bin/main.o
 .rodata.AHBPrescTable
                0x0000000008003771       0x10 ./bin/mcu_init.o
                0x0000000008003771                AHBPrescTable
 .rodata.APBPrescTable
                0x0000000008003781        0x8 ./bin/mcu_init.o
                0x0000000008003781                APBPrescTable
 .rodata.SYS_Clock_Init.str1.1
                0x0000000008003789       0x2e ./bin/sys_clock.o
 .rodata.SYS_PostPortInit.str1.1
                0x00000000080037b7       0x20 ./bin/sys_init.o
 .rodata.SYS_I2C_Init.str1.1
                0x00000000080037d7       0x1d ./bin/sys_i2c.o
 .rodata.SYS_USART_Init.str1.1
                0x00000000080037f4       0x20 ./bin/sys_usart.o
 .rodata.SYS_Timer_Init.str1.1
                0x0000000008003814       0x2f ./bin/sys_timer.o
 .rodata._SYS_Timer3_PWM_MspInit_Callback.str1.1
                0x0000000008003843       0x21 ./bin/sys_timer.o
 .rodata.SYS_WS2812_Init.str1.1
                0x0000000008003864       0x1f ./bin/sys_ws2812.o
 *fill*         0x0000000008003883        0x1 
 .rodata.str1.4
                0x0000000008003884        0x2 /usr/lib/gcc/arm-none-eabi/6.3.1/../../../arm-none-eabi/lib/thumb/v7-m/libc_nano.a(lib_a-impure.o)
 *fill*         0x0000000008003886        0x2 
 .rodata.str1.4
                0x0000000008003888       0x13 /usr/lib/gcc/arm-none-eabi/6.3.1/../../../arm-none-eabi/lib/thumb/v7-m/libc_nano.a(lib_a-nano-svfprintf.o)
 *fill*         0x000000000800389b        0x1 
 .rodata.str1.4
                0x000000000800389c       0x28 /usr/lib/gcc/arm-none-eabi/6.3.1/../../../arm-none-eabi/lib/thumb/v7-m/libc_nano.a(lib_a-nano-vfprintf_i.o)
                                         0x25 (size before relaxing)
                0x00000000080038c4                . = ALIGN (0x4)

.rel.dyn        0x00000000080038c4        0x0
 .rel.iplt      0x00000000080038c4        0x0 /usr/lib/gcc/arm-none-eabi/6.3.1/thumb/v7-m/crtbegin.o

.ARM.extab
 *(.ARM.extab* .gnu.linkonce.armextab.*)

.ARM            0x00000000080038c4        0x0
                0x00000000080038c4                __exidx_start = .
 *(.ARM.exidx*)
                0x00000000080038c4                __exidx_end = .

.preinit_array  0x00000000080038c4        0x0
                0x00000000080038c4                PROVIDE (__preinit_array_start, .)
 *(.preinit_array*)
                0x00000000080038c4                PROVIDE (__preinit_array_end, .)

.init_array     0x00000000080038c4        0x4
                0x00000000080038c4                PROVIDE (__init_array_start, .)
 *(SORT(.init_array.*))
 *(.init_array*)
 .init_array    0x00000000080038c4        0x4 /usr/lib/gcc/arm-none-eabi/6.3.1/thumb/v7-m/crtbegin.o
                0x00000000080038c8                PROVIDE (__init_array_end, .)

.fini_array     0x00000000080038c8        0x4
                0x00000000080038c8                PROVIDE (__fini_array_start, .)
 *(SORT(.fini_array.*))
 *(.fini_array*)
 .fini_array    0x00000000080038c8        0x4 /usr/lib/gcc/arm-none-eabi/6.3.1/thumb/v7-m/crtbegin.o
                0x00000000080038cc                PROVIDE (__fini_array_end, .)
                0x00000000080038cc                _sidata = LOADADDR (.data)

.data           0x0000000020000000       0x70 load address 0x00000000080038cc
                0x0000000020000000                . = ALIGN (0x4)
                0x0000000020000000                _sdata = .
 *(.data)
 .data          0x0000000020000000       0x64 /usr/lib/gcc/arm-none-eabi/6.3.1/../../../arm-none-eabi/lib/thumb/v7-m/libc_nano.a(lib_a-impure.o)
                0x0000000020000000                _impure_ptr
 *(.data*)
 .data.SystemCoreClock
                0x0000000020000064        0x4 ./bin/mcu_init.o
                0x0000000020000064                SystemCoreClock
 .data.uwTickFreq
                0x0000000020000068        0x1 ../lib/libstm32f1hal/bin/libstm32f1hal.a(stm32f1xx_hal.o)
                0x0000000020000068                uwTickFreq
 *fill*         0x0000000020000069        0x3 
 .data.uwTickPrio
                0x000000002000006c        0x4 ../lib/libstm32f1hal/bin/libstm32f1hal.a(stm32f1xx_hal.o)
                0x000000002000006c                uwTickPrio
                0x0000000020000070                . = ALIGN (0x4)
                0x0000000020000070                _edata = .

.jcr            0x0000000020000070        0x0 load address 0x000000000800393c
 .jcr           0x0000000020000070        0x0 /usr/lib/gcc/arm-none-eabi/6.3.1/thumb/v7-m/crtbegin.o

.tm_clone_table
                0x0000000020000070        0x0 load address 0x000000000800393c
 .tm_clone_table
                0x0000000020000070        0x0 /usr/lib/gcc/arm-none-eabi/6.3.1/thumb/v7-m/crtbegin.o
 .tm_clone_table
                0x0000000020000070        0x0 /usr/lib/gcc/arm-none-eabi/6.3.1/thumb/v7-m/crtend.o

.igot.plt       0x0000000020000070        0x0 load address 0x000000000800393c
 .igot.plt      0x0000000020000070        0x0 /usr/lib/gcc/arm-none-eabi/6.3.1/thumb/v7-m/crtbegin.o
                0x0000000020000070                . = ALIGN (0x4)

.bss            0x0000000020000070      0x264 load address 0x000000000800393c
                0x0000000020000070                _sbss = .
                0x0000000020000070                __bss_start__ = _sbss
 *(.bss)
 .bss           0x0000000020000070       0x1c /usr/lib/gcc/arm-none-eabi/6.3.1/thumb/v7-m/crtbegin.o
 .bss           0x000000002000008c        0x8 /usr/lib/gcc/arm-none-eabi/6.3.1/../../../arm-none-eabi/lib/thumb/v7-m/libc_nano.a(lib_a-nano-mallocr.o)
                0x000000002000008c                __malloc_free_list
                0x0000000020000090                __malloc_sbrk_start
 .bss           0x0000000020000094        0x4 /usr/lib/gcc/arm-none-eabi/6.3.1/../../../arm-none-eabi/lib/thumb/v7-m/libnosys.a(sbrk.o)
 *(.bss*)
 .bss.hw_gpio_init_status
                0x0000000020000098        0x1 ./bin/sys_gpio.o
                0x0000000020000098                hw_gpio_init_status
 .bss.hw_portex0_init_status
                0x0000000020000099        0x1 ./bin/sys_pca9555.o
                0x0000000020000099                hw_portex0_init_status
 .bss.hw_portex1_init_status
                0x000000002000009a        0x1 ./bin/sys_pca9555.o
                0x000000002000009a                hw_portex1_init_status
 *fill*         0x000000002000009b        0x1 
 .bss._hw_i2c1_handle
                0x000000002000009c       0x84 ./bin/sys_i2c.o
 .bss.hw_i2c1_init_status
                0x0000000020000120        0x1 ./bin/sys_i2c.o
                0x0000000020000120                hw_i2c1_init_status
 *fill*         0x0000000020000121        0x3 
 .bss._hw_uart1_handle
                0x0000000020000124       0x6c ./bin/sys_usart.o
 .bss._hw_timer3_dma_handle
                0x0000000020000190       0x44 ./bin/sys_timer.o
 .bss._hw_timer3_handle
                0x00000000200001d4       0xac ./bin/sys_timer.o
 .bss.hw_timer3_init_status
                0x0000000020000280        0x1 ./bin/sys_timer.o
                0x0000000020000280                hw_timer3_init_status
 *fill*         0x0000000020000281        0x3 
 .bss._hw_ws2812_handle
                0x0000000020000284       0x18 ./bin/sys_ws2812.o
 .bss.hw_ws2812_init_status
                0x000000002000029c        0x1 ./bin/sys_ws2812.o
                0x000000002000029c                hw_ws2812_init_status
 *fill*         0x000000002000029d        0x3 
 .bss._lib_cfg  0x00000000200002a0        0x8 ../lib/libpca9555/bin/libpca9555.a(pca9555.o)
 *(COMMON)
 COMMON         0x00000000200002a8        0x8 ./bin/sys_pca9555.o
                0x00000000200002a8                hw_portex0_handle
                0x00000000200002ac                hw_portex1_handle
 COMMON         0x00000000200002b0        0x4 ./bin/sys_i2c.o
                0x00000000200002b0                hw_i2c1_handle
 COMMON         0x00000000200002b4        0x8 ./bin/sys_usart.o
                0x00000000200002b4                hw_uart1_init_status
                0x00000000200002b8                hw_uart1_handle
 COMMON         0x00000000200002bc        0x1 ./bin/sys_hwb.o
                0x00000000200002bc                sys_hwbyte
 *fill*         0x00000000200002bd        0x3 
 COMMON         0x00000000200002c0        0x8 ./bin/sys_timer.o
                0x00000000200002c0                hw_timer3_dma_handle
                0x00000000200002c4                hw_timer3_handle
 COMMON         0x00000000200002c8        0x4 ./bin/sys_ws2812.o
                0x00000000200002c8                hw_ws2812_handle
 COMMON         0x00000000200002cc        0x4 ../lib/libstm32f1hal/bin/libstm32f1hal.a(stm32f1xx_hal.o)
                0x00000000200002cc                uwTick
 COMMON         0x00000000200002d0        0x4 /usr/lib/gcc/arm-none-eabi/6.3.1/../../../arm-none-eabi/lib/thumb/v7-m/libc_nano.a(lib_a-reent.o)
                0x00000000200002d0                errno
                0x00000000200002d4                . = ALIGN (0x4)
                0x00000000200002d4                _ebss = .
                0x00000000200002d4                __bss_end__ = _ebss

._user_heap_stack
                0x00000000200002d4      0x604 load address 0x000000000800393c
                0x00000000200002d8                . = ALIGN (0x8)
 *fill*         0x00000000200002d4        0x4 
                0x00000000200002d8                PROVIDE (end, .)
                [!provide]                        PROVIDE (_end, .)
                0x00000000200004d8                . = (. + _Min_Heap_Size)
 *fill*         0x00000000200002d8      0x200 
                0x00000000200008d8                . = (. + _Min_Stack_Size)
 *fill*         0x00000000200004d8      0x400 
                0x00000000200008d8                . = ALIGN (0x8)

/DISCARD/
 libc.a(*)
 libm.a(*)
 libgcc.a(*)

.ARM.attributes
                0x0000000000000000       0x29
 *(.ARM.attributes)
 .ARM.attributes
                0x0000000000000000       0x1d /usr/lib/gcc/arm-none-eabi/6.3.1/thumb/v7-m/crti.o
 .ARM.attributes
                0x000000000000001d       0x2d /usr/lib/gcc/arm-none-eabi/6.3.1/thumb/v7-m/crtbegin.o
 .ARM.attributes
                0x000000000000004a       0x33 ./bin/main.o
 .ARM.attributes
                0x000000000000007d       0x33 ./bin/mcu_init.o
 .ARM.attributes
                0x00000000000000b0       0x33 ./bin/isr.o
 .ARM.attributes
                0x00000000000000e3       0x33 ./bin/error.o
 .ARM.attributes
                0x0000000000000116       0x33 ./bin/sys_clock.o
 .ARM.attributes
                0x0000000000000149       0x33 ./bin/sys_gpio.o
 .ARM.attributes
                0x000000000000017c       0x33 ./bin/sys_init.o
 .ARM.attributes
                0x00000000000001af       0x33 ./bin/sys_pca9555.o
 .ARM.attributes
                0x00000000000001e2       0x33 ./bin/sys_i2c.o
 .ARM.attributes
                0x0000000000000215       0x33 ./bin/sys_usart.o
 .ARM.attributes
                0x0000000000000248       0x33 ./bin/sys_hwb.o
 .ARM.attributes
                0x000000000000027b       0x33 ./bin/sys_timer.o
 .ARM.attributes
                0x00000000000002ae       0x33 ./bin/sys_ws2812.o
 .ARM.attributes
                0x00000000000002e1       0x33 ./bin/sys_dma.o
 .ARM.attributes
                0x0000000000000314       0x21 ./bin/startup_stm32f103xe.o
 .ARM.attributes
                0x0000000000000335       0x33 ../lib/libpca9555/bin/libpca9555.a(pca9555.o)
 .ARM.attributes
                0x0000000000000368       0x33 ../lib/libneopixel32/bin/libneopixel32.a(neopixel32.o)
 .ARM.attributes
                0x000000000000039b       0x33 ../lib/libstm32f1hal/bin/libstm32f1hal.a(stm32f1xx_hal.o)
 .ARM.attributes
                0x00000000000003ce       0x33 ../lib/libstm32f1hal/bin/libstm32f1hal.a(stm32f1xx_hal_cortex.o)
 .ARM.attributes
                0x0000000000000401       0x33 ../lib/libstm32f1hal/bin/libstm32f1hal.a(stm32f1xx_hal_dma.o)
 .ARM.attributes
                0x0000000000000434       0x33 ../lib/libstm32f1hal/bin/libstm32f1hal.a(stm32f1xx_hal_gpio.o)
 .ARM.attributes
                0x0000000000000467       0x33 ../lib/libstm32f1hal/bin/libstm32f1hal.a(stm32f1xx_hal_i2c.o)
 .ARM.attributes
                0x000000000000049a       0x33 ../lib/libstm32f1hal/bin/libstm32f1hal.a(stm32f1xx_hal_rcc.o)
 .ARM.attributes
                0x00000000000004cd       0x33 ../lib/libstm32f1hal/bin/libstm32f1hal.a(stm32f1xx_hal_tim.o)
 .ARM.attributes
                0x0000000000000500       0x33 ../lib/libstm32f1hal/bin/libstm32f1hal.a(stm32f1xx_hal_tim_ex.o)
 .ARM.attributes
                0x0000000000000533       0x33 ../lib/libstm32f1hal/bin/libstm32f1hal.a(stm32f1xx_hal_uart.o)
 .ARM.attributes
                0x0000000000000566       0x2d /usr/lib/gcc/arm-none-eabi/6.3.1/../../../arm-none-eabi/lib/thumb/v7-m/libc_nano.a(lib_a-calloc.o)
 .ARM.attributes
                0x0000000000000593       0x2d /usr/lib/gcc/arm-none-eabi/6.3.1/../../../arm-none-eabi/lib/thumb/v7-m/libc_nano.a(lib_a-impure.o)
 .ARM.attributes
                0x00000000000005c0       0x2d /usr/lib/gcc/arm-none-eabi/6.3.1/../../../arm-none-eabi/lib/thumb/v7-m/libc_nano.a(lib_a-init.o)
 .ARM.attributes
                0x00000000000005ed       0x2d /usr/lib/gcc/arm-none-eabi/6.3.1/../../../arm-none-eabi/lib/thumb/v7-m/libc_nano.a(lib_a-malloc.o)
 .ARM.attributes
                0x000000000000061a       0x2d /usr/lib/gcc/arm-none-eabi/6.3.1/../../../arm-none-eabi/lib/thumb/v7-m/libc_nano.a(lib_a-memset.o)
 .ARM.attributes
                0x0000000000000647       0x2d /usr/lib/gcc/arm-none-eabi/6.3.1/../../../arm-none-eabi/lib/thumb/v7-m/libc_nano.a(lib_a-nano-callocr.o)
 .ARM.attributes
                0x0000000000000674       0x2d /usr/lib/gcc/arm-none-eabi/6.3.1/../../../arm-none-eabi/lib/thumb/v7-m/libc_nano.a(lib_a-nano-freer.o)
 .ARM.attributes
                0x00000000000006a1       0x2d /usr/lib/gcc/arm-none-eabi/6.3.1/../../../arm-none-eabi/lib/thumb/v7-m/libc_nano.a(lib_a-nano-mallocr.o)
 .ARM.attributes
                0x00000000000006ce       0x2d /usr/lib/gcc/arm-none-eabi/6.3.1/../../../arm-none-eabi/lib/thumb/v7-m/libc_nano.a(lib_a-sbrkr.o)
 .ARM.attributes
                0x00000000000006fb       0x2d /usr/lib/gcc/arm-none-eabi/6.3.1/../../../arm-none-eabi/lib/thumb/v7-m/libc_nano.a(lib_a-sprintf.o)
 .ARM.attributes
                0x0000000000000728       0x2d /usr/lib/gcc/arm-none-eabi/6.3.1/../../../arm-none-eabi/lib/thumb/v7-m/libc_nano.a(lib_a-nano-svfprintf.o)
 .ARM.attributes
                0x0000000000000755       0x2d /usr/lib/gcc/arm-none-eabi/6.3.1/../../../arm-none-eabi/lib/thumb/v7-m/libc_nano.a(lib_a-nano-vfprintf_i.o)
 .ARM.attributes
                0x0000000000000782       0x2d /usr/lib/gcc/arm-none-eabi/6.3.1/../../../arm-none-eabi/lib/thumb/v7-m/libc_nano.a(lib_a-reent.o)
 .ARM.attributes
                0x00000000000007af       0x2d /usr/lib/gcc/arm-none-eabi/6.3.1/../../../arm-none-eabi/lib/thumb/v7-m/libc_nano.a(lib_a-memchr-stub.o)
 .ARM.attributes
                0x00000000000007dc       0x1b /usr/lib/gcc/arm-none-eabi/6.3.1/../../../arm-none-eabi/lib/thumb/v7-m/libc_nano.a(lib_a-memcpy.o)
 .ARM.attributes
                0x00000000000007f7       0x2d /usr/lib/gcc/arm-none-eabi/6.3.1/../../../arm-none-eabi/lib/thumb/v7-m/libc_nano.a(lib_a-memmove.o)
 .ARM.attributes
                0x0000000000000824       0x2d /usr/lib/gcc/arm-none-eabi/6.3.1/../../../arm-none-eabi/lib/thumb/v7-m/libc_nano.a(lib_a-nano-reallocr.o)
 .ARM.attributes
                0x0000000000000851       0x2d /usr/lib/gcc/arm-none-eabi/6.3.1/../../../arm-none-eabi/lib/thumb/v7-m/libc_nano.a(lib_a-nano-msizer.o)
 .ARM.attributes
                0x000000000000087e       0x2d /usr/lib/gcc/arm-none-eabi/6.3.1/../../../arm-none-eabi/lib/thumb/v7-m/libnosys.a(sbrk.o)
 .ARM.attributes
                0x00000000000008ab       0x2d /usr/lib/gcc/arm-none-eabi/6.3.1/thumb/v7-m/crtend.o
 .ARM.attributes
                0x00000000000008d8       0x1d /usr/lib/gcc/arm-none-eabi/6.3.1/thumb/v7-m/crtn.o
OUTPUT(bin/app.elf elf32-littlearm)

.comment        0x0000000000000000       0x31
 .comment       0x0000000000000000       0x31 /usr/lib/gcc/arm-none-eabi/6.3.1/thumb/v7-m/crtbegin.o
                                         0x32 (size before relaxing)
 .comment       0x0000000000000031       0x32 ./bin/main.o
 .comment       0x0000000000000031       0x32 ./bin/mcu_init.o
 .comment       0x0000000000000031       0x32 ./bin/isr.o
 .comment       0x0000000000000031       0x32 ./bin/error.o
 .comment       0x0000000000000031       0x32 ./bin/sys_clock.o
 .comment       0x0000000000000031       0x32 ./bin/sys_gpio.o
 .comment       0x0000000000000031       0x32 ./bin/sys_init.o
 .comment       0x0000000000000031       0x32 ./bin/sys_pca9555.o
 .comment       0x0000000000000031       0x32 ./bin/sys_i2c.o
 .comment       0x0000000000000031       0x32 ./bin/sys_usart.o
 .comment       0x0000000000000031       0x32 ./bin/sys_hwb.o
 .comment       0x0000000000000031       0x32 ./bin/sys_timer.o
 .comment       0x0000000000000031       0x32 ./bin/sys_ws2812.o
 .comment       0x0000000000000031       0x32 ./bin/sys_dma.o
 .comment       0x0000000000000031       0x32 ../lib/libpca9555/bin/libpca9555.a(pca9555.o)
 .comment       0x0000000000000031       0x32 ../lib/libneopixel32/bin/libneopixel32.a(neopixel32.o)
 .comment       0x0000000000000031       0x32 ../lib/libstm32f1hal/bin/libstm32f1hal.a(stm32f1xx_hal.o)
 .comment       0x0000000000000031       0x32 ../lib/libstm32f1hal/bin/libstm32f1hal.a(stm32f1xx_hal_cortex.o)
 .comment       0x0000000000000031       0x32 ../lib/libstm32f1hal/bin/libstm32f1hal.a(stm32f1xx_hal_dma.o)
 .comment       0x0000000000000031       0x32 ../lib/libstm32f1hal/bin/libstm32f1hal.a(stm32f1xx_hal_gpio.o)
 .comment       0x0000000000000031       0x32 ../lib/libstm32f1hal/bin/libstm32f1hal.a(stm32f1xx_hal_i2c.o)
 .comment       0x0000000000000031       0x32 ../lib/libstm32f1hal/bin/libstm32f1hal.a(stm32f1xx_hal_rcc.o)
 .comment       0x0000000000000031       0x32 ../lib/libstm32f1hal/bin/libstm32f1hal.a(stm32f1xx_hal_tim.o)
 .comment       0x0000000000000031       0x32 ../lib/libstm32f1hal/bin/libstm32f1hal.a(stm32f1xx_hal_tim_ex.o)
 .comment       0x0000000000000031       0x32 ../lib/libstm32f1hal/bin/libstm32f1hal.a(stm32f1xx_hal_uart.o)
 .comment       0x0000000000000031       0x32 /usr/lib/gcc/arm-none-eabi/6.3.1/../../../arm-none-eabi/lib/thumb/v7-m/libc_nano.a(lib_a-calloc.o)
 .comment       0x0000000000000031       0x32 /usr/lib/gcc/arm-none-eabi/6.3.1/../../../arm-none-eabi/lib/thumb/v7-m/libc_nano.a(lib_a-impure.o)
 .comment       0x0000000000000031       0x32 /usr/lib/gcc/arm-none-eabi/6.3.1/../../../arm-none-eabi/lib/thumb/v7-m/libc_nano.a(lib_a-init.o)
 .comment       0x0000000000000031       0x32 /usr/lib/gcc/arm-none-eabi/6.3.1/../../../arm-none-eabi/lib/thumb/v7-m/libc_nano.a(lib_a-malloc.o)
 .comment       0x0000000000000031       0x32 /usr/lib/gcc/arm-none-eabi/6.3.1/../../../arm-none-eabi/lib/thumb/v7-m/libc_nano.a(lib_a-memset.o)
 .comment       0x0000000000000031       0x32 /usr/lib/gcc/arm-none-eabi/6.3.1/../../../arm-none-eabi/lib/thumb/v7-m/libc_nano.a(lib_a-nano-callocr.o)
 .comment       0x0000000000000031       0x32 /usr/lib/gcc/arm-none-eabi/6.3.1/../../../arm-none-eabi/lib/thumb/v7-m/libc_nano.a(lib_a-nano-freer.o)
 .comment       0x0000000000000031       0x32 /usr/lib/gcc/arm-none-eabi/6.3.1/../../../arm-none-eabi/lib/thumb/v7-m/libc_nano.a(lib_a-nano-mallocr.o)
 .comment       0x0000000000000031       0x32 /usr/lib/gcc/arm-none-eabi/6.3.1/../../../arm-none-eabi/lib/thumb/v7-m/libc_nano.a(lib_a-sbrkr.o)
 .comment       0x0000000000000031       0x32 /usr/lib/gcc/arm-none-eabi/6.3.1/../../../arm-none-eabi/lib/thumb/v7-m/libc_nano.a(lib_a-sprintf.o)
 .comment       0x0000000000000031       0x32 /usr/lib/gcc/arm-none-eabi/6.3.1/../../../arm-none-eabi/lib/thumb/v7-m/libc_nano.a(lib_a-nano-svfprintf.o)
 .comment       0x0000000000000031       0x32 /usr/lib/gcc/arm-none-eabi/6.3.1/../../../arm-none-eabi/lib/thumb/v7-m/libc_nano.a(lib_a-nano-vfprintf_i.o)
 .comment       0x0000000000000031       0x32 /usr/lib/gcc/arm-none-eabi/6.3.1/../../../arm-none-eabi/lib/thumb/v7-m/libc_nano.a(lib_a-reent.o)
 .comment       0x0000000000000031       0x32 /usr/lib/gcc/arm-none-eabi/6.3.1/../../../arm-none-eabi/lib/thumb/v7-m/libc_nano.a(lib_a-memchr-stub.o)
 .comment       0x0000000000000031       0x32 /usr/lib/gcc/arm-none-eabi/6.3.1/../../../arm-none-eabi/lib/thumb/v7-m/libc_nano.a(lib_a-memmove.o)
 .comment       0x0000000000000031       0x32 /usr/lib/gcc/arm-none-eabi/6.3.1/../../../arm-none-eabi/lib/thumb/v7-m/libc_nano.a(lib_a-nano-reallocr.o)
 .comment       0x0000000000000031       0x32 /usr/lib/gcc/arm-none-eabi/6.3.1/../../../arm-none-eabi/lib/thumb/v7-m/libc_nano.a(lib_a-nano-msizer.o)
 .comment       0x0000000000000031       0x32 /usr/lib/gcc/arm-none-eabi/6.3.1/../../../arm-none-eabi/lib/thumb/v7-m/libnosys.a(sbrk.o)
 .comment       0x0000000000000031       0x32 /usr/lib/gcc/arm-none-eabi/6.3.1/thumb/v7-m/crtend.o

.debug_info     0x0000000000000000     0xade3
 .debug_info    0x0000000000000000      0x8f1 /usr/lib/gcc/arm-none-eabi/6.3.1/../../../arm-none-eabi/lib/thumb/v7-m/libc_nano.a(lib_a-calloc.o)
 .debug_info    0x00000000000008f1      0x8a0 /usr/lib/gcc/arm-none-eabi/6.3.1/../../../arm-none-eabi/lib/thumb/v7-m/libc_nano.a(lib_a-impure.o)
 .debug_info    0x0000000000001191      0x110 /usr/lib/gcc/arm-none-eabi/6.3.1/../../../arm-none-eabi/lib/thumb/v7-m/libc_nano.a(lib_a-init.o)
 .debug_info    0x00000000000012a1      0x91d /usr/lib/gcc/arm-none-eabi/6.3.1/../../../arm-none-eabi/lib/thumb/v7-m/libc_nano.a(lib_a-malloc.o)
 .debug_info    0x0000000000001bbe      0x916 /usr/lib/gcc/arm-none-eabi/6.3.1/../../../arm-none-eabi/lib/thumb/v7-m/libc_nano.a(lib_a-memset.o)
 .debug_info    0x00000000000024d4      0xa49 /usr/lib/gcc/arm-none-eabi/6.3.1/../../../arm-none-eabi/lib/thumb/v7-m/libc_nano.a(lib_a-nano-callocr.o)
 .debug_info    0x0000000000002f1d      0xa51 /usr/lib/gcc/arm-none-eabi/6.3.1/../../../arm-none-eabi/lib/thumb/v7-m/libc_nano.a(lib_a-nano-freer.o)
 .debug_info    0x000000000000396e      0xb1f /usr/lib/gcc/arm-none-eabi/6.3.1/../../../arm-none-eabi/lib/thumb/v7-m/libc_nano.a(lib_a-nano-mallocr.o)
 .debug_info    0x000000000000448d      0x955 /usr/lib/gcc/arm-none-eabi/6.3.1/../../../arm-none-eabi/lib/thumb/v7-m/libc_nano.a(lib_a-sbrkr.o)
 .debug_info    0x0000000000004de2      0xbcb /usr/lib/gcc/arm-none-eabi/6.3.1/../../../arm-none-eabi/lib/thumb/v7-m/libc_nano.a(lib_a-sprintf.o)
 .debug_info    0x00000000000059ad     0x11b2 /usr/lib/gcc/arm-none-eabi/6.3.1/../../../arm-none-eabi/lib/thumb/v7-m/libc_nano.a(lib_a-nano-svfprintf.o)
 .debug_info    0x0000000000006b5f      0xfb4 /usr/lib/gcc/arm-none-eabi/6.3.1/../../../arm-none-eabi/lib/thumb/v7-m/libc_nano.a(lib_a-nano-vfprintf_i.o)
 .debug_info    0x0000000000007b13      0xa67 /usr/lib/gcc/arm-none-eabi/6.3.1/../../../arm-none-eabi/lib/thumb/v7-m/libc_nano.a(lib_a-reent.o)
 .debug_info    0x000000000000857a      0x930 /usr/lib/gcc/arm-none-eabi/6.3.1/../../../arm-none-eabi/lib/thumb/v7-m/libc_nano.a(lib_a-memchr-stub.o)
 .debug_info    0x0000000000008eaa       0xcd /usr/lib/gcc/arm-none-eabi/6.3.1/../../../arm-none-eabi/lib/thumb/v7-m/libc_nano.a(lib_a-memcpy.o)
 .debug_info    0x0000000000008f77      0x925 /usr/lib/gcc/arm-none-eabi/6.3.1/../../../arm-none-eabi/lib/thumb/v7-m/libc_nano.a(lib_a-memmove.o)
 .debug_info    0x000000000000989c      0xac0 /usr/lib/gcc/arm-none-eabi/6.3.1/../../../arm-none-eabi/lib/thumb/v7-m/libc_nano.a(lib_a-nano-reallocr.o)
 .debug_info    0x000000000000a35c      0x9f7 /usr/lib/gcc/arm-none-eabi/6.3.1/../../../arm-none-eabi/lib/thumb/v7-m/libc_nano.a(lib_a-nano-msizer.o)
 .debug_info    0x000000000000ad53       0x90 /usr/lib/gcc/arm-none-eabi/6.3.1/../../../arm-none-eabi/lib/thumb/v7-m/libnosys.a(sbrk.o)

.debug_abbrev   0x0000000000000000     0x202e
 .debug_abbrev  0x0000000000000000      0x1b5 /usr/lib/gcc/arm-none-eabi/6.3.1/../../../arm-none-eabi/lib/thumb/v7-m/libc_nano.a(lib_a-calloc.o)
 .debug_abbrev  0x00000000000001b5      0x153 /usr/lib/gcc/arm-none-eabi/6.3.1/../../../arm-none-eabi/lib/thumb/v7-m/libc_nano.a(lib_a-impure.o)
 .debug_abbrev  0x0000000000000308       0xba /usr/lib/gcc/arm-none-eabi/6.3.1/../../../arm-none-eabi/lib/thumb/v7-m/libc_nano.a(lib_a-init.o)
 .debug_abbrev  0x00000000000003c2      0x1c0 /usr/lib/gcc/arm-none-eabi/6.3.1/../../../arm-none-eabi/lib/thumb/v7-m/libc_nano.a(lib_a-malloc.o)
 .debug_abbrev  0x0000000000000582      0x197 /usr/lib/gcc/arm-none-eabi/6.3.1/../../../arm-none-eabi/lib/thumb/v7-m/libc_nano.a(lib_a-memset.o)
 .debug_abbrev  0x0000000000000719      0x1d3 /usr/lib/gcc/arm-none-eabi/6.3.1/../../../arm-none-eabi/lib/thumb/v7-m/libc_nano.a(lib_a-nano-callocr.o)
 .debug_abbrev  0x00000000000008ec      0x1ef /usr/lib/gcc/arm-none-eabi/6.3.1/../../../arm-none-eabi/lib/thumb/v7-m/libc_nano.a(lib_a-nano-freer.o)
 .debug_abbrev  0x0000000000000adb      0x274 /usr/lib/gcc/arm-none-eabi/6.3.1/../../../arm-none-eabi/lib/thumb/v7-m/libc_nano.a(lib_a-nano-mallocr.o)
 .debug_abbrev  0x0000000000000d4f      0x1d6 /usr/lib/gcc/arm-none-eabi/6.3.1/../../../arm-none-eabi/lib/thumb/v7-m/libc_nano.a(lib_a-sbrkr.o)
 .debug_abbrev  0x0000000000000f25      0x217 /usr/lib/gcc/arm-none-eabi/6.3.1/../../../arm-none-eabi/lib/thumb/v7-m/libc_nano.a(lib_a-sprintf.o)
 .debug_abbrev  0x000000000000113c      0x2d7 /usr/lib/gcc/arm-none-eabi/6.3.1/../../../arm-none-eabi/lib/thumb/v7-m/libc_nano.a(lib_a-nano-svfprintf.o)
 .debug_abbrev  0x0000000000001413      0x27c /usr/lib/gcc/arm-none-eabi/6.3.1/../../../arm-none-eabi/lib/thumb/v7-m/libc_nano.a(lib_a-nano-vfprintf_i.o)
 .debug_abbrev  0x000000000000168f      0x228 /usr/lib/gcc/arm-none-eabi/6.3.1/../../../arm-none-eabi/lib/thumb/v7-m/libc_nano.a(lib_a-reent.o)
 .debug_abbrev  0x00000000000018b7      0x19c /usr/lib/gcc/arm-none-eabi/6.3.1/../../../arm-none-eabi/lib/thumb/v7-m/libc_nano.a(lib_a-memchr-stub.o)
 .debug_abbrev  0x0000000000001a53       0x14 /usr/lib/gcc/arm-none-eabi/6.3.1/../../../arm-none-eabi/lib/thumb/v7-m/libc_nano.a(lib_a-memcpy.o)
 .debug_abbrev  0x0000000000001a67      0x19c /usr/lib/gcc/arm-none-eabi/6.3.1/../../../arm-none-eabi/lib/thumb/v7-m/libc_nano.a(lib_a-memmove.o)
 .debug_abbrev  0x0000000000001c03      0x1ee /usr/lib/gcc/arm-none-eabi/6.3.1/../../../arm-none-eabi/lib/thumb/v7-m/libc_nano.a(lib_a-nano-reallocr.o)
 .debug_abbrev  0x0000000000001df1      0x1ab /usr/lib/gcc/arm-none-eabi/6.3.1/../../../arm-none-eabi/lib/thumb/v7-m/libc_nano.a(lib_a-nano-msizer.o)
 .debug_abbrev  0x0000000000001f9c       0x92 /usr/lib/gcc/arm-none-eabi/6.3.1/../../../arm-none-eabi/lib/thumb/v7-m/libnosys.a(sbrk.o)

.debug_loc      0x0000000000000000     0x1e20
 .debug_loc     0x0000000000000000       0x58 /usr/lib/gcc/arm-none-eabi/6.3.1/../../../arm-none-eabi/lib/thumb/v7-m/libc_nano.a(lib_a-calloc.o)
 .debug_loc     0x0000000000000058       0xae /usr/lib/gcc/arm-none-eabi/6.3.1/../../../arm-none-eabi/lib/thumb/v7-m/libc_nano.a(lib_a-init.o)
 .debug_loc     0x0000000000000106       0x58 /usr/lib/gcc/arm-none-eabi/6.3.1/../../../arm-none-eabi/lib/thumb/v7-m/libc_nano.a(lib_a-malloc.o)
 .debug_loc     0x000000000000015e      0x1bd /usr/lib/gcc/arm-none-eabi/6.3.1/../../../arm-none-eabi/lib/thumb/v7-m/libc_nano.a(lib_a-memset.o)
 .debug_loc     0x000000000000031b       0x81 /usr/lib/gcc/arm-none-eabi/6.3.1/../../../arm-none-eabi/lib/thumb/v7-m/libc_nano.a(lib_a-nano-callocr.o)
 .debug_loc     0x000000000000039c      0x140 /usr/lib/gcc/arm-none-eabi/6.3.1/../../../arm-none-eabi/lib/thumb/v7-m/libc_nano.a(lib_a-nano-freer.o)
 .debug_loc     0x00000000000004dc      0x378 /usr/lib/gcc/arm-none-eabi/6.3.1/../../../arm-none-eabi/lib/thumb/v7-m/libc_nano.a(lib_a-nano-mallocr.o)
 .debug_loc     0x0000000000000854       0x4d /usr/lib/gcc/arm-none-eabi/6.3.1/../../../arm-none-eabi/lib/thumb/v7-m/libc_nano.a(lib_a-sbrkr.o)
 .debug_loc     0x00000000000008a1       0x91 /usr/lib/gcc/arm-none-eabi/6.3.1/../../../arm-none-eabi/lib/thumb/v7-m/libc_nano.a(lib_a-sprintf.o)
 .debug_loc     0x0000000000000932      0x6cb /usr/lib/gcc/arm-none-eabi/6.3.1/../../../arm-none-eabi/lib/thumb/v7-m/libc_nano.a(lib_a-nano-svfprintf.o)
 .debug_loc     0x0000000000000ffd      0x67f /usr/lib/gcc/arm-none-eabi/6.3.1/../../../arm-none-eabi/lib/thumb/v7-m/libc_nano.a(lib_a-nano-vfprintf_i.o)
 .debug_loc     0x000000000000167c       0xec /usr/lib/gcc/arm-none-eabi/6.3.1/../../../arm-none-eabi/lib/thumb/v7-m/libc_nano.a(lib_a-reent.o)
 .debug_loc     0x0000000000001768      0x202 /usr/lib/gcc/arm-none-eabi/6.3.1/../../../arm-none-eabi/lib/thumb/v7-m/libc_nano.a(lib_a-memchr-stub.o)
 .debug_loc     0x000000000000196a      0x281 /usr/lib/gcc/arm-none-eabi/6.3.1/../../../arm-none-eabi/lib/thumb/v7-m/libc_nano.a(lib_a-memmove.o)
 .debug_loc     0x0000000000001beb      0x185 /usr/lib/gcc/arm-none-eabi/6.3.1/../../../arm-none-eabi/lib/thumb/v7-m/libc_nano.a(lib_a-nano-reallocr.o)
 .debug_loc     0x0000000000001d70       0x78 /usr/lib/gcc/arm-none-eabi/6.3.1/../../../arm-none-eabi/lib/thumb/v7-m/libc_nano.a(lib_a-nano-msizer.o)
 .debug_loc     0x0000000000001de8       0x38 /usr/lib/gcc/arm-none-eabi/6.3.1/../../../arm-none-eabi/lib/thumb/v7-m/libnosys.a(sbrk.o)

.debug_aranges  0x0000000000000000      0x258
 .debug_aranges
                0x0000000000000000       0x20 /usr/lib/gcc/arm-none-eabi/6.3.1/../../../arm-none-eabi/lib/thumb/v7-m/libc_nano.a(lib_a-calloc.o)
 .debug_aranges
                0x0000000000000020       0x18 /usr/lib/gcc/arm-none-eabi/6.3.1/../../../arm-none-eabi/lib/thumb/v7-m/libc_nano.a(lib_a-impure.o)
 .debug_aranges
                0x0000000000000038       0x20 /usr/lib/gcc/arm-none-eabi/6.3.1/../../../arm-none-eabi/lib/thumb/v7-m/libc_nano.a(lib_a-init.o)
 .debug_aranges
                0x0000000000000058       0x20 /usr/lib/gcc/arm-none-eabi/6.3.1/../../../arm-none-eabi/lib/thumb/v7-m/libc_nano.a(lib_a-malloc.o)
 .debug_aranges
                0x0000000000000078       0x20 /usr/lib/gcc/arm-none-eabi/6.3.1/../../../arm-none-eabi/lib/thumb/v7-m/libc_nano.a(lib_a-memset.o)
 .debug_aranges
                0x0000000000000098       0x20 /usr/lib/gcc/arm-none-eabi/6.3.1/../../../arm-none-eabi/lib/thumb/v7-m/libc_nano.a(lib_a-nano-callocr.o)
 .debug_aranges
                0x00000000000000b8       0x20 /usr/lib/gcc/arm-none-eabi/6.3.1/../../../arm-none-eabi/lib/thumb/v7-m/libc_nano.a(lib_a-nano-freer.o)
 .debug_aranges
                0x00000000000000d8       0x20 /usr/lib/gcc/arm-none-eabi/6.3.1/../../../arm-none-eabi/lib/thumb/v7-m/libc_nano.a(lib_a-nano-mallocr.o)
 .debug_aranges
                0x00000000000000f8       0x20 /usr/lib/gcc/arm-none-eabi/6.3.1/../../../arm-none-eabi/lib/thumb/v7-m/libc_nano.a(lib_a-sbrkr.o)
 .debug_aranges
                0x0000000000000118       0x20 /usr/lib/gcc/arm-none-eabi/6.3.1/../../../arm-none-eabi/lib/thumb/v7-m/libc_nano.a(lib_a-sprintf.o)
 .debug_aranges
                0x0000000000000138       0x20 /usr/lib/gcc/arm-none-eabi/6.3.1/../../../arm-none-eabi/lib/thumb/v7-m/libc_nano.a(lib_a-nano-svfprintf.o)
 .debug_aranges
                0x0000000000000158       0x20 /usr/lib/gcc/arm-none-eabi/6.3.1/../../../arm-none-eabi/lib/thumb/v7-m/libc_nano.a(lib_a-nano-vfprintf_i.o)
 .debug_aranges
                0x0000000000000178       0x20 /usr/lib/gcc/arm-none-eabi/6.3.1/../../../arm-none-eabi/lib/thumb/v7-m/libc_nano.a(lib_a-reent.o)
 .debug_aranges
                0x0000000000000198       0x20 /usr/lib/gcc/arm-none-eabi/6.3.1/../../../arm-none-eabi/lib/thumb/v7-m/libc_nano.a(lib_a-memchr-stub.o)
 .debug_aranges
                0x00000000000001b8       0x20 /usr/lib/gcc/arm-none-eabi/6.3.1/../../../arm-none-eabi/lib/thumb/v7-m/libc_nano.a(lib_a-memcpy.o)
 .debug_aranges
                0x00000000000001d8       0x20 /usr/lib/gcc/arm-none-eabi/6.3.1/../../../arm-none-eabi/lib/thumb/v7-m/libc_nano.a(lib_a-memmove.o)
 .debug_aranges
                0x00000000000001f8       0x20 /usr/lib/gcc/arm-none-eabi/6.3.1/../../../arm-none-eabi/lib/thumb/v7-m/libc_nano.a(lib_a-nano-reallocr.o)
 .debug_aranges
                0x0000000000000218       0x20 /usr/lib/gcc/arm-none-eabi/6.3.1/../../../arm-none-eabi/lib/thumb/v7-m/libc_nano.a(lib_a-nano-msizer.o)
 .debug_aranges
                0x0000000000000238       0x20 /usr/lib/gcc/arm-none-eabi/6.3.1/../../../arm-none-eabi/lib/thumb/v7-m/libnosys.a(sbrk.o)

.debug_line     0x0000000000000000     0x1c70
 .debug_line    0x0000000000000000      0x145 /usr/lib/gcc/arm-none-eabi/6.3.1/../../../arm-none-eabi/lib/thumb/v7-m/libc_nano.a(lib_a-calloc.o)
 .debug_line    0x0000000000000145       0xe9 /usr/lib/gcc/arm-none-eabi/6.3.1/../../../arm-none-eabi/lib/thumb/v7-m/libc_nano.a(lib_a-impure.o)
 .debug_line    0x000000000000022e       0xb9 /usr/lib/gcc/arm-none-eabi/6.3.1/../../../arm-none-eabi/lib/thumb/v7-m/libc_nano.a(lib_a-init.o)
 .debug_line    0x00000000000002e7      0x154 /usr/lib/gcc/arm-none-eabi/6.3.1/../../../arm-none-eabi/lib/thumb/v7-m/libc_nano.a(lib_a-malloc.o)
 .debug_line    0x000000000000043b      0x176 /usr/lib/gcc/arm-none-eabi/6.3.1/../../../arm-none-eabi/lib/thumb/v7-m/libc_nano.a(lib_a-memset.o)
 .debug_line    0x00000000000005b1      0x160 /usr/lib/gcc/arm-none-eabi/6.3.1/../../../arm-none-eabi/lib/thumb/v7-m/libc_nano.a(lib_a-nano-callocr.o)
 .debug_line    0x0000000000000711      0x160 /usr/lib/gcc/arm-none-eabi/6.3.1/../../../arm-none-eabi/lib/thumb/v7-m/libc_nano.a(lib_a-nano-freer.o)
 .debug_line    0x0000000000000871      0x1a4 /usr/lib/gcc/arm-none-eabi/6.3.1/../../../arm-none-eabi/lib/thumb/v7-m/libc_nano.a(lib_a-nano-mallocr.o)
 .debug_line    0x0000000000000a15      0x15a /usr/lib/gcc/arm-none-eabi/6.3.1/../../../arm-none-eabi/lib/thumb/v7-m/libc_nano.a(lib_a-sbrkr.o)
 .debug_line    0x0000000000000b6f      0x1a9 /usr/lib/gcc/arm-none-eabi/6.3.1/../../../arm-none-eabi/lib/thumb/v7-m/libc_nano.a(lib_a-sprintf.o)
 .debug_line    0x0000000000000d18      0x391 /usr/lib/gcc/arm-none-eabi/6.3.1/../../../arm-none-eabi/lib/thumb/v7-m/libc_nano.a(lib_a-nano-svfprintf.o)
 .debug_line    0x00000000000010a9      0x39d /usr/lib/gcc/arm-none-eabi/6.3.1/../../../arm-none-eabi/lib/thumb/v7-m/libc_nano.a(lib_a-nano-vfprintf_i.o)
 .debug_line    0x0000000000001446      0x17c /usr/lib/gcc/arm-none-eabi/6.3.1/../../../arm-none-eabi/lib/thumb/v7-m/libc_nano.a(lib_a-reent.o)
 .debug_line    0x00000000000015c2      0x186 /usr/lib/gcc/arm-none-eabi/6.3.1/../../../arm-none-eabi/lib/thumb/v7-m/libc_nano.a(lib_a-memchr-stub.o)
 .debug_line    0x0000000000001748       0xbe /usr/lib/gcc/arm-none-eabi/6.3.1/../../../arm-none-eabi/lib/thumb/v7-m/libc_nano.a(lib_a-memcpy.o)
 .debug_line    0x0000000000001806      0x185 /usr/lib/gcc/arm-none-eabi/6.3.1/../../../arm-none-eabi/lib/thumb/v7-m/libc_nano.a(lib_a-memmove.o)
 .debug_line    0x000000000000198b      0x17b /usr/lib/gcc/arm-none-eabi/6.3.1/../../../arm-none-eabi/lib/thumb/v7-m/libc_nano.a(lib_a-nano-reallocr.o)
 .debug_line    0x0000000000001b06      0x10f /usr/lib/gcc/arm-none-eabi/6.3.1/../../../arm-none-eabi/lib/thumb/v7-m/libc_nano.a(lib_a-nano-msizer.o)
 .debug_line    0x0000000000001c15       0x5b /usr/lib/gcc/arm-none-eabi/6.3.1/../../../arm-none-eabi/lib/thumb/v7-m/libnosys.a(sbrk.o)

.debug_str      0x0000000000000000     0x106f
 .debug_str     0x0000000000000000      0x526 /usr/lib/gcc/arm-none-eabi/6.3.1/../../../arm-none-eabi/lib/thumb/v7-m/libc_nano.a(lib_a-calloc.o)
                                        0x5c3 (size before relaxing)
 .debug_str     0x0000000000000526       0x9d /usr/lib/gcc/arm-none-eabi/6.3.1/../../../arm-none-eabi/lib/thumb/v7-m/libc_nano.a(lib_a-impure.o)
                                        0x5a6 (size before relaxing)
 .debug_str     0x00000000000005c3       0xf3 /usr/lib/gcc/arm-none-eabi/6.3.1/../../../arm-none-eabi/lib/thumb/v7-m/libc_nano.a(lib_a-init.o)
                                        0x1f7 (size before relaxing)
 .debug_str     0x00000000000006b6       0x56 /usr/lib/gcc/arm-none-eabi/6.3.1/../../../arm-none-eabi/lib/thumb/v7-m/libc_nano.a(lib_a-malloc.o)
                                        0x5d7 (size before relaxing)
 .debug_str     0x000000000000070c       0xae /usr/lib/gcc/arm-none-eabi/6.3.1/../../../arm-none-eabi/lib/thumb/v7-m/libc_nano.a(lib_a-memset.o)
                                        0x5be (size before relaxing)
 .debug_str     0x00000000000007ba       0xf7 /usr/lib/gcc/arm-none-eabi/6.3.1/../../../arm-none-eabi/lib/thumb/v7-m/libc_nano.a(lib_a-nano-callocr.o)
                                        0x6ac (size before relaxing)
 .debug_str     0x00000000000008b1       0x24 /usr/lib/gcc/arm-none-eabi/6.3.1/../../../arm-none-eabi/lib/thumb/v7-m/libc_nano.a(lib_a-nano-freer.o)
                                        0x6b8 (size before relaxing)
 .debug_str     0x00000000000008d5       0x32 /usr/lib/gcc/arm-none-eabi/6.3.1/../../../arm-none-eabi/lib/thumb/v7-m/libc_nano.a(lib_a-nano-mallocr.o)
                                        0x6cf (size before relaxing)
 .debug_str     0x0000000000000907       0x6a /usr/lib/gcc/arm-none-eabi/6.3.1/../../../arm-none-eabi/lib/thumb/v7-m/libc_nano.a(lib_a-sbrkr.o)
                                        0x5e9 (size before relaxing)
 .debug_str     0x0000000000000971      0x1ca /usr/lib/gcc/arm-none-eabi/6.3.1/../../../arm-none-eabi/lib/thumb/v7-m/libc_nano.a(lib_a-sprintf.o)
                                        0x721 (size before relaxing)
 .debug_str     0x0000000000000b3b      0x22f /usr/lib/gcc/arm-none-eabi/6.3.1/../../../arm-none-eabi/lib/thumb/v7-m/libc_nano.a(lib_a-nano-svfprintf.o)
                                        0x915 (size before relaxing)
 .debug_str     0x0000000000000d6a       0x91 /usr/lib/gcc/arm-none-eabi/6.3.1/../../../arm-none-eabi/lib/thumb/v7-m/libc_nano.a(lib_a-nano-vfprintf_i.o)
                                        0x8b4 (size before relaxing)
 .debug_str     0x0000000000000dfb       0x5b /usr/lib/gcc/arm-none-eabi/6.3.1/../../../arm-none-eabi/lib/thumb/v7-m/libc_nano.a(lib_a-reent.o)
                                        0x5e2 (size before relaxing)
 .debug_str     0x0000000000000e56       0xbf /usr/lib/gcc/arm-none-eabi/6.3.1/../../../arm-none-eabi/lib/thumb/v7-m/libc_nano.a(lib_a-memchr-stub.o)
                                        0x5d6 (size before relaxing)
 .debug_str     0x0000000000000f15       0x53 /usr/lib/gcc/arm-none-eabi/6.3.1/../../../arm-none-eabi/lib/thumb/v7-m/libc_nano.a(lib_a-memmove.o)
                                        0x5dd (size before relaxing)
 .debug_str     0x0000000000000f68       0x23 /usr/lib/gcc/arm-none-eabi/6.3.1/../../../arm-none-eabi/lib/thumb/v7-m/libc_nano.a(lib_a-nano-reallocr.o)
                                        0x6d3 (size before relaxing)
 .debug_str     0x0000000000000f8b        0xf /usr/lib/gcc/arm-none-eabi/6.3.1/../../../arm-none-eabi/lib/thumb/v7-m/libc_nano.a(lib_a-nano-msizer.o)
                                        0x6b1 (size before relaxing)
 .debug_str     0x0000000000000f9a       0xd5 /usr/lib/gcc/arm-none-eabi/6.3.1/../../../arm-none-eabi/lib/thumb/v7-m/libnosys.a(sbrk.o)
                                         0xee (size before relaxing)

.debug_frame    0x0000000000000000      0x438
 .debug_frame   0x0000000000000000       0x20 /usr/lib/gcc/arm-none-eabi/6.3.1/../../../arm-none-eabi/lib/thumb/v7-m/libc_nano.a(lib_a-calloc.o)
 .debug_frame   0x0000000000000020       0x2c /usr/lib/gcc/arm-none-eabi/6.3.1/../../../arm-none-eabi/lib/thumb/v7-m/libc_nano.a(lib_a-init.o)
 .debug_frame   0x000000000000004c       0x30 /usr/lib/gcc/arm-none-eabi/6.3.1/../../../arm-none-eabi/lib/thumb/v7-m/libc_nano.a(lib_a-malloc.o)
 .debug_frame   0x000000000000007c       0x34 /usr/lib/gcc/arm-none-eabi/6.3.1/../../../arm-none-eabi/lib/thumb/v7-m/libc_nano.a(lib_a-memset.o)
 .debug_frame   0x00000000000000b0       0x2c /usr/lib/gcc/arm-none-eabi/6.3.1/../../../arm-none-eabi/lib/thumb/v7-m/libc_nano.a(lib_a-nano-callocr.o)
 .debug_frame   0x00000000000000dc       0x40 /usr/lib/gcc/arm-none-eabi/6.3.1/../../../arm-none-eabi/lib/thumb/v7-m/libc_nano.a(lib_a-nano-freer.o)
 .debug_frame   0x000000000000011c       0x2c /usr/lib/gcc/arm-none-eabi/6.3.1/../../../arm-none-eabi/lib/thumb/v7-m/libc_nano.a(lib_a-nano-mallocr.o)
 .debug_frame   0x0000000000000148       0x2c /usr/lib/gcc/arm-none-eabi/6.3.1/../../../arm-none-eabi/lib/thumb/v7-m/libc_nano.a(lib_a-sbrkr.o)
 .debug_frame   0x0000000000000174       0x84 /usr/lib/gcc/arm-none-eabi/6.3.1/../../../arm-none-eabi/lib/thumb/v7-m/libc_nano.a(lib_a-sprintf.o)
 .debug_frame   0x00000000000001f8       0x98 /usr/lib/gcc/arm-none-eabi/6.3.1/../../../arm-none-eabi/lib/thumb/v7-m/libc_nano.a(lib_a-nano-svfprintf.o)
 .debug_frame   0x0000000000000290       0x68 /usr/lib/gcc/arm-none-eabi/6.3.1/../../../arm-none-eabi/lib/thumb/v7-m/libc_nano.a(lib_a-nano-vfprintf_i.o)
 .debug_frame   0x00000000000002f8       0x64 /usr/lib/gcc/arm-none-eabi/6.3.1/../../../arm-none-eabi/lib/thumb/v7-m/libc_nano.a(lib_a-reent.o)
 .debug_frame   0x000000000000035c       0x34 /usr/lib/gcc/arm-none-eabi/6.3.1/../../../arm-none-eabi/lib/thumb/v7-m/libc_nano.a(lib_a-memchr-stub.o)
 .debug_frame   0x0000000000000390       0x30 /usr/lib/gcc/arm-none-eabi/6.3.1/../../../arm-none-eabi/lib/thumb/v7-m/libc_nano.a(lib_a-memmove.o)
 .debug_frame   0x00000000000003c0       0x38 /usr/lib/gcc/arm-none-eabi/6.3.1/../../../arm-none-eabi/lib/thumb/v7-m/libc_nano.a(lib_a-nano-reallocr.o)
 .debug_frame   0x00000000000003f8       0x20 /usr/lib/gcc/arm-none-eabi/6.3.1/../../../arm-none-eabi/lib/thumb/v7-m/libc_nano.a(lib_a-nano-msizer.o)
 .debug_frame   0x0000000000000418       0x20 /usr/lib/gcc/arm-none-eabi/6.3.1/../../../arm-none-eabi/lib/thumb/v7-m/libnosys.a(sbrk.o)

.debug_ranges   0x0000000000000000      0x130
 .debug_ranges  0x0000000000000000       0x40 /usr/lib/gcc/arm-none-eabi/6.3.1/../../../arm-none-eabi/lib/thumb/v7-m/libc_nano.a(lib_a-nano-mallocr.o)
 .debug_ranges  0x0000000000000040       0x40 /usr/lib/gcc/arm-none-eabi/6.3.1/../../../arm-none-eabi/lib/thumb/v7-m/libc_nano.a(lib_a-nano-svfprintf.o)
 .debug_ranges  0x0000000000000080       0xb0 /usr/lib/gcc/arm-none-eabi/6.3.1/../../../arm-none-eabi/lib/thumb/v7-m/libc_nano.a(lib_a-nano-vfprintf_i.o)

Cross Reference Table

Symbol                                            File
ADC1_2_IRQHandler                                 ./bin/startup_stm32f103xe.o
ADC3_IRQHandler                                   ./bin/startup_stm32f103xe.o
AHBPrescTable                                     ./bin/mcu_init.o
                                                  ../lib/libstm32f1hal/bin/libstm32f1hal.a(stm32f1xx_hal_rcc.o)
APBPrescTable                                     ./bin/mcu_init.o
                                                  ../lib/libstm32f1hal/bin/libstm32f1hal.a(stm32f1xx_hal_rcc.o)
BusFault_Handler                                  ./bin/isr.o
CAN1_RX1_IRQHandler                               ./bin/startup_stm32f103xe.o
CAN1_SCE_IRQHandler                               ./bin/startup_stm32f103xe.o
DMA1_Channel1_IRQHandler                          ./bin/startup_stm32f103xe.o
DMA1_Channel2_IRQHandler                          ./bin/startup_stm32f103xe.o
DMA1_Channel3_IRQHandler                          ./bin/isr.o
DMA1_Channel4_IRQHandler                          ./bin/startup_stm32f103xe.o
DMA1_Channel5_IRQHandler                          ./bin/startup_stm32f103xe.o
DMA1_Channel6_IRQHandler                          ./bin/startup_stm32f103xe.o
DMA1_Channel7_IRQHandler                          ./bin/startup_stm32f103xe.o
DMA2_Channel1_IRQHandler                          ./bin/startup_stm32f103xe.o
DMA2_Channel2_IRQHandler                          ./bin/startup_stm32f103xe.o
DMA2_Channel3_IRQHandler                          ./bin/startup_stm32f103xe.o
DMA2_Channel4_5_IRQHandler                        ./bin/startup_stm32f103xe.o
DebugMon_Handler                                  ./bin/isr.o
Default_Handler                                   ./bin/startup_stm32f103xe.o
EXTI0_IRQHandler                                  ./bin/startup_stm32f103xe.o
EXTI15_10_IRQHandler                              ./bin/startup_stm32f103xe.o
EXTI1_IRQHandler                                  ./bin/startup_stm32f103xe.o
EXTI2_IRQHandler                                  ./bin/startup_stm32f103xe.o
EXTI3_IRQHandler                                  ./bin/startup_stm32f103xe.o
EXTI4_IRQHandler                                  ./bin/startup_stm32f103xe.o
EXTI9_5_IRQHandler                                ./bin/startup_stm32f103xe.o
FLASH_IRQHandler                                  ./bin/startup_stm32f103xe.o
FSMC_IRQHandler                                   ./bin/startup_stm32f103xe.o
HAL_DBGMCU_DisableDBGSleepMode                    ../lib/libstm32f1hal/bin/libstm32f1hal.a(stm32f1xx_hal.o)
HAL_DBGMCU_DisableDBGStandbyMode                  ../lib/libstm32f1hal/bin/libstm32f1hal.a(stm32f1xx_hal.o)
HAL_DBGMCU_DisableDBGStopMode                     ../lib/libstm32f1hal/bin/libstm32f1hal.a(stm32f1xx_hal.o)
HAL_DBGMCU_EnableDBGSleepMode                     ../lib/libstm32f1hal/bin/libstm32f1hal.a(stm32f1xx_hal.o)
HAL_DBGMCU_EnableDBGStandbyMode                   ../lib/libstm32f1hal/bin/libstm32f1hal.a(stm32f1xx_hal.o)
HAL_DBGMCU_EnableDBGStopMode                      ../lib/libstm32f1hal/bin/libstm32f1hal.a(stm32f1xx_hal.o)
HAL_DMA_Abort                                     ../lib/libstm32f1hal/bin/libstm32f1hal.a(stm32f1xx_hal_dma.o)
                                                  ../lib/libstm32f1hal/bin/libstm32f1hal.a(stm32f1xx_hal_uart.o)
HAL_DMA_Abort_IT                                  ../lib/libstm32f1hal/bin/libstm32f1hal.a(stm32f1xx_hal_dma.o)
                                                  ../lib/libstm32f1hal/bin/libstm32f1hal.a(stm32f1xx_hal_uart.o)
                                                  ../lib/libstm32f1hal/bin/libstm32f1hal.a(stm32f1xx_hal_tim_ex.o)
                                                  ../lib/libstm32f1hal/bin/libstm32f1hal.a(stm32f1xx_hal_tim.o)
                                                  ../lib/libstm32f1hal/bin/libstm32f1hal.a(stm32f1xx_hal_i2c.o)
HAL_DMA_DeInit                                    ../lib/libstm32f1hal/bin/libstm32f1hal.a(stm32f1xx_hal_dma.o)
                                                  ./bin/sys_timer.o
HAL_DMA_GetError                                  ../lib/libstm32f1hal/bin/libstm32f1hal.a(stm32f1xx_hal_dma.o)
                                                  ../lib/libstm32f1hal/bin/libstm32f1hal.a(stm32f1xx_hal_uart.o)
HAL_DMA_GetState                                  ../lib/libstm32f1hal/bin/libstm32f1hal.a(stm32f1xx_hal_dma.o)
                                                  ../lib/libstm32f1hal/bin/libstm32f1hal.a(stm32f1xx_hal_i2c.o)
HAL_DMA_IRQHandler                                ../lib/libstm32f1hal/bin/libstm32f1hal.a(stm32f1xx_hal_dma.o)
                                                  ./bin/isr.o
HAL_DMA_Init                                      ../lib/libstm32f1hal/bin/libstm32f1hal.a(stm32f1xx_hal_dma.o)
                                                  ./bin/sys_timer.o
HAL_DMA_PollForTransfer                           ../lib/libstm32f1hal/bin/libstm32f1hal.a(stm32f1xx_hal_dma.o)
HAL_DMA_RegisterCallback                          ../lib/libstm32f1hal/bin/libstm32f1hal.a(stm32f1xx_hal_dma.o)
HAL_DMA_Start                                     ../lib/libstm32f1hal/bin/libstm32f1hal.a(stm32f1xx_hal_dma.o)
HAL_DMA_Start_IT                                  ../lib/libstm32f1hal/bin/libstm32f1hal.a(stm32f1xx_hal_dma.o)
                                                  ../lib/libstm32f1hal/bin/libstm32f1hal.a(stm32f1xx_hal_uart.o)
                                                  ../lib/libstm32f1hal/bin/libstm32f1hal.a(stm32f1xx_hal_tim_ex.o)
                                                  ../lib/libstm32f1hal/bin/libstm32f1hal.a(stm32f1xx_hal_tim.o)
                                                  ../lib/libstm32f1hal/bin/libstm32f1hal.a(stm32f1xx_hal_i2c.o)
HAL_DMA_UnRegisterCallback                        ../lib/libstm32f1hal/bin/libstm32f1hal.a(stm32f1xx_hal_dma.o)
HAL_DeInit                                        ../lib/libstm32f1hal/bin/libstm32f1hal.a(stm32f1xx_hal.o)
HAL_Delay                                         ../lib/libstm32f1hal/bin/libstm32f1hal.a(stm32f1xx_hal.o)
                                                  ./bin/sys_init.o
                                                  ./bin/main.o
HAL_GPIO_DeInit                                   ../lib/libstm32f1hal/bin/libstm32f1hal.a(stm32f1xx_hal_gpio.o)
                                                  ./bin/sys_usart.o
                                                  ./bin/sys_i2c.o
HAL_GPIO_EXTI_Callback                            ../lib/libstm32f1hal/bin/libstm32f1hal.a(stm32f1xx_hal_gpio.o)
HAL_GPIO_EXTI_IRQHandler                          ../lib/libstm32f1hal/bin/libstm32f1hal.a(stm32f1xx_hal_gpio.o)
HAL_GPIO_Init                                     ../lib/libstm32f1hal/bin/libstm32f1hal.a(stm32f1xx_hal_gpio.o)
                                                  ../lib/libstm32f1hal/bin/libstm32f1hal.a(stm32f1xx_hal_rcc.o)
                                                  ./bin/sys_timer.o
                                                  ./bin/sys_usart.o
                                                  ./bin/sys_i2c.o
                                                  ./bin/sys_gpio.o
HAL_GPIO_LockPin                                  ../lib/libstm32f1hal/bin/libstm32f1hal.a(stm32f1xx_hal_gpio.o)
HAL_GPIO_ReadPin                                  ../lib/libstm32f1hal/bin/libstm32f1hal.a(stm32f1xx_hal_gpio.o)
                                                  ./bin/sys_hwb.o
HAL_GPIO_TogglePin                                ../lib/libstm32f1hal/bin/libstm32f1hal.a(stm32f1xx_hal_gpio.o)
HAL_GPIO_WritePin                                 ../lib/libstm32f1hal/bin/libstm32f1hal.a(stm32f1xx_hal_gpio.o)
                                                  ./bin/sys_init.o
                                                  ./bin/error.o
HAL_GetDEVID                                      ../lib/libstm32f1hal/bin/libstm32f1hal.a(stm32f1xx_hal.o)
HAL_GetHalVersion                                 ../lib/libstm32f1hal/bin/libstm32f1hal.a(stm32f1xx_hal.o)
HAL_GetREVID                                      ../lib/libstm32f1hal/bin/libstm32f1hal.a(stm32f1xx_hal.o)
HAL_GetTick                                       ../lib/libstm32f1hal/bin/libstm32f1hal.a(stm32f1xx_hal.o)
                                                  ../lib/libstm32f1hal/bin/libstm32f1hal.a(stm32f1xx_hal_uart.o)
                                                  ../lib/libstm32f1hal/bin/libstm32f1hal.a(stm32f1xx_hal_rcc.o)
                                                  ../lib/libstm32f1hal/bin/libstm32f1hal.a(stm32f1xx_hal_i2c.o)
                                                  ../lib/libstm32f1hal/bin/libstm32f1hal.a(stm32f1xx_hal_dma.o)
HAL_GetTickFreq                                   ../lib/libstm32f1hal/bin/libstm32f1hal.a(stm32f1xx_hal.o)
HAL_GetTickPrio                                   ../lib/libstm32f1hal/bin/libstm32f1hal.a(stm32f1xx_hal.o)
HAL_GetUIDw0                                      ../lib/libstm32f1hal/bin/libstm32f1hal.a(stm32f1xx_hal.o)
HAL_GetUIDw1                                      ../lib/libstm32f1hal/bin/libstm32f1hal.a(stm32f1xx_hal.o)
HAL_GetUIDw2                                      ../lib/libstm32f1hal/bin/libstm32f1hal.a(stm32f1xx_hal.o)
HAL_HalfDuplex_EnableReceiver                     ../lib/libstm32f1hal/bin/libstm32f1hal.a(stm32f1xx_hal_uart.o)
HAL_HalfDuplex_EnableTransmitter                  ../lib/libstm32f1hal/bin/libstm32f1hal.a(stm32f1xx_hal_uart.o)
HAL_HalfDuplex_Init                               ../lib/libstm32f1hal/bin/libstm32f1hal.a(stm32f1xx_hal_uart.o)
HAL_I2C_AbortCpltCallback                         ../lib/libstm32f1hal/bin/libstm32f1hal.a(stm32f1xx_hal_i2c.o)
HAL_I2C_AddrCallback                              ../lib/libstm32f1hal/bin/libstm32f1hal.a(stm32f1xx_hal_i2c.o)
HAL_I2C_DeInit                                    ../lib/libstm32f1hal/bin/libstm32f1hal.a(stm32f1xx_hal_i2c.o)
HAL_I2C_DisableListen_IT                          ../lib/libstm32f1hal/bin/libstm32f1hal.a(stm32f1xx_hal_i2c.o)
HAL_I2C_ER_IRQHandler                             ../lib/libstm32f1hal/bin/libstm32f1hal.a(stm32f1xx_hal_i2c.o)
HAL_I2C_EV_IRQHandler                             ../lib/libstm32f1hal/bin/libstm32f1hal.a(stm32f1xx_hal_i2c.o)
HAL_I2C_EnableListen_IT                           ../lib/libstm32f1hal/bin/libstm32f1hal.a(stm32f1xx_hal_i2c.o)
HAL_I2C_ErrorCallback                             ../lib/libstm32f1hal/bin/libstm32f1hal.a(stm32f1xx_hal_i2c.o)
HAL_I2C_GetError                                  ../lib/libstm32f1hal/bin/libstm32f1hal.a(stm32f1xx_hal_i2c.o)
HAL_I2C_GetMode                                   ../lib/libstm32f1hal/bin/libstm32f1hal.a(stm32f1xx_hal_i2c.o)
HAL_I2C_GetState                                  ../lib/libstm32f1hal/bin/libstm32f1hal.a(stm32f1xx_hal_i2c.o)
HAL_I2C_Init                                      ../lib/libstm32f1hal/bin/libstm32f1hal.a(stm32f1xx_hal_i2c.o)
                                                  ./bin/sys_i2c.o
HAL_I2C_IsDeviceReady                             ../lib/libstm32f1hal/bin/libstm32f1hal.a(stm32f1xx_hal_i2c.o)
HAL_I2C_ListenCpltCallback                        ../lib/libstm32f1hal/bin/libstm32f1hal.a(stm32f1xx_hal_i2c.o)
HAL_I2C_MasterRxCpltCallback                      ../lib/libstm32f1hal/bin/libstm32f1hal.a(stm32f1xx_hal_i2c.o)
HAL_I2C_MasterTxCpltCallback                      ../lib/libstm32f1hal/bin/libstm32f1hal.a(stm32f1xx_hal_i2c.o)
HAL_I2C_Master_Abort_IT                           ../lib/libstm32f1hal/bin/libstm32f1hal.a(stm32f1xx_hal_i2c.o)
HAL_I2C_Master_Receive                            ../lib/libstm32f1hal/bin/libstm32f1hal.a(stm32f1xx_hal_i2c.o)
                                                  ./bin/sys_pca9555.o
HAL_I2C_Master_Receive_DMA                        ../lib/libstm32f1hal/bin/libstm32f1hal.a(stm32f1xx_hal_i2c.o)
HAL_I2C_Master_Receive_IT                         ../lib/libstm32f1hal/bin/libstm32f1hal.a(stm32f1xx_hal_i2c.o)
HAL_I2C_Master_Seq_Receive_DMA                    ../lib/libstm32f1hal/bin/libstm32f1hal.a(stm32f1xx_hal_i2c.o)
HAL_I2C_Master_Seq_Receive_IT                     ../lib/libstm32f1hal/bin/libstm32f1hal.a(stm32f1xx_hal_i2c.o)
HAL_I2C_Master_Seq_Transmit_DMA                   ../lib/libstm32f1hal/bin/libstm32f1hal.a(stm32f1xx_hal_i2c.o)
HAL_I2C_Master_Seq_Transmit_IT                    ../lib/libstm32f1hal/bin/libstm32f1hal.a(stm32f1xx_hal_i2c.o)
HAL_I2C_Master_Transmit                           ../lib/libstm32f1hal/bin/libstm32f1hal.a(stm32f1xx_hal_i2c.o)
                                                  ./bin/sys_pca9555.o
HAL_I2C_Master_Transmit_DMA                       ../lib/libstm32f1hal/bin/libstm32f1hal.a(stm32f1xx_hal_i2c.o)
HAL_I2C_Master_Transmit_IT                        ../lib/libstm32f1hal/bin/libstm32f1hal.a(stm32f1xx_hal_i2c.o)
HAL_I2C_MemRxCpltCallback                         ../lib/libstm32f1hal/bin/libstm32f1hal.a(stm32f1xx_hal_i2c.o)
HAL_I2C_MemTxCpltCallback                         ../lib/libstm32f1hal/bin/libstm32f1hal.a(stm32f1xx_hal_i2c.o)
HAL_I2C_Mem_Read                                  ../lib/libstm32f1hal/bin/libstm32f1hal.a(stm32f1xx_hal_i2c.o)
HAL_I2C_Mem_Read_DMA                              ../lib/libstm32f1hal/bin/libstm32f1hal.a(stm32f1xx_hal_i2c.o)
HAL_I2C_Mem_Read_IT                               ../lib/libstm32f1hal/bin/libstm32f1hal.a(stm32f1xx_hal_i2c.o)
HAL_I2C_Mem_Write                                 ../lib/libstm32f1hal/bin/libstm32f1hal.a(stm32f1xx_hal_i2c.o)
HAL_I2C_Mem_Write_DMA                             ../lib/libstm32f1hal/bin/libstm32f1hal.a(stm32f1xx_hal_i2c.o)
HAL_I2C_Mem_Write_IT                              ../lib/libstm32f1hal/bin/libstm32f1hal.a(stm32f1xx_hal_i2c.o)
HAL_I2C_MspDeInit                                 ../lib/libstm32f1hal/bin/libstm32f1hal.a(stm32f1xx_hal_i2c.o)
HAL_I2C_MspInit                                   ../lib/libstm32f1hal/bin/libstm32f1hal.a(stm32f1xx_hal_i2c.o)
HAL_I2C_RegisterAddrCallback                      ../lib/libstm32f1hal/bin/libstm32f1hal.a(stm32f1xx_hal_i2c.o)
HAL_I2C_RegisterCallback                          ../lib/libstm32f1hal/bin/libstm32f1hal.a(stm32f1xx_hal_i2c.o)
HAL_I2C_SlaveRxCpltCallback                       ../lib/libstm32f1hal/bin/libstm32f1hal.a(stm32f1xx_hal_i2c.o)
HAL_I2C_SlaveTxCpltCallback                       ../lib/libstm32f1hal/bin/libstm32f1hal.a(stm32f1xx_hal_i2c.o)
HAL_I2C_Slave_Receive                             ../lib/libstm32f1hal/bin/libstm32f1hal.a(stm32f1xx_hal_i2c.o)
HAL_I2C_Slave_Receive_DMA                         ../lib/libstm32f1hal/bin/libstm32f1hal.a(stm32f1xx_hal_i2c.o)
HAL_I2C_Slave_Receive_IT                          ../lib/libstm32f1hal/bin/libstm32f1hal.a(stm32f1xx_hal_i2c.o)
HAL_I2C_Slave_Seq_Receive_DMA                     ../lib/libstm32f1hal/bin/libstm32f1hal.a(stm32f1xx_hal_i2c.o)
HAL_I2C_Slave_Seq_Receive_IT                      ../lib/libstm32f1hal/bin/libstm32f1hal.a(stm32f1xx_hal_i2c.o)
HAL_I2C_Slave_Seq_Transmit_DMA                    ../lib/libstm32f1hal/bin/libstm32f1hal.a(stm32f1xx_hal_i2c.o)
HAL_I2C_Slave_Seq_Transmit_IT                     ../lib/libstm32f1hal/bin/libstm32f1hal.a(stm32f1xx_hal_i2c.o)
HAL_I2C_Slave_Transmit                            ../lib/libstm32f1hal/bin/libstm32f1hal.a(stm32f1xx_hal_i2c.o)
HAL_I2C_Slave_Transmit_DMA                        ../lib/libstm32f1hal/bin/libstm32f1hal.a(stm32f1xx_hal_i2c.o)
HAL_I2C_Slave_Transmit_IT                         ../lib/libstm32f1hal/bin/libstm32f1hal.a(stm32f1xx_hal_i2c.o)
HAL_I2C_UnRegisterAddrCallback                    ../lib/libstm32f1hal/bin/libstm32f1hal.a(stm32f1xx_hal_i2c.o)
HAL_I2C_UnRegisterCallback                        ../lib/libstm32f1hal/bin/libstm32f1hal.a(stm32f1xx_hal_i2c.o)
HAL_IncTick                                       ../lib/libstm32f1hal/bin/libstm32f1hal.a(stm32f1xx_hal.o)
                                                  ./bin/isr.o
HAL_Init                                          ../lib/libstm32f1hal/bin/libstm32f1hal.a(stm32f1xx_hal.o)
                                                  ./bin/main.o
HAL_InitTick                                      ../lib/libstm32f1hal/bin/libstm32f1hal.a(stm32f1xx_hal.o)
                                                  ../lib/libstm32f1hal/bin/libstm32f1hal.a(stm32f1xx_hal_rcc.o)
HAL_LIN_Init                                      ../lib/libstm32f1hal/bin/libstm32f1hal.a(stm32f1xx_hal_uart.o)
HAL_LIN_SendBreak                                 ../lib/libstm32f1hal/bin/libstm32f1hal.a(stm32f1xx_hal_uart.o)
HAL_MspDeInit                                     ../lib/libstm32f1hal/bin/libstm32f1hal.a(stm32f1xx_hal.o)
HAL_MspInit                                       ./bin/main.o
HAL_MultiProcessor_EnterMuteMode                  ../lib/libstm32f1hal/bin/libstm32f1hal.a(stm32f1xx_hal_uart.o)
HAL_MultiProcessor_ExitMuteMode                   ../lib/libstm32f1hal/bin/libstm32f1hal.a(stm32f1xx_hal_uart.o)
HAL_MultiProcessor_Init                           ../lib/libstm32f1hal/bin/libstm32f1hal.a(stm32f1xx_hal_uart.o)
HAL_NVIC_ClearPendingIRQ                          ../lib/libstm32f1hal/bin/libstm32f1hal.a(stm32f1xx_hal_cortex.o)
HAL_NVIC_DisableIRQ                               ../lib/libstm32f1hal/bin/libstm32f1hal.a(stm32f1xx_hal_cortex.o)
HAL_NVIC_EnableIRQ                                ../lib/libstm32f1hal/bin/libstm32f1hal.a(stm32f1xx_hal_cortex.o)
                                                  ./bin/sys_dma.o
HAL_NVIC_GetActive                                ../lib/libstm32f1hal/bin/libstm32f1hal.a(stm32f1xx_hal_cortex.o)
HAL_NVIC_GetPendingIRQ                            ../lib/libstm32f1hal/bin/libstm32f1hal.a(stm32f1xx_hal_cortex.o)
HAL_NVIC_GetPriority                              ../lib/libstm32f1hal/bin/libstm32f1hal.a(stm32f1xx_hal_cortex.o)
HAL_NVIC_GetPriorityGrouping                      ../lib/libstm32f1hal/bin/libstm32f1hal.a(stm32f1xx_hal_cortex.o)