Archive member included to satisfy reference by file (symbol)

../lib/libpca9555/bin/libpca9555.a(pca9555.o)
                              ./bin/sys_pca9555.o (PCA9555_LibInit)
../lib/libneopixel32/bin/libneopixel32.a(neopixel32.o)
                              ./bin/sys_ws2812.o (NP32_Init)
../lib/libstm32f1hal/bin/libstm32f1hal.a(stm32f1xx_hal.o)
                              ./bin/main.o (HAL_Init)
../lib/libstm32f1hal/bin/libstm32f1hal.a(stm32f1xx_hal_cortex.o)
                              ../lib/libstm32f1hal/bin/libstm32f1hal.a(stm32f1xx_hal.o) (HAL_NVIC_SetPriorityGrouping)
../lib/libstm32f1hal/bin/libstm32f1hal.a(stm32f1xx_hal_dma.o)
                              ./bin/sys_timer.o (HAL_DMA_Init)
../lib/libstm32f1hal/bin/libstm32f1hal.a(stm32f1xx_hal_gpio.o)
                              ./bin/sys_gpio.o (HAL_GPIO_Init)
../lib/libstm32f1hal/bin/libstm32f1hal.a(stm32f1xx_hal_i2c.o)
                              ./bin/sys_i2c.o (HAL_I2C_Init)
../lib/libstm32f1hal/bin/libstm32f1hal.a(stm32f1xx_hal_rcc.o)
                              ./bin/sys_clock.o (HAL_RCC_OscConfig)
../lib/libstm32f1hal/bin/libstm32f1hal.a(stm32f1xx_hal_tim.o)
                              ./bin/sys_timer.o (HAL_TIM_PeriodElapsedCallback)
../lib/libstm32f1hal/bin/libstm32f1hal.a(stm32f1xx_hal_tim_ex.o)
                              ../lib/libstm32f1hal/bin/libstm32f1hal.a(stm32f1xx_hal_tim.o) (HAL_TIMEx_HallSensor_MspInit)
../lib/libstm32f1hal/bin/libstm32f1hal.a(stm32f1xx_hal_uart.o)
                              ./bin/main.o (HAL_UART_Transmit)
/home/berndoj/install/gcc-arm-none-eabi-9-2019-q4-major/bin/../lib/gcc/arm-none-eabi/9.2.1/../../../../arm-none-eabi/lib/thumb/v7-m/nofp/libc_nano.a(lib_a-calloc.o)
                              ../lib/libneopixel32/bin/libneopixel32.a(neopixel32.o) (calloc)
/home/berndoj/install/gcc-arm-none-eabi-9-2019-q4-major/bin/../lib/gcc/arm-none-eabi/9.2.1/../../../../arm-none-eabi/lib/thumb/v7-m/nofp/libc_nano.a(lib_a-exit.o)
                              /home/berndoj/install/gcc-arm-none-eabi-9-2019-q4-major/bin/../lib/gcc/arm-none-eabi/9.2.1/../../../../arm-none-eabi/lib/thumb/v7-m/nofp/crt0.o (exit)
/home/berndoj/install/gcc-arm-none-eabi-9-2019-q4-major/bin/../lib/gcc/arm-none-eabi/9.2.1/../../../../arm-none-eabi/lib/thumb/v7-m/nofp/libc_nano.a(lib_a-impure.o)
                              /home/berndoj/install/gcc-arm-none-eabi-9-2019-q4-major/bin/../lib/gcc/arm-none-eabi/9.2.1/../../../../arm-none-eabi/lib/thumb/v7-m/nofp/libc_nano.a(lib_a-exit.o) (_global_impure_ptr)
/home/berndoj/install/gcc-arm-none-eabi-9-2019-q4-major/bin/../lib/gcc/arm-none-eabi/9.2.1/../../../../arm-none-eabi/lib/thumb/v7-m/nofp/libc_nano.a(lib_a-init.o)
                              /home/berndoj/install/gcc-arm-none-eabi-9-2019-q4-major/bin/../lib/gcc/arm-none-eabi/9.2.1/../../../../arm-none-eabi/lib/thumb/v7-m/nofp/crt0.o (__libc_init_array)
/home/berndoj/install/gcc-arm-none-eabi-9-2019-q4-major/bin/../lib/gcc/arm-none-eabi/9.2.1/../../../../arm-none-eabi/lib/thumb/v7-m/nofp/libc_nano.a(lib_a-malloc.o)
                              ./bin/main.o (malloc)
/home/berndoj/install/gcc-arm-none-eabi-9-2019-q4-major/bin/../lib/gcc/arm-none-eabi/9.2.1/../../../../arm-none-eabi/lib/thumb/v7-m/nofp/libc_nano.a(lib_a-memset.o)
                              /home/berndoj/install/gcc-arm-none-eabi-9-2019-q4-major/bin/../lib/gcc/arm-none-eabi/9.2.1/../../../../arm-none-eabi/lib/thumb/v7-m/nofp/crt0.o (memset)
/home/berndoj/install/gcc-arm-none-eabi-9-2019-q4-major/bin/../lib/gcc/arm-none-eabi/9.2.1/../../../../arm-none-eabi/lib/thumb/v7-m/nofp/libc_nano.a(lib_a-nano-callocr.o)
                              /home/berndoj/install/gcc-arm-none-eabi-9-2019-q4-major/bin/../lib/gcc/arm-none-eabi/9.2.1/../../../../arm-none-eabi/lib/thumb/v7-m/nofp/libc_nano.a(lib_a-calloc.o) (_calloc_r)
/home/berndoj/install/gcc-arm-none-eabi-9-2019-q4-major/bin/../lib/gcc/arm-none-eabi/9.2.1/../../../../arm-none-eabi/lib/thumb/v7-m/nofp/libc_nano.a(lib_a-nano-freer.o)
                              /home/berndoj/install/gcc-arm-none-eabi-9-2019-q4-major/bin/../lib/gcc/arm-none-eabi/9.2.1/../../../../arm-none-eabi/lib/thumb/v7-m/nofp/libc_nano.a(lib_a-malloc.o) (_free_r)
/home/berndoj/install/gcc-arm-none-eabi-9-2019-q4-major/bin/../lib/gcc/arm-none-eabi/9.2.1/../../../../arm-none-eabi/lib/thumb/v7-m/nofp/libc_nano.a(lib_a-nano-mallocr.o)
                              /home/berndoj/install/gcc-arm-none-eabi-9-2019-q4-major/bin/../lib/gcc/arm-none-eabi/9.2.1/../../../../arm-none-eabi/lib/thumb/v7-m/nofp/libc_nano.a(lib_a-malloc.o) (_malloc_r)
/home/berndoj/install/gcc-arm-none-eabi-9-2019-q4-major/bin/../lib/gcc/arm-none-eabi/9.2.1/../../../../arm-none-eabi/lib/thumb/v7-m/nofp/libc_nano.a(lib_a-sbrkr.o)
                              /home/berndoj/install/gcc-arm-none-eabi-9-2019-q4-major/bin/../lib/gcc/arm-none-eabi/9.2.1/../../../../arm-none-eabi/lib/thumb/v7-m/nofp/libc_nano.a(lib_a-nano-mallocr.o) (_sbrk_r)
[...]
Memory Configuration

Name             Origin             Length             Attributes
FLASH            0x0000000008000000 0x0000000000080000 xr
RAM              0x0000000020000000 0x0000000000010000 xrw
*default*        0x0000000000000000 0xffffffffffffffff

Linker script and memory map

LOAD /home/berndoj/install/gcc-arm-none-eabi-9-2019-q4-major/bin/../lib/gcc/arm-none-eabi/9.2.1/thumb/v7-m/nofp/crti.o
LOAD /home/berndoj/install/gcc-arm-none-eabi-9-2019-q4-major/bin/../lib/gcc/arm-none-eabi/9.2.1/thumb/v7-m/nofp/crtbegin.o
LOAD /home/berndoj/install/gcc-arm-none-eabi-9-2019-q4-major/bin/../lib/gcc/arm-none-eabi/9.2.1/../../../../arm-none-eabi/lib/thumb/v7-m/nofp/crt0.o
LOAD ./bin/main.o
LOAD ./bin/mcu_init.o
LOAD ./bin/isr.o
LOAD ./bin/error.o
LOAD ./bin/debug.o
LOAD ./bin/sys_clock.o
LOAD ./bin/sys_gpio.o
LOAD ./bin/sys_init.o
LOAD ./bin/sys_pca9555.o
LOAD ./bin/sys_i2c.o
LOAD ./bin/sys_usart.o
LOAD ./bin/sys_hwb.o
LOAD ./bin/sys_timer.o
LOAD ./bin/sys_ws2812.o
LOAD ./bin/sys_dma.o
LOAD ./bin/startup_stm32f103xe.o
LOAD ../lib/libpca9555/bin/libpca9555.a
LOAD ../lib/libneopixel32/bin/libneopixel32.a
LOAD ../lib/libstm32f1hal/bin/libstm32f1hal.a
LOAD /home/berndoj/install/gcc-arm-none-eabi-9-2019-q4-major/bin/../lib/gcc/arm-none-eabi/9.2.1/../../../../arm-none-eabi/lib/thumb/v7-m/nofp/libc_nano.a
LOAD /home/berndoj/install/gcc-arm-none-eabi-9-2019-q4-major/bin/../lib/gcc/arm-none-eabi/9.2.1/../../../../arm-none-eabi/lib/thumb/v7-m/nofp/libm.a
LOAD /home/berndoj/install/gcc-arm-none-eabi-9-2019-q4-major/bin/../lib/gcc/arm-none-eabi/9.2.1/../../../../arm-none-eabi/lib/thumb/v7-m/nofp/libnosys.a
START GROUP
LOAD /home/berndoj/install/gcc-arm-none-eabi-9-2019-q4-major/bin/../lib/gcc/arm-none-eabi/9.2.1/thumb/v7-m/nofp/libgcc.a
LOAD /home/berndoj/install/gcc-arm-none-eabi-9-2019-q4-major/bin/../lib/gcc/arm-none-eabi/9.2.1/../../../../arm-none-eabi/lib/thumb/v7-m/nofp/libc_nano.a
END GROUP
START GROUP
LOAD /home/berndoj/install/gcc-arm-none-eabi-9-2019-q4-major/bin/../lib/gcc/arm-none-eabi/9.2.1/thumb/v7-m/nofp/libgcc.a
LOAD /home/berndoj/install/gcc-arm-none-eabi-9-2019-q4-major/bin/../lib/gcc/arm-none-eabi/9.2.1/../../../../arm-none-eabi/lib/thumb/v7-m/nofp/libc_nano.a
END GROUP
LOAD /home/berndoj/install/gcc-arm-none-eabi-9-2019-q4-major/bin/../lib/gcc/arm-none-eabi/9.2.1/thumb/v7-m/nofp/crtend.o
LOAD /home/berndoj/install/gcc-arm-none-eabi-9-2019-q4-major/bin/../lib/gcc/arm-none-eabi/9.2.1/thumb/v7-m/nofp/crtn.o
                0x000000002000ffff                _estack = 0x2000ffff
                0x0000000000000200                _Min_Heap_Size = 0x200
                0x0000000000000400                _Min_Stack_Size = 0x400

.isr_vector     0x0000000008000000      0x1e4
                0x0000000008000000                . = ALIGN (0x4)
 *(.isr_vector)
 .isr_vector    0x0000000008000000      0x1e4 ./bin/startup_stm32f103xe.o
                0x0000000008000000                g_pfnVectors
                0x00000000080001e4                . = ALIGN (0x4)

.text           0x00000000080001e4     0x3494
                0x00000000080001e4                . = ALIGN (0x4)
 *(.text)
 .text          0x00000000080001e4       0x40 /home/berndoj/install/gcc-arm-none-eabi-9-2019-q4-major/bin/../lib/gcc/arm-none-eabi/9.2.1/thumb/v7-m/nofp/crtbegin.o
 *(.text*)
 .text.startup.main
                0x0000000008000224      0x140 ./bin/main.o
                0x0000000008000224                main
 .text.HAL_MspInit
                0x0000000008000364       0x30 ./bin/main.o
                0x0000000008000364                HAL_MspInit
 .text.SystemInit
                0x0000000008000394       0x4c ./bin/mcu_init.o
                0x0000000008000394                SystemInit
 .text.NMI_Handler
                0x00000000080003e0        0x2 ./bin/isr.o
                0x00000000080003e0                NMI_Handler
 *fill*         0x00000000080003e2        0x2 
 .text.HardFault_Handler
                0x00000000080003e4       0x40 ./bin/isr.o
                0x00000000080003e4                HardFault_Handler
 .text.MemManage_Handler
                0x0000000008000424       0x40 ./bin/isr.o
                0x0000000008000424                MemManage_Handler
 .text.BusFault_Handler
                0x0000000008000464       0x40 ./bin/isr.o
                0x0000000008000464                BusFault_Handler
 .text.UsageFault_Handler
                0x00000000080004a4       0x40 ./bin/isr.o
                0x00000000080004a4                UsageFault_Handler
 .text.SVC_Handler
                0x00000000080004e4        0x2 ./bin/isr.o
                0x00000000080004e4                SVC_Handler
 .text.DebugMon_Handler
                0x00000000080004e6        0x2 ./bin/isr.o
                0x00000000080004e6                DebugMon_Handler
 .text.PendSV_Handler
                0x00000000080004e8        0x2 ./bin/isr.o
                0x00000000080004e8                PendSV_Handler
 .text.SysTick_Handler
                0x00000000080004ea        0x4 ./bin/isr.o
                0x00000000080004ea                SysTick_Handler
 *fill*         0x00000000080004ee        0x2 
 .text.DMA1_Channel1_IRQHandler
                0x00000000080004f0       0x20 ./bin/isr.o
                0x00000000080004f0                DMA1_Channel1_IRQHandler
 .text._SYS_Error_NotifyDebug.part.0
                0x0000000008000510       0x4c ./bin/error.o
 .text.SYS_ThrowError
                0x000000000800055c       0x6c ./bin/error.o
                0x000000000800055c                SYS_ThrowError
 .text.SYS_Clock_Init
                0x00000000080005c8       0x70 ./bin/sys_clock.o
                0x00000000080005c8                SYS_Clock_Init
 .text.SYS_GPIO_Init
                0x0000000008000638       0xf0 ./bin/sys_gpio.o
                0x0000000008000638                SYS_GPIO_Init
 .text.SYS_Init
                0x0000000008000728       0x68 ./bin/sys_init.o
                0x0000000008000728                SYS_Init
 .text.SYS_PostPortInit
                0x0000000008000790       0x18 ./bin/sys_init.o
                0x0000000008000790                SYS_PostPortInit
 .text.SYS_PostLibInit
                0x00000000080007a8        0x2 ./bin/sys_init.o
                0x00000000080007a8                SYS_PostLibInit
 *fill*         0x00000000080007aa        0x2 
 .text._SYS_PCA9555_I2C_Read_Func
                0x00000000080007ac       0x3c ./bin/sys_pca9555.o
 .text._SYS_PCA9555_I2C_Write_Func
                0x00000000080007e8       0x2c ./bin/sys_pca9555.o
 .text.SYS_PCA9555_Init
                0x0000000008000814       0x68 ./bin/sys_pca9555.o
                0x0000000008000814                SYS_PCA9555_Init
 .text._SYS_I2C1_MspDeInitCallback
                0x000000000800087c       0x1c ./bin/sys_i2c.o
 .text._SYS_I2C1_MspInitCallback
                0x0000000008000898       0x50 ./bin/sys_i2c.o
 .text.SYS_I2C_Init
                0x00000000080008e8       0x70 ./bin/sys_i2c.o
                0x00000000080008e8                SYS_I2C_Init
 .text._SYS_USART1_MspDeInitCallback
                0x0000000008000958       0x1c ./bin/sys_usart.o
 .text._SYS_USART1_MspInitCallback
                0x0000000008000974       0x64 ./bin/sys_usart.o
 .text.SYS_USART_Init
                0x00000000080009d8       0x68 ./bin/sys_usart.o
                0x00000000080009d8                SYS_USART_Init
 .text.SYS_HWB_Read
                0x0000000008000a40       0x64 ./bin/sys_hwb.o
                0x0000000008000a40                SYS_HWB_Read
 .text._SYS_Timer2_PWM_MspDeInit_Callback
                0x0000000008000aa4       0x14 ./bin/sys_timer.o
 .text._SYS_Timer2_PWM_MspInit_Callback
                0x0000000008000ab8       0x70 ./bin/sys_timer.o
 .text.SYS_Timer_Init
                0x0000000008000b28      0x14c ./bin/sys_timer.o
                0x0000000008000b28                SYS_Timer_Init
 .text._NP32_StartDMA_Call
                0x0000000008000c74       0x20 ./bin/sys_ws2812.o
 .text.SYS_WS2812_Init
                0x0000000008000c94       0x48 ./bin/sys_ws2812.o
                0x0000000008000c94                SYS_WS2812_Init
 .text.SYS_DMA_Init
                0x0000000008000cdc       0x30 ./bin/sys_dma.o
                0x0000000008000cdc                SYS_DMA_Init
 .text.Reset_Handler
                0x0000000008000d0c       0x48 ./bin/startup_stm32f103xe.o
                0x0000000008000d0c                Reset_Handler
 .text.Default_Handler
                0x0000000008000d54        0x2 ./bin/startup_stm32f103xe.o
                0x0000000008000d54                RTC_Alarm_IRQHandler
                0x0000000008000d54                EXTI2_IRQHandler
                0x0000000008000d54                TIM8_TRG_COM_IRQHandler
                0x0000000008000d54                TIM8_CC_IRQHandler
                0x0000000008000d54                TIM1_CC_IRQHandler
                0x0000000008000d54                TIM6_IRQHandler
                0x0000000008000d54                PVD_IRQHandler
                0x0000000008000d54                SDIO_IRQHandler
                0x0000000008000d54                EXTI3_IRQHandler
                0x0000000008000d54                EXTI0_IRQHandler
                0x0000000008000d54                I2C2_EV_IRQHandler
                0x0000000008000d54                ADC1_2_IRQHandler
                0x0000000008000d54                SPI1_IRQHandler
                0x0000000008000d54                TAMPER_IRQHandler
                0x0000000008000d54                TIM8_UP_IRQHandler
                0x0000000008000d54                DMA2_Channel2_IRQHandler
                0x0000000008000d54                DMA1_Channel4_IRQHandler
                0x0000000008000d54                USART3_IRQHandler
                0x0000000008000d54                RTC_IRQHandler
                0x0000000008000d54                DMA1_Channel7_IRQHandler
                0x0000000008000d54                CAN1_RX1_IRQHandler
                0x0000000008000d54                UART5_IRQHandler
                0x0000000008000d54                ADC3_IRQHandler
                0x0000000008000d54                TIM4_IRQHandler
                0x0000000008000d54                DMA2_Channel1_IRQHandler
                0x0000000008000d54                I2C1_EV_IRQHandler
                0x0000000008000d54                DMA1_Channel6_IRQHandler
                0x0000000008000d54                UART4_IRQHandler
                0x0000000008000d54                TIM3_IRQHandler
                0x0000000008000d54                RCC_IRQHandler
                0x0000000008000d54                TIM1_TRG_COM_IRQHandler
                0x0000000008000d54                Default_Handler
                0x0000000008000d54                EXTI15_10_IRQHandler
                0x0000000008000d54                TIM7_IRQHandler
                0x0000000008000d54                TIM5_IRQHandler
                0x0000000008000d54                EXTI9_5_IRQHandler
                0x0000000008000d54                SPI2_IRQHandler
                0x0000000008000d54                DMA1_Channel5_IRQHandler
                0x0000000008000d54                EXTI4_IRQHandler
                0x0000000008000d54                USB_LP_CAN1_RX0_IRQHandler
                0x0000000008000d54                USB_HP_CAN1_TX_IRQHandler
                0x0000000008000d54                DMA1_Channel3_IRQHandler
                0x0000000008000d54                FSMC_IRQHandler
                0x0000000008000d54                TIM1_UP_IRQHandler
                0x0000000008000d54                WWDG_IRQHandler
                0x0000000008000d54                TIM2_IRQHandler
                0x0000000008000d54                TIM1_BRK_IRQHandler
                0x0000000008000d54                EXTI1_IRQHandler
                0x0000000008000d54                DMA2_Channel4_5_IRQHandler
                0x0000000008000d54                USART2_IRQHandler
                0x0000000008000d54                I2C2_ER_IRQHandler
                0x0000000008000d54                DMA1_Channel2_IRQHandler
                0x0000000008000d54                TIM8_BRK_IRQHandler
                0x0000000008000d54                CAN1_SCE_IRQHandler
                0x0000000008000d54                FLASH_IRQHandler
                0x0000000008000d54                USART1_IRQHandler
                0x0000000008000d54                SPI3_IRQHandler
                0x0000000008000d54                I2C1_ER_IRQHandler
                0x0000000008000d54                USBWakeUp_IRQHandler
                0x0000000008000d54                DMA2_Channel3_IRQHandler
 *fill*         0x0000000008000d56        0x2 
 .text._PCA9555_WriteRegister
                0x0000000008000d58       0x28 ../lib/libpca9555/bin/libpca9555.a(pca9555.o)
 .text._PCA9555_UpdateCfgRegisterFromBuf
                0x0000000008000d80       0x16 ../lib/libpca9555/bin/libpca9555.a(pca9555.o)
 .text._PCA9555_UpdateStateRegisterFromBuf
                0x0000000008000d96       0x16 ../lib/libpca9555/bin/libpca9555.a(pca9555.o)
 .text.PCA9555_LibInit
                0x0000000008000dac       0x10 ../lib/libpca9555/bin/libpca9555.a(pca9555.o)
                0x0000000008000dac                PCA9555_LibInit
 .text.PCA9555_WritePort
                0x0000000008000dbc       0x12 ../lib/libpca9555/bin/libpca9555.a(pca9555.o)
                0x0000000008000dbc                PCA9555_WritePort
 .text.PCA9555_ConfigPortPinMode
                0x0000000008000dce       0x12 ../lib/libpca9555/bin/libpca9555.a(pca9555.o)
                0x0000000008000dce                PCA9555_ConfigPortPinMode
 .text.NP32_Init
                0x0000000008000de0       0x3a ../lib/libneopixel32/bin/libneopixel32.a(neopixel32.o)
                0x0000000008000de0                NP32_Init
 .text.NP32_Update
                0x0000000008000e1a      0x108 ../lib/libneopixel32/bin/libneopixel32.a(neopixel32.o)
                0x0000000008000e1a                NP32_Update
 .text.NP32_DMAComplete_Callback
                0x0000000008000f22        0xa ../lib/libneopixel32/bin/libneopixel32.a(neopixel32.o)
                0x0000000008000f22                NP32_DMAComplete_Callback
 .text.NP32_SetAllLEDs_RGB
                0x0000000008000f2c       0x2e ../lib/libneopixel32/bin/libneopixel32.a(neopixel32.o)
                0x0000000008000f2c                NP32_SetAllLEDs_RGB
 .text.NP32_ClearAllLEDs
                0x0000000008000f5a       0x14 ../lib/libneopixel32/bin/libneopixel32.a(neopixel32.o)
                0x0000000008000f5a                NP32_ClearAllLEDs
 *fill*         0x0000000008000f6e        0x2 
 .text.HAL_InitTick
                0x0000000008000f70       0x48 ../lib/libstm32f1hal/bin/libstm32f1hal.a(stm32f1xx_hal.o)
                0x0000000008000f70                HAL_InitTick
 .text.HAL_Init
                0x0000000008000fb8       0x24 ../lib/libstm32f1hal/bin/libstm32f1hal.a(stm32f1xx_hal.o)
                0x0000000008000fb8                HAL_Init
 .text.HAL_IncTick
                0x0000000008000fdc       0x18 ../lib/libstm32f1hal/bin/libstm32f1hal.a(stm32f1xx_hal.o)
                0x0000000008000fdc                HAL_IncTick
 .text.HAL_GetTick
                0x0000000008000ff4        0xc ../lib/libstm32f1hal/bin/libstm32f1hal.a(stm32f1xx_hal.o)
                0x0000000008000ff4                HAL_GetTick
 .text.HAL_Delay
                0x0000000008001000       0x24 ../lib/libstm32f1hal/bin/libstm32f1hal.a(stm32f1xx_hal.o)
                0x0000000008001000                HAL_Delay
 .text.HAL_NVIC_SetPriorityGrouping
                0x0000000008001024       0x24 ../lib/libstm32f1hal/bin/libstm32f1hal.a(stm32f1xx_hal_cortex.o)
                0x0000000008001024                HAL_NVIC_SetPriorityGrouping
 .text.HAL_NVIC_SetPriority
                0x0000000008001048       0x64 ../lib/libstm32f1hal/bin/libstm32f1hal.a(stm32f1xx_hal_cortex.o)
                0x0000000008001048                HAL_NVIC_SetPriority
 .text.HAL_NVIC_EnableIRQ
                0x00000000080010ac       0x1c ../lib/libstm32f1hal/bin/libstm32f1hal.a(stm32f1xx_hal_cortex.o)
                0x00000000080010ac                HAL_NVIC_EnableIRQ
 .text.HAL_SYSTICK_Config
                0x00000000080010c8       0x2c ../lib/libstm32f1hal/bin/libstm32f1hal.a(stm32f1xx_hal_cortex.o)
                0x00000000080010c8                HAL_SYSTICK_Config
 .text.HAL_DMA_Init
                0x00000000080010f4       0x7c ../lib/libstm32f1hal/bin/libstm32f1hal.a(stm32f1xx_hal_dma.o)
                0x00000000080010f4                HAL_DMA_Init
 .text.HAL_DMA_DeInit
                0x0000000008001170       0x74 ../lib/libstm32f1hal/bin/libstm32f1hal.a(stm32f1xx_hal_dma.o)
                0x0000000008001170                HAL_DMA_DeInit
 .text.HAL_DMA_Start_IT
                0x00000000080011e4       0x78 ../lib/libstm32f1hal/bin/libstm32f1hal.a(stm32f1xx_hal_dma.o)
                0x00000000080011e4                HAL_DMA_Start_IT
 .text.HAL_DMA_IRQHandler
                0x000000000800125c      0x27c ../lib/libstm32f1hal/bin/libstm32f1hal.a(stm32f1xx_hal_dma.o)
                0x000000000800125c                HAL_DMA_IRQHandler
 .text.HAL_GPIO_Init
                0x00000000080014d8      0x1d4 ../lib/libstm32f1hal/bin/libstm32f1hal.a(stm32f1xx_hal_gpio.o)
                0x00000000080014d8                HAL_GPIO_Init
 .text.HAL_GPIO_DeInit
                0x00000000080016ac       0xf0 ../lib/libstm32f1hal/bin/libstm32f1hal.a(stm32f1xx_hal_gpio.o)
                0x00000000080016ac                HAL_GPIO_DeInit
 .text.HAL_GPIO_ReadPin
                0x000000000800179c        0xc ../lib/libstm32f1hal/bin/libstm32f1hal.a(stm32f1xx_hal_gpio.o)
                0x000000000800179c                HAL_GPIO_ReadPin
 .text.HAL_GPIO_WritePin
                0x00000000080017a8        0xa ../lib/libstm32f1hal/bin/libstm32f1hal.a(stm32f1xx_hal_gpio.o)
                0x00000000080017a8                HAL_GPIO_WritePin
 .text.HAL_I2C_MspInit
                0x00000000080017b2        0x2 ../lib/libstm32f1hal/bin/libstm32f1hal.a(stm32f1xx_hal_i2c.o)
                0x00000000080017b2                HAL_I2C_MspInit
 .text.HAL_I2C_AddrCallback
                0x00000000080017b4        0x2 ../lib/libstm32f1hal/bin/libstm32f1hal.a(stm32f1xx_hal_i2c.o)
                0x00000000080017b4                HAL_I2C_AddrCallback
 .text.I2C_IsAcknowledgeFailed
                0x00000000080017b6       0x32 ../lib/libstm32f1hal/bin/libstm32f1hal.a(stm32f1xx_hal_i2c.o)
 .text.I2C_WaitOnMasterAddressFlagUntilTimeout
                0x00000000080017e8       0x76 ../lib/libstm32f1hal/bin/libstm32f1hal.a(stm32f1xx_hal_i2c.o)
 .text.I2C_WaitOnBTFFlagUntilTimeout
                0x000000000800185e       0x4c ../lib/libstm32f1hal/bin/libstm32f1hal.a(stm32f1xx_hal_i2c.o)
 .text.HAL_I2C_AbortCpltCallback
                0x00000000080018aa        0x2 ../lib/libstm32f1hal/bin/libstm32f1hal.a(stm32f1xx_hal_i2c.o)
                0x00000000080018aa                HAL_I2C_AbortCpltCallback
 .text.HAL_I2C_MasterTxCpltCallback
                0x00000000080018ac        0x2 ../lib/libstm32f1hal/bin/libstm32f1hal.a(stm32f1xx_hal_i2c.o)
                0x00000000080018ac                HAL_I2C_MasterTxCpltCallback
 .text.HAL_I2C_MasterRxCpltCallback
                0x00000000080018ae        0x2 ../lib/libstm32f1hal/bin/libstm32f1hal.a(stm32f1xx_hal_i2c.o)
                0x00000000080018ae                HAL_I2C_MasterRxCpltCallback
 .text.HAL_I2C_SlaveTxCpltCallback
                0x00000000080018b0        0x2 ../lib/libstm32f1hal/bin/libstm32f1hal.a(stm32f1xx_hal_i2c.o)
                0x00000000080018b0                HAL_I2C_SlaveTxCpltCallback
 .text.HAL_I2C_SlaveRxCpltCallback
                0x00000000080018b2        0x2 ../lib/libstm32f1hal/bin/libstm32f1hal.a(stm32f1xx_hal_i2c.o)
                0x00000000080018b2                HAL_I2C_SlaveRxCpltCallback
 .text.HAL_I2C_ListenCpltCallback
                0x00000000080018b4        0x2 ../lib/libstm32f1hal/bin/libstm32f1hal.a(stm32f1xx_hal_i2c.o)
                0x00000000080018b4                HAL_I2C_ListenCpltCallback
 .text.HAL_I2C_MemTxCpltCallback
                0x00000000080018b6        0x2 ../lib/libstm32f1hal/bin/libstm32f1hal.a(stm32f1xx_hal_i2c.o)
                0x00000000080018b6                HAL_I2C_MemTxCpltCallback
 .text.HAL_I2C_MemRxCpltCallback
                0x00000000080018b8        0x2 ../lib/libstm32f1hal/bin/libstm32f1hal.a(stm32f1xx_hal_i2c.o)
                0x00000000080018b8                HAL_I2C_MemRxCpltCallback
 .text.HAL_I2C_ErrorCallback
                0x00000000080018ba        0x2 ../lib/libstm32f1hal/bin/libstm32f1hal.a(stm32f1xx_hal_i2c.o)
                0x00000000080018ba                HAL_I2C_ErrorCallback
 .text.I2C_WaitOnRXNEFlagUntilTimeout
                0x00000000080018bc       0x5e ../lib/libstm32f1hal/bin/libstm32f1hal.a(stm32f1xx_hal_i2c.o)
 .text.I2C_WaitOnFlagUntilTimeout
                0x000000000800191a       0x64 ../lib/libstm32f1hal/bin/libstm32f1hal.a(stm32f1xx_hal_i2c.o)
 .text.I2C_WaitOnTXEFlagUntilTimeout
                0x000000000800197e       0x4c ../lib/libstm32f1hal/bin/libstm32f1hal.a(stm32f1xx_hal_i2c.o)
 *fill*         0x00000000080019ca        0x2 
 .text.HAL_I2C_Init
                0x00000000080019cc      0x19c ../lib/libstm32f1hal/bin/libstm32f1hal.a(stm32f1xx_hal_i2c.o)
                0x00000000080019cc                HAL_I2C_Init
 .text.HAL_I2C_Master_Transmit
                0x0000000008001b68      0x1a4 ../lib/libstm32f1hal/bin/libstm32f1hal.a(stm32f1xx_hal_i2c.o)
                0x0000000008001b68                HAL_I2C_Master_Transmit
 .text.HAL_I2C_Master_Receive
                0x0000000008001d0c      0x2f0 ../lib/libstm32f1hal/bin/libstm32f1hal.a(stm32f1xx_hal_i2c.o)
                0x0000000008001d0c                HAL_I2C_Master_Receive
 .text.HAL_RCC_OscConfig
                0x0000000008001ffc      0x338 ../lib/libstm32f1hal/bin/libstm32f1hal.a(stm32f1xx_hal_rcc.o)
                0x0000000008001ffc                HAL_RCC_OscConfig
 .text.HAL_RCC_GetSysClockFreq
                0x0000000008002334       0x80 ../lib/libstm32f1hal/bin/libstm32f1hal.a(stm32f1xx_hal_rcc.o)
                0x0000000008002334                HAL_RCC_GetSysClockFreq
 .text.HAL_RCC_ClockConfig
                0x00000000080023b4      0x138 ../lib/libstm32f1hal/bin/libstm32f1hal.a(stm32f1xx_hal_rcc.o)
                0x00000000080023b4                HAL_RCC_ClockConfig
 .text.HAL_RCC_GetPCLK1Freq
                0x00000000080024ec       0x20 ../lib/libstm32f1hal/bin/libstm32f1hal.a(stm32f1xx_hal_rcc.o)
                0x00000000080024ec                HAL_RCC_GetPCLK1Freq
 .text.HAL_RCC_GetPCLK2Freq
                0x000000000800250c       0x20 ../lib/libstm32f1hal/bin/libstm32f1hal.a(stm32f1xx_hal_rcc.o)
                0x000000000800250c                HAL_RCC_GetPCLK2Freq
 .text.TIM_DMAError
                0x000000000800252c        0xe ../lib/libstm32f1hal/bin/libstm32f1hal.a(stm32f1xx_hal_tim.o)
                0x000000000800252c                TIM_DMAError
 .text.TIM_DMADelayPulseCplt
                0x000000000800253a       0x3e ../lib/libstm32f1hal/bin/libstm32f1hal.a(stm32f1xx_hal_tim.o)
                0x000000000800253a                TIM_DMADelayPulseCplt
 .text.TIM_DMADelayPulseHalfCplt
                0x0000000008002578       0x3e ../lib/libstm32f1hal/bin/libstm32f1hal.a(stm32f1xx_hal_tim.o)
                0x0000000008002578                TIM_DMADelayPulseHalfCplt
 *fill*         0x00000000080025b6        0x2 
 .text.TIM_OC1_SetConfig
                0x00000000080025b8       0x64 ../lib/libstm32f1hal/bin/libstm32f1hal.a(stm32f1xx_hal_tim.o)
 .text.TIM_OC3_SetConfig
                0x000000000800261c       0x6c ../lib/libstm32f1hal/bin/libstm32f1hal.a(stm32f1xx_hal_tim.o)
 .text.TIM_OC4_SetConfig
                0x0000000008002688       0x4c ../lib/libstm32f1hal/bin/libstm32f1hal.a(stm32f1xx_hal_tim.o)
 .text.HAL_TIM_PWM_MspInit
                0x00000000080026d4        0x2 ../lib/libstm32f1hal/bin/libstm32f1hal.a(stm32f1xx_hal_tim.o)
                0x00000000080026d4                HAL_TIM_PWM_MspInit
 .text.HAL_TIM_PeriodElapsedCallback
                0x00000000080026d6        0x2 ../lib/libstm32f1hal/bin/libstm32f1hal.a(stm32f1xx_hal_tim.o)
                0x00000000080026d6                HAL_TIM_PeriodElapsedCallback
 .text.HAL_TIM_PeriodElapsedHalfCpltCallback
                0x00000000080026d8        0x2 ../lib/libstm32f1hal/bin/libstm32f1hal.a(stm32f1xx_hal_tim.o)
                0x00000000080026d8                HAL_TIM_PeriodElapsedHalfCpltCallback
 .text.HAL_TIM_OC_DelayElapsedCallback
                0x00000000080026da        0x2 ../lib/libstm32f1hal/bin/libstm32f1hal.a(stm32f1xx_hal_tim.o)
                0x00000000080026da                HAL_TIM_OC_DelayElapsedCallback
 .text.HAL_TIM_IC_CaptureCallback
                0x00000000080026dc        0x2 ../lib/libstm32f1hal/bin/libstm32f1hal.a(stm32f1xx_hal_tim.o)
                0x00000000080026dc                HAL_TIM_IC_CaptureCallback
 .text.HAL_TIM_IC_CaptureHalfCpltCallback
                0x00000000080026de        0x2 ../lib/libstm32f1hal/bin/libstm32f1hal.a(stm32f1xx_hal_tim.o)
                0x00000000080026de                HAL_TIM_IC_CaptureHalfCpltCallback
 .text.HAL_TIM_PWM_PulseFinishedCallback
                0x00000000080026e0        0x2 ../lib/libstm32f1hal/bin/libstm32f1hal.a(stm32f1xx_hal_tim.o)
                0x00000000080026e0                HAL_TIM_PWM_PulseFinishedCallback
 .text.HAL_TIM_PWM_PulseFinishedHalfCpltCallback
                0x00000000080026e2        0x2 ../lib/libstm32f1hal/bin/libstm32f1hal.a(stm32f1xx_hal_tim.o)
                0x00000000080026e2                HAL_TIM_PWM_PulseFinishedHalfCpltCallback
 .text.HAL_TIM_TriggerCallback
                0x00000000080026e4        0x2 ../lib/libstm32f1hal/bin/libstm32f1hal.a(stm32f1xx_hal_tim.o)
                0x00000000080026e4                HAL_TIM_TriggerCallback
 .text.HAL_TIM_TriggerHalfCpltCallback
                0x00000000080026e6        0x2 ../lib/libstm32f1hal/bin/libstm32f1hal.a(stm32f1xx_hal_tim.o)
                0x00000000080026e6                HAL_TIM_TriggerHalfCpltCallback
 .text.HAL_TIM_ErrorCallback
                0x00000000080026e8        0x2 ../lib/libstm32f1hal/bin/libstm32f1hal.a(stm32f1xx_hal_tim.o)
                0x00000000080026e8                HAL_TIM_ErrorCallback
 *fill*         0x00000000080026ea        0x2 
 .text.TIM_Base_SetConfig
                0x00000000080026ec       0x98 ../lib/libstm32f1hal/bin/libstm32f1hal.a(stm32f1xx_hal_tim.o)
                0x00000000080026ec                TIM_Base_SetConfig
 .text.TIM_OC2_SetConfig
                0x0000000008002784       0x6c ../lib/libstm32f1hal/bin/libstm32f1hal.a(stm32f1xx_hal_tim.o)
                0x0000000008002784                TIM_OC2_SetConfig
 .text.HAL_TIM_PWM_ConfigChannel
                0x00000000080027f0       0xc0 ../lib/libstm32f1hal/bin/libstm32f1hal.a(stm32f1xx_hal_tim.o)
                0x00000000080027f0                HAL_TIM_PWM_ConfigChannel
 .text.TIM_CCxChannelCmd
                0x00000000080028b0       0x1c ../lib/libstm32f1hal/bin/libstm32f1hal.a(stm32f1xx_hal_tim.o)
                0x00000000080028b0                TIM_CCxChannelCmd
 .text.HAL_TIM_OC_Start_DMA
                0x00000000080028cc      0x110 ../lib/libstm32f1hal/bin/libstm32f1hal.a(stm32f1xx_hal_tim.o)
                0x00000000080028cc                HAL_TIM_OC_Start_DMA
 .text.HAL_TIM_PWM_Start_DMA
                0x00000000080029dc        0x4 ../lib/libstm32f1hal/bin/libstm32f1hal.a(stm32f1xx_hal_tim.o)
                0x00000000080029dc                HAL_TIM_PWM_Start_DMA
 .text.TIM_ResetCallback
                0x00000000080029e0       0x80 ../lib/libstm32f1hal/bin/libstm32f1hal.a(stm32f1xx_hal_tim.o)
                0x00000000080029e0                TIM_ResetCallback
 .text.HAL_TIM_PWM_Init
                0x0000000008002a60       0x48 ../lib/libstm32f1hal/bin/libstm32f1hal.a(stm32f1xx_hal_tim.o)
                0x0000000008002a60                HAL_TIM_PWM_Init
 .text.HAL_TIMEx_MasterConfigSynchronization
                0x0000000008002aa8       0x3c ../lib/libstm32f1hal/bin/libstm32f1hal.a(stm32f1xx_hal_tim_ex.o)
                0x0000000008002aa8                HAL_TIMEx_MasterConfigSynchronization
 .text.HAL_TIMEx_CommutCallback
                0x0000000008002ae4        0x2 ../lib/libstm32f1hal/bin/libstm32f1hal.a(stm32f1xx_hal_tim_ex.o)
                0x0000000008002ae4                HAL_TIMEx_CommutCallback
 .text.HAL_TIMEx_CommutHalfCpltCallback
                0x0000000008002ae6        0x2 ../lib/libstm32f1hal/bin/libstm32f1hal.a(stm32f1xx_hal_tim_ex.o)
                0x0000000008002ae6                HAL_TIMEx_CommutHalfCpltCallback
 .text.HAL_TIMEx_BreakCallback
                0x0000000008002ae8        0x2 ../lib/libstm32f1hal/bin/libstm32f1hal.a(stm32f1xx_hal_tim_ex.o)
                0x0000000008002ae8                HAL_TIMEx_BreakCallback
 .text.HAL_UART_MspInit
                0x0000000008002aea        0x2 ../lib/libstm32f1hal/bin/libstm32f1hal.a(stm32f1xx_hal_uart.o)
                0x0000000008002aea                HAL_UART_MspInit
 .text.UART_SetConfig
                0x0000000008002aec       0x74 ../lib/libstm32f1hal/bin/libstm32f1hal.a(stm32f1xx_hal_uart.o)
 .text.UART_WaitOnFlagUntilTimeout.constprop.0
                0x0000000008002b60       0x50 ../lib/libstm32f1hal/bin/libstm32f1hal.a(stm32f1xx_hal_uart.o)
 .text.HAL_UART_AbortReceiveCpltCallback
                0x0000000008002bb0        0x2 ../lib/libstm32f1hal/bin/libstm32f1hal.a(stm32f1xx_hal_uart.o)
                0x0000000008002bb0                HAL_UART_AbortReceiveCpltCallback
 .text.HAL_UART_TxCpltCallback
                0x0000000008002bb2        0x2 ../lib/libstm32f1hal/bin/libstm32f1hal.a(stm32f1xx_hal_uart.o)
                0x0000000008002bb2                HAL_UART_TxCpltCallback
 .text.HAL_UART_TxHalfCpltCallback
                0x0000000008002bb4        0x2 ../lib/libstm32f1hal/bin/libstm32f1hal.a(stm32f1xx_hal_uart.o)
                0x0000000008002bb4                HAL_UART_TxHalfCpltCallback
 .text.HAL_UART_RxCpltCallback
                0x0000000008002bb6        0x2 ../lib/libstm32f1hal/bin/libstm32f1hal.a(stm32f1xx_hal_uart.o)
                0x0000000008002bb6                HAL_UART_RxCpltCallback
 .text.HAL_UART_RxHalfCpltCallback
                0x0000000008002bb8        0x2 ../lib/libstm32f1hal/bin/libstm32f1hal.a(stm32f1xx_hal_uart.o)
                0x0000000008002bb8                HAL_UART_RxHalfCpltCallback
 .text.HAL_UART_ErrorCallback
                0x0000000008002bba        0x2 ../lib/libstm32f1hal/bin/libstm32f1hal.a(stm32f1xx_hal_uart.o)
                0x0000000008002bba                HAL_UART_ErrorCallback
 .text.HAL_UART_AbortCpltCallback
                0x0000000008002bbc        0x2 ../lib/libstm32f1hal/bin/libstm32f1hal.a(stm32f1xx_hal_uart.o)
                0x0000000008002bbc                HAL_UART_AbortCpltCallback
 .text.HAL_UART_AbortTransmitCpltCallback
                0x0000000008002bbe        0x2 ../lib/libstm32f1hal/bin/libstm32f1hal.a(stm32f1xx_hal_uart.o)
                0x0000000008002bbe                HAL_UART_AbortTransmitCpltCallback
 .text.HAL_UART_Transmit
                0x0000000008002bc0       0xb6 ../lib/libstm32f1hal/bin/libstm32f1hal.a(stm32f1xx_hal_uart.o)
                0x0000000008002bc0                HAL_UART_Transmit
 *fill*         0x0000000008002c76        0x2 
 .text.UART_InitCallbacksToDefault
                0x0000000008002c78       0x44 ../lib/libstm32f1hal/bin/libstm32f1hal.a(stm32f1xx_hal_uart.o)
                0x0000000008002c78                UART_InitCallbacksToDefault
 .text.HAL_UART_Init
                0x0000000008002cbc       0x70 ../lib/libstm32f1hal/bin/libstm32f1hal.a(stm32f1xx_hal_uart.o)
                0x0000000008002cbc                HAL_UART_Init
 .text.calloc   0x0000000008002d2c       0x10 /home/berndoj/install/gcc-arm-none-eabi-9-2019-q4-major/bin/../lib/gcc/arm-none-eabi/9.2.1/../../../../arm-none-eabi/lib/thumb/v7-m/nofp/libc_nano.a(lib_a-calloc.o)
                0x0000000008002d2c                calloc
 .text.__libc_init_array
                0x0000000008002d3c       0x48 /home/berndoj/install/gcc-arm-none-eabi-9-2019-q4-major/bin/../lib/gcc/arm-none-eabi/9.2.1/../../../../arm-none-eabi/lib/thumb/v7-m/nofp/libc_nano.a(lib_a-init.o)
                0x0000000008002d3c                __libc_init_array
 .text.malloc   0x0000000008002d84       0x10 /home/berndoj/install/gcc-arm-none-eabi-9-2019-q4-major/bin/../lib/gcc/arm-none-eabi/9.2.1/../../../../arm-none-eabi/lib/thumb/v7-m/nofp/libc_nano.a(lib_a-malloc.o)
                0x0000000008002d84                malloc
 .text.free     0x0000000008002d94       0x10 /home/berndoj/install/gcc-arm-none-eabi-9-2019-q4-major/bin/../lib/gcc/arm-none-eabi/9.2.1/../../../../arm-none-eabi/lib/thumb/v7-m/nofp/libc_nano.a(lib_a-malloc.o)
                0x0000000008002d94                free
 .text.memset   0x0000000008002da4       0x10 /home/berndoj/install/gcc-arm-none-eabi-9-2019-q4-major/bin/../lib/gcc/arm-none-eabi/9.2.1/../../../../arm-none-eabi/lib/thumb/v7-m/nofp/libc_nano.a(lib_a-memset.o)
                0x0000000008002da4                memset
 .text._calloc_r
                0x0000000008002db4       0x1c /home/berndoj/install/gcc-arm-none-eabi-9-2019-q4-major/bin/../lib/gcc/arm-none-eabi/9.2.1/../../../../arm-none-eabi/lib/thumb/v7-m/nofp/libc_nano.a(lib_a-nano-callocr.o)
                0x0000000008002db4                _calloc_r
 .text._free_r  0x0000000008002dd0       0x98 /home/berndoj/install/gcc-arm-none-eabi-9-2019-q4-major/bin/../lib/gcc/arm-none-eabi/9.2.1/../../../../arm-none-eabi/lib/thumb/v7-m/nofp/libc_nano.a(lib_a-nano-freer.o)
                0x0000000008002dd0                _free_r
 .text._malloc_r
                0x0000000008002e68       0xb4 /home/berndoj/install/gcc-arm-none-eabi-9-2019-q4-major/bin/../lib/gcc/arm-none-eabi/9.2.1/../../../../arm-none-eabi/lib/thumb/v7-m/nofp/libc_nano.a(lib_a-nano-mallocr.o)
                0x0000000008002e68                _malloc_r
 .text._sbrk_r  0x0000000008002f1c       0x20 /home/berndoj/install/gcc-arm-none-eabi-9-2019-q4-major/bin/../lib/gcc/arm-none-eabi/9.2.1/../../../../arm-none-eabi/lib/thumb/v7-m/nofp/libc_nano.a(lib_a-sbrkr.o)
                0x0000000008002f1c                _sbrk_r
 .text.sprintf  0x0000000008002f3c       0x40 /home/berndoj/install/gcc-arm-none-eabi-9-2019-q4-major/bin/../lib/gcc/arm-none-eabi/9.2.1/../../../../arm-none-eabi/lib/thumb/v7-m/nofp/libc_nano.a(lib_a-sprintf.o)
                0x0000000008002f3c                sprintf
                0x0000000008002f3c                siprintf
 .text.__malloc_lock
                0x0000000008002f7c        0xc /home/berndoj/install/gcc-arm-none-eabi-9-2019-q4-major/bin/../lib/gcc/arm-none-eabi/9.2.1/../../../../arm-none-eabi/lib/thumb/v7-m/nofp/libc_nano.a(lib_a-mlock.o)
                0x0000000008002f7c                __malloc_lock
 .text.__malloc_unlock
                0x0000000008002f88        0xc /home/berndoj/install/gcc-arm-none-eabi-9-2019-q4-major/bin/../lib/gcc/arm-none-eabi/9.2.1/../../../../arm-none-eabi/lib/thumb/v7-m/nofp/libc_nano.a(lib_a-mlock.o)
                0x0000000008002f88                __malloc_unlock
 .text.__ssputs_r
                0x0000000008002f94       0xb6 /home/berndoj/install/gcc-arm-none-eabi-9-2019-q4-major/bin/../lib/gcc/arm-none-eabi/9.2.1/../../../../arm-none-eabi/lib/thumb/v7-m/nofp/libc_nano.a(lib_a-nano-svfprintf.o)
                0x0000000008002f94                __ssputs_r
 *fill*         0x000000000800304a        0x2 
 .text._svfprintf_r
                0x000000000800304c      0x200 /home/berndoj/install/gcc-arm-none-eabi-9-2019-q4-major/bin/../lib/gcc/arm-none-eabi/9.2.1/../../../../arm-none-eabi/lib/thumb/v7-m/nofp/libc_nano.a(lib_a-nano-svfprintf.o)
                0x000000000800304c                _svfprintf_r
                0x000000000800304c                _svfiprintf_r
 .text._printf_common
                0x000000000800324c       0xde /home/berndoj/install/gcc-arm-none-eabi-9-2019-q4-major/bin/../lib/gcc/arm-none-eabi/9.2.1/../../../../arm-none-eabi/lib/thumb/v7-m/nofp/libc_nano.a(lib_a-nano-vfprintf_i.o)
                0x000000000800324c                _printf_common
 *fill*         0x000000000800332a        0x2 
 .text._printf_i
                0x000000000800332c      0x24c /home/berndoj/install/gcc-arm-none-eabi-9-2019-q4-major/bin/../lib/gcc/arm-none-eabi/9.2.1/../../../../arm-none-eabi/lib/thumb/v7-m/nofp/libc_nano.a(lib_a-nano-vfprintf_i.o)
                0x000000000800332c                _printf_i
 .text.__retarget_lock_acquire_recursive
                0x0000000008003578        0x2 /home/berndoj/install/gcc-arm-none-eabi-9-2019-q4-major/bin/../lib/gcc/arm-none-eabi/9.2.1/../../../../arm-none-eabi/lib/thumb/v7-m/nofp/libc_nano.a(lib_a-lock.o)
                0x0000000008003578                __retarget_lock_acquire_recursive
 .text.__retarget_lock_release_recursive
                0x000000000800357a        0x2 /home/berndoj/install/gcc-arm-none-eabi-9-2019-q4-major/bin/../lib/gcc/arm-none-eabi/9.2.1/../../../../arm-none-eabi/lib/thumb/v7-m/nofp/libc_nano.a(lib_a-lock.o)
                0x000000000800357a                __retarget_lock_release_recursive
 .text.memchr   0x000000000800357c       0x1c /home/berndoj/install/gcc-arm-none-eabi-9-2019-q4-major/bin/../lib/gcc/arm-none-eabi/9.2.1/../../../../arm-none-eabi/lib/thumb/v7-m/nofp/libc_nano.a(lib_a-memchr-stub.o)
                0x000000000800357c                memchr
 .text.memcpy   0x0000000008003598       0x1c /home/berndoj/install/gcc-arm-none-eabi-9-2019-q4-major/bin/../lib/gcc/arm-none-eabi/9.2.1/../../../../arm-none-eabi/lib/thumb/v7-m/nofp/libc_nano.a(lib_a-memcpy-stub.o)
                0x0000000008003598                memcpy
 .text.memmove  0x00000000080035b4       0x34 /home/berndoj/install/gcc-arm-none-eabi-9-2019-q4-major/bin/../lib/gcc/arm-none-eabi/9.2.1/../../../../arm-none-eabi/lib/thumb/v7-m/nofp/libc_nano.a(lib_a-memmove.o)
                0x00000000080035b4                memmove
 .text._realloc_r
                0x00000000080035e8       0x4c /home/berndoj/install/gcc-arm-none-eabi-9-2019-q4-major/bin/../lib/gcc/arm-none-eabi/9.2.1/../../../../arm-none-eabi/lib/thumb/v7-m/nofp/libc_nano.a(lib_a-nano-reallocr.o)
                0x00000000080035e8                _realloc_r
 .text._malloc_usable_size_r
                0x0000000008003634       0x10 /home/berndoj/install/gcc-arm-none-eabi-9-2019-q4-major/bin/../lib/gcc/arm-none-eabi/9.2.1/../../../../arm-none-eabi/lib/thumb/v7-m/nofp/libc_nano.a(lib_a-nano-msizer.o)
                0x0000000008003634                _malloc_usable_size_r
 .text._sbrk    0x0000000008003644       0x1c /home/berndoj/install/gcc-arm-none-eabi-9-2019-q4-major/bin/../lib/gcc/arm-none-eabi/9.2.1/../../../../arm-none-eabi/lib/thumb/v7-m/nofp/libnosys.a(sbrk.o)
                0x0000000008003644                _sbrk
 *(.glue_7)
 .glue_7        0x0000000008003660        0x0 linker stubs
 *(.glue_7t)
 .glue_7t       0x0000000008003660        0x0 linker stubs
 *(.eh_frame)
 .eh_frame      0x0000000008003660        0x0 /home/berndoj/install/gcc-arm-none-eabi-9-2019-q4-major/bin/../lib/gcc/arm-none-eabi/9.2.1/thumb/v7-m/nofp/crtbegin.o
 *(.init)
 .init          0x0000000008003660        0x4 /home/berndoj/install/gcc-arm-none-eabi-9-2019-q4-major/bin/../lib/gcc/arm-none-eabi/9.2.1/thumb/v7-m/nofp/crti.o
                0x0000000008003660                _init
 .init          0x0000000008003664        0x8 /home/berndoj/install/gcc-arm-none-eabi-9-2019-q4-major/bin/../lib/gcc/arm-none-eabi/9.2.1/thumb/v7-m/nofp/crtn.o
 *(.fini)
 .fini          0x000000000800366c        0x4 /home/berndoj/install/gcc-arm-none-eabi-9-2019-q4-major/bin/../lib/gcc/arm-none-eabi/9.2.1/thumb/v7-m/nofp/crti.o
                0x000000000800366c                _fini
 .fini          0x0000000008003670        0x8 /home/berndoj/install/gcc-arm-none-eabi-9-2019-q4-major/bin/../lib/gcc/arm-none-eabi/9.2.1/thumb/v7-m/nofp/crtn.o
                0x0000000008003678                . = ALIGN (0x4)
                0x0000000008003678                _etext = .

.vfp11_veneer   0x0000000008003678        0x0
 .vfp11_veneer  0x0000000008003678        0x0 linker stubs

.v4_bx          0x0000000008003678        0x0
 .v4_bx         0x0000000008003678        0x0 linker stubs

.iplt           0x0000000008003678        0x0
 .iplt          0x0000000008003678        0x0 /home/berndoj/install/gcc-arm-none-eabi-9-2019-q4-major/bin/../lib/gcc/arm-none-eabi/9.2.1/thumb/v7-m/nofp/crtbegin.o

.rodata         0x0000000008003678      0x1e8
                0x0000000008003678                . = ALIGN (0x4)
 *(.rodata)
 *(.rodata*)
 .rodata.main.str1.1
                0x0000000008003678       0x59 ./bin/main.o
 .rodata.AHBPrescTable
                0x00000000080036d1       0x10 ./bin/mcu_init.o
                0x00000000080036d1                AHBPrescTable
 .rodata.APBPrescTable
                0x00000000080036e1        0x8 ./bin/mcu_init.o
                0x00000000080036e1                APBPrescTable
 .rodata._SYS_Error_NotifyDebug.part.0.str1.1
                0x00000000080036e9       0x23 ./bin/error.o
 .rodata.SYS_ThrowError.str1.1
                0x000000000800370c       0x14 ./bin/error.o
                                         0x1a (size before relaxing)
 .rodata.SYS_Clock_Init.str1.1
                0x0000000008003720       0x2e ./bin/sys_clock.o
 .rodata.SYS_PostPortInit.str1.1
                0x000000000800374e       0x20 ./bin/sys_init.o
 .rodata.SYS_I2C_Init.str1.1
                0x000000000800376e       0x1d ./bin/sys_i2c.o
 .rodata.SYS_USART_Init.str1.1
                0x000000000800378b       0x20 ./bin/sys_usart.o
 .rodata._SYS_Timer2_PWM_MspInit_Callback.str1.1
                0x00000000080037ab       0x21 ./bin/sys_timer.o
 .rodata.SYS_Timer_Init.str1.1
                0x00000000080037cc       0x2f ./bin/sys_timer.o
 .rodata.SYS_WS2812_Init.str1.1
                0x00000000080037fb       0x1f ./bin/sys_ws2812.o
 .rodata.HAL_RCC_GetSysClockFreq.str1.1
                0x000000000800381a       0x11 ../lib/libstm32f1hal/bin/libstm32f1hal.a(stm32f1xx_hal_rcc.o)
 .rodata._svfprintf_r.str1.1
                0x000000000800382b       0x11 /home/berndoj/install/gcc-arm-none-eabi-9-2019-q4-major/bin/../lib/gcc/arm-none-eabi/9.2.1/../../../../arm-none-eabi/lib/thumb/v7-m/nofp/libc_nano.a(lib_a-nano-svfprintf.o)
 .rodata._printf_i.str1.1
                0x000000000800383c       0x22 /home/berndoj/install/gcc-arm-none-eabi-9-2019-q4-major/bin/../lib/gcc/arm-none-eabi/9.2.1/../../../../arm-none-eabi/lib/thumb/v7-m/nofp/libc_nano.a(lib_a-nano-vfprintf_i.o)
                0x0000000008003860                . = ALIGN (0x4)
 *fill*         0x000000000800385e        0x2 

.rel.dyn        0x0000000008003860        0x0
 .rel.iplt      0x0000000008003860        0x0 /home/berndoj/install/gcc-arm-none-eabi-9-2019-q4-major/bin/../lib/gcc/arm-none-eabi/9.2.1/thumb/v7-m/nofp/crtbegin.o

.ARM.extab
 *(.ARM.extab* .gnu.linkonce.armextab.*)

.ARM            0x0000000008003860        0x0
                0x0000000008003860                __exidx_start = .
 *(.ARM.exidx*)
                0x0000000008003860                __exidx_end = .

.preinit_array  0x0000000008003860        0x0
                0x0000000008003860                PROVIDE (__preinit_array_start = .)
 *(.preinit_array*)
                0x0000000008003860                PROVIDE (__preinit_array_end = .)

.init_array     0x0000000008003860        0x4
                0x0000000008003860                PROVIDE (__init_array_start = .)
 *(SORT_BY_NAME(.init_array.*))
 *(.init_array*)
 .init_array    0x0000000008003860        0x4 /home/berndoj/install/gcc-arm-none-eabi-9-2019-q4-major/bin/../lib/gcc/arm-none-eabi/9.2.1/thumb/v7-m/nofp/crtbegin.o
                0x0000000008003864                PROVIDE (__init_array_end = .)

.fini_array     0x0000000008003864        0x4
                [!provide]                        PROVIDE (__fini_array_start = .)
 *(SORT_BY_NAME(.fini_array.*))
 *(.fini_array*)
 .fini_array    0x0000000008003864        0x4 /home/berndoj/install/gcc-arm-none-eabi-9-2019-q4-major/bin/../lib/gcc/arm-none-eabi/9.2.1/thumb/v7-m/nofp/crtbegin.o
                [!provide]                        PROVIDE (__fini_array_end = .)
                0x0000000008003868                _sidata = LOADADDR (.data)

.data           0x0000000020000000       0x70 load address 0x0000000008003868
                0x0000000020000000                . = ALIGN (0x4)
                0x0000000020000000                _sdata = .
 *(.data)
 *(.data*)
 .data.SystemCoreClock
                0x0000000020000000        0x4 ./bin/mcu_init.o
                0x0000000020000000                SystemCoreClock
 .data.uwTickFreq
                0x0000000020000004        0x1 ../lib/libstm32f1hal/bin/libstm32f1hal.a(stm32f1xx_hal.o)
                0x0000000020000004                uwTickFreq
 *fill*         0x0000000020000005        0x3 
 .data.uwTickPrio
                0x0000000020000008        0x4 ../lib/libstm32f1hal/bin/libstm32f1hal.a(stm32f1xx_hal.o)
                0x0000000020000008                uwTickPrio
 .data._impure_ptr
                0x000000002000000c        0x4 /home/berndoj/install/gcc-arm-none-eabi-9-2019-q4-major/bin/../lib/gcc/arm-none-eabi/9.2.1/../../../../arm-none-eabi/lib/thumb/v7-m/nofp/libc_nano.a(lib_a-impure.o)
                0x000000002000000c                _impure_ptr
 .data.impure_data
                0x0000000020000010       0x60 /home/berndoj/install/gcc-arm-none-eabi-9-2019-q4-major/bin/../lib/gcc/arm-none-eabi/9.2.1/../../../../arm-none-eabi/lib/thumb/v7-m/nofp/libc_nano.a(lib_a-impure.o)
                0x0000000020000070                . = ALIGN (0x4)
                0x0000000020000070                _edata = .

.igot.plt       0x0000000020000070        0x0 load address 0x00000000080038d8
 .igot.plt      0x0000000020000070        0x0 /home/berndoj/install/gcc-arm-none-eabi-9-2019-q4-major/bin/../lib/gcc/arm-none-eabi/9.2.1/thumb/v7-m/nofp/crtbegin.o
                0x0000000020000070                . = ALIGN (0x4)

.bss            0x0000000020000070      0x270 load address 0x00000000080038d8
                0x0000000020000070                _sbss = .
                0x0000000020000070                __bss_start__ = _sbss
 *(.bss)
 .bss           0x0000000020000070       0x1c /home/berndoj/install/gcc-arm-none-eabi-9-2019-q4-major/bin/../lib/gcc/arm-none-eabi/9.2.1/thumb/v7-m/nofp/crtbegin.o
 *(.bss*)
 .bss.hw_gpio_init_status
                0x000000002000008c        0x1 ./bin/sys_gpio.o
                0x000000002000008c                hw_gpio_init_status
 .bss.hw_portex0_init_status
                0x000000002000008d        0x1 ./bin/sys_pca9555.o
                0x000000002000008d                hw_portex0_init_status
 .bss.hw_portex1_init_status
                0x000000002000008e        0x1 ./bin/sys_pca9555.o
                0x000000002000008e                hw_portex1_init_status
 *fill*         0x000000002000008f        0x1 
 .bss._hw_i2c1_handle
                0x0000000020000090       0x84 ./bin/sys_i2c.o
 .bss.hw_i2c1_init_status
                0x0000000020000114        0x1 ./bin/sys_i2c.o
                0x0000000020000114                hw_i2c1_init_status
 *fill*         0x0000000020000115        0x3 
 .bss._hw_uart1_handle
                0x0000000020000118       0x6c ./bin/sys_usart.o
 .bss._hw_timer2_ch3_dma_handle
                0x0000000020000184       0x44 ./bin/sys_timer.o
 .bss._hw_timer2_handle
                0x00000000200001c8       0xac ./bin/sys_timer.o
 .bss.hw_timer2_init_status
                0x0000000020000274        0x1 ./bin/sys_timer.o
                0x0000000020000274                hw_timer2_init_status
 *fill*         0x0000000020000275        0x3 
 .bss._hw_ws2812_handle
                0x0000000020000278       0x18 ./bin/sys_ws2812.o
 .bss.hw_ws2812_init_status
                0x0000000020000290        0x1 ./bin/sys_ws2812.o
                0x0000000020000290                hw_ws2812_init_status
 *fill*         0x0000000020000291        0x3 
 .bss._lib_cfg  0x0000000020000294        0x8 ../lib/libpca9555/bin/libpca9555.a(pca9555.o)
 .bss.__malloc_free_list
                0x000000002000029c        0x4 /home/berndoj/install/gcc-arm-none-eabi-9-2019-q4-major/bin/../lib/gcc/arm-none-eabi/9.2.1/../../../../arm-none-eabi/lib/thumb/v7-m/nofp/libc_nano.a(lib_a-nano-mallocr.o)
                0x000000002000029c                __malloc_free_list
 .bss.__malloc_sbrk_start
                0x00000000200002a0        0x4 /home/berndoj/install/gcc-arm-none-eabi-9-2019-q4-major/bin/../lib/gcc/arm-none-eabi/9.2.1/../../../../arm-none-eabi/lib/thumb/v7-m/nofp/libc_nano.a(lib_a-nano-mallocr.o)
                0x00000000200002a0                __malloc_sbrk_start
 .bss.heap_end.4144
                0x00000000200002a4        0x4 /home/berndoj/install/gcc-arm-none-eabi-9-2019-q4-major/bin/../lib/gcc/arm-none-eabi/9.2.1/../../../../arm-none-eabi/lib/thumb/v7-m/nofp/libnosys.a(sbrk.o)
 *(COMMON)
 COMMON         0x00000000200002a8        0x8 ./bin/sys_pca9555.o
                0x00000000200002a8                hw_portex0_handle
                0x00000000200002ac                hw_portex1_handle
 COMMON         0x00000000200002b0        0x4 ./bin/sys_i2c.o
                0x00000000200002b0                hw_i2c1_handle
 COMMON         0x00000000200002b4        0x8 ./bin/sys_usart.o
                0x00000000200002b4                hw_uart1_init_status
                0x00000000200002b8                hw_uart1_handle
 COMMON         0x00000000200002bc        0x1 ./bin/sys_hwb.o
                0x00000000200002bc                sys_hwbyte
 *fill*         0x00000000200002bd        0x3 
 COMMON         0x00000000200002c0        0x8 ./bin/sys_timer.o
                0x00000000200002c0                hw_timer2_ch3_dma_handle
                0x00000000200002c4                hw_timer2_handle
 COMMON         0x00000000200002c8        0x4 ./bin/sys_ws2812.o
                0x00000000200002c8                hw_ws2812_handle
 COMMON         0x00000000200002cc        0x4 ../lib/libstm32f1hal/bin/libstm32f1hal.a(stm32f1xx_hal.o)
                0x00000000200002cc                uwTick
 COMMON         0x00000000200002d0        0x4 /home/berndoj/install/gcc-arm-none-eabi-9-2019-q4-major/bin/../lib/gcc/arm-none-eabi/9.2.1/../../../../arm-none-eabi/lib/thumb/v7-m/nofp/libc_nano.a(lib_a-reent.o)
                0x00000000200002d0                errno
 COMMON         0x00000000200002d4        0x9 /home/berndoj/install/gcc-arm-none-eabi-9-2019-q4-major/bin/../lib/gcc/arm-none-eabi/9.2.1/../../../../arm-none-eabi/lib/thumb/v7-m/nofp/libc_nano.a(lib_a-lock.o)
                0x00000000200002d4                __lock___atexit_recursive_mutex
                0x00000000200002d5                __lock___arc4random_mutex
                0x00000000200002d6                __lock___env_recursive_mutex
                0x00000000200002d7                __lock___sinit_recursive_mutex
                0x00000000200002d8                __lock___malloc_recursive_mutex
                0x00000000200002d9                __lock___at_quick_exit_mutex
                0x00000000200002da                __lock___dd_hash_mutex
                0x00000000200002db                __lock___tz_mutex
                0x00000000200002dc                __lock___sfp_recursive_mutex
                0x00000000200002e0                . = ALIGN (0x4)
 *fill*         0x00000000200002dd        0x3 
                0x00000000200002e0                _ebss = .
                0x00000000200002e0                __bss_end__ = _ebss

._user_heap_stack
                0x00000000200002e0      0x600 load address 0x00000000080038d8
                0x00000000200002e0                . = ALIGN (0x8)
                0x00000000200002e0                PROVIDE (end = .)
                [!provide]                        PROVIDE (_end = .)
                0x00000000200004e0                . = (. + _Min_Heap_Size)
 *fill*         0x00000000200002e0      0x200 
                0x00000000200008e0                . = (. + _Min_Stack_Size)
 *fill*         0x00000000200004e0      0x400 
                0x00000000200008e0                . = ALIGN (0x8)

/DISCARD/
 libc.a(*)
 libm.a(*)
 libgcc.a(*)

.ARM.attributes
                0x0000000000000000       0x29
 *(.ARM.attributes)
 .ARM.attributes
                0x0000000000000000       0x1d /home/berndoj/install/gcc-arm-none-eabi-9-2019-q4-major/bin/../lib/gcc/arm-none-eabi/9.2.1/thumb/v7-m/nofp/crti.o
 .ARM.attributes
                0x000000000000001d       0x2d /home/berndoj/install/gcc-arm-none-eabi-9-2019-q4-major/bin/../lib/gcc/arm-none-eabi/9.2.1/thumb/v7-m/nofp/crtbegin.o
 .ARM.attributes
                0x000000000000004a       0x2d ./bin/main.o
 .ARM.attributes
                0x0000000000000077       0x2d ./bin/mcu_init.o
 .ARM.attributes
                0x00000000000000a4       0x2d ./bin/isr.o
 .ARM.attributes
                0x00000000000000d1       0x2d ./bin/error.o
 .ARM.attributes
                0x00000000000000fe       0x2d ./bin/sys_clock.o
 .ARM.attributes
                0x000000000000012b       0x2d ./bin/sys_gpio.o
 .ARM.attributes
                0x0000000000000158       0x2d ./bin/sys_init.o
 .ARM.attributes
                0x0000000000000185       0x2d ./bin/sys_pca9555.o
 .ARM.attributes
                0x00000000000001b2       0x2d ./bin/sys_i2c.o
 .ARM.attributes
                0x00000000000001df       0x2d ./bin/sys_usart.o
 .ARM.attributes
                0x000000000000020c       0x2d ./bin/sys_hwb.o
 .ARM.attributes
                0x0000000000000239       0x2d ./bin/sys_timer.o
 .ARM.attributes
                0x0000000000000266       0x2d ./bin/sys_ws2812.o
 .ARM.attributes
                0x0000000000000293       0x2d ./bin/sys_dma.o
 .ARM.attributes
                0x00000000000002c0       0x21 ./bin/startup_stm32f103xe.o
 .ARM.attributes
                0x00000000000002e1       0x2d ../lib/libpca9555/bin/libpca9555.a(pca9555.o)
 .ARM.attributes
                0x000000000000030e       0x2d ../lib/libneopixel32/bin/libneopixel32.a(neopixel32.o)
 .ARM.attributes
                0x000000000000033b       0x2d ../lib/libstm32f1hal/bin/libstm32f1hal.a(stm32f1xx_hal.o)
 .ARM.attributes
                0x0000000000000368       0x2d ../lib/libstm32f1hal/bin/libstm32f1hal.a(stm32f1xx_hal_cortex.o)
 .ARM.attributes
                0x0000000000000395       0x2d ../lib/libstm32f1hal/bin/libstm32f1hal.a(stm32f1xx_hal_dma.o)
 .ARM.attributes
                0x00000000000003c2       0x2d ../lib/libstm32f1hal/bin/libstm32f1hal.a(stm32f1xx_hal_gpio.o)
 .ARM.attributes
                0x00000000000003ef       0x2d ../lib/libstm32f1hal/bin/libstm32f1hal.a(stm32f1xx_hal_i2c.o)
 .ARM.attributes
                0x000000000000041c       0x2d ../lib/libstm32f1hal/bin/libstm32f1hal.a(stm32f1xx_hal_rcc.o)
 .ARM.attributes
                0x0000000000000449       0x2d ../lib/libstm32f1hal/bin/libstm32f1hal.a(stm32f1xx_hal_tim.o)
 .ARM.attributes
                0x0000000000000476       0x2d ../lib/libstm32f1hal/bin/libstm32f1hal.a(stm32f1xx_hal_tim_ex.o)
 .ARM.attributes
                0x00000000000004a3       0x2d ../lib/libstm32f1hal/bin/libstm32f1hal.a(stm32f1xx_hal_uart.o)
 .ARM.attributes
                0x00000000000004d0       0x2d /home/berndoj/install/gcc-arm-none-eabi-9-2019-q4-major/bin/../lib/gcc/arm-none-eabi/9.2.1/../../../../arm-none-eabi/lib/thumb/v7-m/nofp/libc_nano.a(lib_a-calloc.o)
 .ARM.attributes
                0x00000000000004fd       0x2d /home/berndoj/install/gcc-arm-none-eabi-9-2019-q4-major/bin/../lib/gcc/arm-none-eabi/9.2.1/../../../../arm-none-eabi/lib/thumb/v7-m/nofp/libc_nano.a(lib_a-impure.o)
 .ARM.attributes
                0x000000000000052a       0x2d /home/berndoj/install/gcc-arm-none-eabi-9-2019-q4-major/bin/../lib/gcc/arm-none-eabi/9.2.1/../../../../arm-none-eabi/lib/thumb/v7-m/nofp/libc_nano.a(lib_a-init.o)
 .ARM.attributes
                0x0000000000000557       0x2d /home/berndoj/install/gcc-arm-none-eabi-9-2019-q4-major/bin/../lib/gcc/arm-none-eabi/9.2.1/../../../../arm-none-eabi/lib/thumb/v7-m/nofp/libc_nano.a(lib_a-malloc.o)
 .ARM.attributes
                0x0000000000000584       0x2d /home/berndoj/install/gcc-arm-none-eabi-9-2019-q4-major/bin/../lib/gcc/arm-none-eabi/9.2.1/../../../../arm-none-eabi/lib/thumb/v7-m/nofp/libc_nano.a(lib_a-memset.o)
 .ARM.attributes
                0x00000000000005b1       0x2d /home/berndoj/install/gcc-arm-none-eabi-9-2019-q4-major/bin/../lib/gcc/arm-none-eabi/9.2.1/../../../../arm-none-eabi/lib/thumb/v7-m/nofp/libc_nano.a(lib_a-nano-callocr.o)
 .ARM.attributes
                0x00000000000005de       0x2d /home/berndoj/install/gcc-arm-none-eabi-9-2019-q4-major/bin/../lib/gcc/arm-none-eabi/9.2.1/../../../../arm-none-eabi/lib/thumb/v7-m/nofp/libc_nano.a(lib_a-nano-freer.o)
 .ARM.attributes
                0x000000000000060b       0x2d /home/berndoj/install/gcc-arm-none-eabi-9-2019-q4-major/bin/../lib/gcc/arm-none-eabi/9.2.1/../../../../arm-none-eabi/lib/thumb/v7-m/nofp/libc_nano.a(lib_a-nano-mallocr.o)
 .ARM.attributes
                0x0000000000000638       0x2d /home/berndoj/install/gcc-arm-none-eabi-9-2019-q4-major/bin/../lib/gcc/arm-none-eabi/9.2.1/../../../../arm-none-eabi/lib/thumb/v7-m/nofp/libc_nano.a(lib_a-sbrkr.o)
 .ARM.attributes
                0x0000000000000665       0x2d /home/berndoj/install/gcc-arm-none-eabi-9-2019-q4-major/bin/../lib/gcc/arm-none-eabi/9.2.1/../../../../arm-none-eabi/lib/thumb/v7-m/nofp/libc_nano.a(lib_a-sprintf.o)
 .ARM.attributes
                0x0000000000000692       0x2d /home/berndoj/install/gcc-arm-none-eabi-9-2019-q4-major/bin/../lib/gcc/arm-none-eabi/9.2.1/../../../../arm-none-eabi/lib/thumb/v7-m/nofp/libc_nano.a(lib_a-mlock.o)
 .ARM.attributes
                0x00000000000006bf       0x2d /home/berndoj/install/gcc-arm-none-eabi-9-2019-q4-major/bin/../lib/gcc/arm-none-eabi/9.2.1/../../../../arm-none-eabi/lib/thumb/v7-m/nofp/libc_nano.a(lib_a-nano-svfprintf.o)
 .ARM.attributes
                0x00000000000006ec       0x2d /home/berndoj/install/gcc-arm-none-eabi-9-2019-q4-major/bin/../lib/gcc/arm-none-eabi/9.2.1/../../../../arm-none-eabi/lib/thumb/v7-m/nofp/libc_nano.a(lib_a-nano-vfprintf_i.o)
 .ARM.attributes
                0x0000000000000719       0x2d /home/berndoj/install/gcc-arm-none-eabi-9-2019-q4-major/bin/../lib/gcc/arm-none-eabi/9.2.1/../../../../arm-none-eabi/lib/thumb/v7-m/nofp/libc_nano.a(lib_a-reent.o)
 .ARM.attributes
                0x0000000000000746       0x2d /home/berndoj/install/gcc-arm-none-eabi-9-2019-q4-major/bin/../lib/gcc/arm-none-eabi/9.2.1/../../../../arm-none-eabi/lib/thumb/v7-m/nofp/libc_nano.a(lib_a-lock.o)
 .ARM.attributes
                0x0000000000000773       0x2d /home/berndoj/install/gcc-arm-none-eabi-9-2019-q4-major/bin/../lib/gcc/arm-none-eabi/9.2.1/../../../../arm-none-eabi/lib/thumb/v7-m/nofp/libc_nano.a(lib_a-memchr-stub.o)
 .ARM.attributes
                0x00000000000007a0       0x2d /home/berndoj/install/gcc-arm-none-eabi-9-2019-q4-major/bin/../lib/gcc/arm-none-eabi/9.2.1/../../../../arm-none-eabi/lib/thumb/v7-m/nofp/libc_nano.a(lib_a-memcpy-stub.o)
 .ARM.attributes
                0x00000000000007cd       0x2d /home/berndoj/install/gcc-arm-none-eabi-9-2019-q4-major/bin/../lib/gcc/arm-none-eabi/9.2.1/../../../../arm-none-eabi/lib/thumb/v7-m/nofp/libc_nano.a(lib_a-memmove.o)
 .ARM.attributes
                0x00000000000007fa       0x2d /home/berndoj/install/gcc-arm-none-eabi-9-2019-q4-major/bin/../lib/gcc/arm-none-eabi/9.2.1/../../../../arm-none-eabi/lib/thumb/v7-m/nofp/libc_nano.a(lib_a-nano-reallocr.o)
 .ARM.attributes
                0x0000000000000827       0x2d /home/berndoj/install/gcc-arm-none-eabi-9-2019-q4-major/bin/../lib/gcc/arm-none-eabi/9.2.1/../../../../arm-none-eabi/lib/thumb/v7-m/nofp/libc_nano.a(lib_a-nano-msizer.o)
 .ARM.attributes
                0x0000000000000854       0x2d /home/berndoj/install/gcc-arm-none-eabi-9-2019-q4-major/bin/../lib/gcc/arm-none-eabi/9.2.1/../../../../arm-none-eabi/lib/thumb/v7-m/nofp/libnosys.a(sbrk.o)
 .ARM.attributes
                0x0000000000000881       0x1d /home/berndoj/install/gcc-arm-none-eabi-9-2019-q4-major/bin/../lib/gcc/arm-none-eabi/9.2.1/thumb/v7-m/nofp/crtn.o
OUTPUT(bin/app.elf elf32-littlearm)

.comment        0x0000000000000000       0x79
 .comment       0x0000000000000000       0x79 ./bin/main.o
                                         0x7a (size before relaxing)
 .comment       0x0000000000000079       0x7a ./bin/mcu_init.o
 .comment       0x0000000000000079       0x7a ./bin/isr.o
 .comment       0x0000000000000079       0x7a ./bin/error.o
 .comment       0x0000000000000079       0x7a ./bin/sys_clock.o
 .comment       0x0000000000000079       0x7a ./bin/sys_gpio.o
 .comment       0x0000000000000079       0x7a ./bin/sys_init.o
 .comment       0x0000000000000079       0x7a ./bin/sys_pca9555.o
 .comment       0x0000000000000079       0x7a ./bin/sys_i2c.o
 .comment       0x0000000000000079       0x7a ./bin/sys_usart.o
 .comment       0x0000000000000079       0x7a ./bin/sys_hwb.o
 .comment       0x0000000000000079       0x7a ./bin/sys_timer.o
 .comment       0x0000000000000079       0x7a ./bin/sys_ws2812.o
 .comment       0x0000000000000079       0x7a ./bin/sys_dma.o
 .comment       0x0000000000000079       0x7a ../lib/libpca9555/bin/libpca9555.a(pca9555.o)
 .comment       0x0000000000000079       0x7a ../lib/libneopixel32/bin/libneopixel32.a(neopixel32.o)
 .comment       0x0000000000000079       0x7a ../lib/libstm32f1hal/bin/libstm32f1hal.a(stm32f1xx_hal.o)
 .comment       0x0000000000000079       0x7a ../lib/libstm32f1hal/bin/libstm32f1hal.a(stm32f1xx_hal_cortex.o)
 .comment       0x0000000000000079       0x7a ../lib/libstm32f1hal/bin/libstm32f1hal.a(stm32f1xx_hal_dma.o)
 .comment       0x0000000000000079       0x7a ../lib/libstm32f1hal/bin/libstm32f1hal.a(stm32f1xx_hal_gpio.o)
 .comment       0x0000000000000079       0x7a ../lib/libstm32f1hal/bin/libstm32f1hal.a(stm32f1xx_hal_i2c.o)
 .comment       0x0000000000000079       0x7a ../lib/libstm32f1hal/bin/libstm32f1hal.a(stm32f1xx_hal_rcc.o)
 .comment       0x0000000000000079       0x7a ../lib/libstm32f1hal/bin/libstm32f1hal.a(stm32f1xx_hal_tim.o)
 .comment       0x0000000000000079       0x7a ../lib/libstm32f1hal/bin/libstm32f1hal.a(stm32f1xx_hal_tim_ex.o)
 .comment       0x0000000000000079       0x7a ../lib/libstm32f1hal/bin/libstm32f1hal.a(stm32f1xx_hal_uart.o)

.debug_frame    0x0000000000000000      0x4e8
 .debug_frame   0x0000000000000000       0x20 /home/berndoj/install/gcc-arm-none-eabi-9-2019-q4-major/bin/../lib/gcc/arm-none-eabi/9.2.1/../../../../arm-none-eabi/lib/thumb/v7-m/nofp/libc_nano.a(lib_a-calloc.o)
 .debug_frame   0x0000000000000020       0x2c /home/berndoj/install/gcc-arm-none-eabi-9-2019-q4-major/bin/../lib/gcc/arm-none-eabi/9.2.1/../../../../arm-none-eabi/lib/thumb/v7-m/nofp/libc_nano.a(lib_a-init.o)
 .debug_frame   0x000000000000004c       0x30 /home/berndoj/install/gcc-arm-none-eabi-9-2019-q4-major/bin/../lib/gcc/arm-none-eabi/9.2.1/../../../../arm-none-eabi/lib/thumb/v7-m/nofp/libc_nano.a(lib_a-malloc.o)
 .debug_frame   0x000000000000007c       0x20 /home/berndoj/install/gcc-arm-none-eabi-9-2019-q4-major/bin/../lib/gcc/arm-none-eabi/9.2.1/../../../../arm-none-eabi/lib/thumb/v7-m/nofp/libc_nano.a(lib_a-memset.o)
 .debug_frame   0x000000000000009c       0x2c /home/berndoj/install/gcc-arm-none-eabi-9-2019-q4-major/bin/../lib/gcc/arm-none-eabi/9.2.1/../../../../arm-none-eabi/lib/thumb/v7-m/nofp/libc_nano.a(lib_a-nano-callocr.o)
 .debug_frame   0x00000000000000c8       0x38 /home/berndoj/install/gcc-arm-none-eabi-9-2019-q4-major/bin/../lib/gcc/arm-none-eabi/9.2.1/../../../../arm-none-eabi/lib/thumb/v7-m/nofp/libc_nano.a(lib_a-nano-freer.o)
 .debug_frame   0x0000000000000100       0x30 /home/berndoj/install/gcc-arm-none-eabi-9-2019-q4-major/bin/../lib/gcc/arm-none-eabi/9.2.1/../../../../arm-none-eabi/lib/thumb/v7-m/nofp/libc_nano.a(lib_a-nano-mallocr.o)
 .debug_frame   0x0000000000000130       0x2c /home/berndoj/install/gcc-arm-none-eabi-9-2019-q4-major/bin/../lib/gcc/arm-none-eabi/9.2.1/../../../../arm-none-eabi/lib/thumb/v7-m/nofp/libc_nano.a(lib_a-sbrkr.o)
 .debug_frame   0x000000000000015c       0x6c /home/berndoj/install/gcc-arm-none-eabi-9-2019-q4-major/bin/../lib/gcc/arm-none-eabi/9.2.1/../../../../arm-none-eabi/lib/thumb/v7-m/nofp/libc_nano.a(lib_a-sprintf.o)
 .debug_frame   0x00000000000001c8       0x30 /home/berndoj/install/gcc-arm-none-eabi-9-2019-q4-major/bin/../lib/gcc/arm-none-eabi/9.2.1/../../../../arm-none-eabi/lib/thumb/v7-m/nofp/libc_nano.a(lib_a-mlock.o)
 .debug_frame   0x00000000000001f8       0x90 /home/berndoj/install/gcc-arm-none-eabi-9-2019-q4-major/bin/../lib/gcc/arm-none-eabi/9.2.1/../../../../arm-none-eabi/lib/thumb/v7-m/nofp/libc_nano.a(lib_a-nano-svfprintf.o)
 .debug_frame   0x0000000000000288       0x60 /home/berndoj/install/gcc-arm-none-eabi-9-2019-q4-major/bin/../lib/gcc/arm-none-eabi/9.2.1/../../../../arm-none-eabi/lib/thumb/v7-m/nofp/libc_nano.a(lib_a-nano-vfprintf_i.o)
 .debug_frame   0x00000000000002e8       0x5c /home/berndoj/install/gcc-arm-none-eabi-9-2019-q4-major/bin/../lib/gcc/arm-none-eabi/9.2.1/../../../../arm-none-eabi/lib/thumb/v7-m/nofp/libc_nano.a(lib_a-reent.o)
 .debug_frame   0x0000000000000344       0xb0 /home/berndoj/install/gcc-arm-none-eabi-9-2019-q4-major/bin/../lib/gcc/arm-none-eabi/9.2.1/../../../../arm-none-eabi/lib/thumb/v7-m/nofp/libc_nano.a(lib_a-lock.o)
 .debug_frame   0x00000000000003f4       0x28 /home/berndoj/install/gcc-arm-none-eabi-9-2019-q4-major/bin/../lib/gcc/arm-none-eabi/9.2.1/../../../../arm-none-eabi/lib/thumb/v7-m/nofp/libc_nano.a(lib_a-memchr-stub.o)
 .debug_frame   0x000000000000041c       0x28 /home/berndoj/install/gcc-arm-none-eabi-9-2019-q4-major/bin/../lib/gcc/arm-none-eabi/9.2.1/../../../../arm-none-eabi/lib/thumb/v7-m/nofp/libc_nano.a(lib_a-memcpy-stub.o)
 .debug_frame   0x0000000000000444       0x28 /home/berndoj/install/gcc-arm-none-eabi-9-2019-q4-major/bin/../lib/gcc/arm-none-eabi/9.2.1/../../../../arm-none-eabi/lib/thumb/v7-m/nofp/libc_nano.a(lib_a-memmove.o)
 .debug_frame   0x000000000000046c       0x3c /home/berndoj/install/gcc-arm-none-eabi-9-2019-q4-major/bin/../lib/gcc/arm-none-eabi/9.2.1/../../../../arm-none-eabi/lib/thumb/v7-m/nofp/libc_nano.a(lib_a-nano-reallocr.o)
 .debug_frame   0x00000000000004a8       0x20 /home/berndoj/install/gcc-arm-none-eabi-9-2019-q4-major/bin/../lib/gcc/arm-none-eabi/9.2.1/../../../../arm-none-eabi/lib/thumb/v7-m/nofp/libc_nano.a(lib_a-nano-msizer.o)
 .debug_frame   0x00000000000004c8       0x20 /home/berndoj/install/gcc-arm-none-eabi-9-2019-q4-major/bin/../lib/gcc/arm-none-eabi/9.2.1/../../../../arm-none-eabi/lib/thumb/v7-m/nofp/libnosys.a(sbrk.o)

Cross Reference Table

Symbol                                            File
ADC1_2_IRQHandler                                 ./bin/startup_stm32f103xe.o
ADC3_IRQHandler                                   ./bin/startup_stm32f103xe.o
AHBPrescTable                                     ./bin/mcu_init.o
                                                  ../lib/libstm32f1hal/bin/libstm32f1hal.a(stm32f1xx_hal_rcc.o)
APBPrescTable                                     ./bin/mcu_init.o
                                                  ../lib/libstm32f1hal/bin/libstm32f1hal.a(stm32f1xx_hal_rcc.o)
BusFault_Handler                                  ./bin/isr.o
CAN1_RX1_IRQHandler                               ./bin/startup_stm32f103xe.o
CAN1_SCE_IRQHandler                               ./bin/startup_stm32f103xe.o
DMA1_Channel1_IRQHandler                          ./bin/isr.o
DMA1_Channel2_IRQHandler                          ./bin/startup_stm32f103xe.o
DMA1_Channel3_IRQHandler                          ./bin/startup_stm32f103xe.o
DMA1_Channel4_IRQHandler                          ./bin/startup_stm32f103xe.o
DMA1_Channel5_IRQHandler                          ./bin/startup_stm32f103xe.o
DMA1_Channel6_IRQHandler                          ./bin/startup_stm32f103xe.o
DMA1_Channel7_IRQHandler                          ./bin/startup_stm32f103xe.o
DMA2_Channel1_IRQHandler                          ./bin/startup_stm32f103xe.o
DMA2_Channel2_IRQHandler                          ./bin/startup_stm32f103xe.o
DMA2_Channel3_IRQHandler                          ./bin/startup_stm32f103xe.o
DMA2_Channel4_5_IRQHandler                        ./bin/startup_stm32f103xe.o
DebugMon_Handler                                  ./bin/isr.o
Default_Handler                                   ./bin/startup_stm32f103xe.o
EXTI0_IRQHandler                                  ./bin/startup_stm32f103xe.o
EXTI15_10_IRQHandler                              ./bin/startup_stm32f103xe.o
EXTI1_IRQHandler                                  ./bin/startup_stm32f103xe.o
EXTI2_IRQHandler                                  ./bin/startup_stm32f103xe.o
EXTI3_IRQHandler                                  ./bin/startup_stm32f103xe.o
EXTI4_IRQHandler                                  ./bin/startup_stm32f103xe.o
EXTI9_5_IRQHandler                                ./bin/startup_stm32f103xe.o
FLASH_IRQHandler                                  ./bin/startup_stm32f103xe.o
FSMC_IRQHandler                                   ./bin/startup_stm32f103xe.o
HAL_DBGMCU_DisableDBGSleepMode                    ../lib/libstm32f1hal/bin/libstm32f1hal.a(stm32f1xx_hal.o)
HAL_DBGMCU_DisableDBGStandbyMode                  ../lib/libstm32f1hal/bin/libstm32f1hal.a(stm32f1xx_hal.o)
HAL_DBGMCU_DisableDBGStopMode                     ../lib/libstm32f1hal/bin/libstm32f1hal.a(stm32f1xx_hal.o)
HAL_DBGMCU_EnableDBGSleepMode                     ../lib/libstm32f1hal/bin/libstm32f1hal.a(stm32f1xx_hal.o)
HAL_DBGMCU_EnableDBGStandbyMode                   ../lib/libstm32f1hal/bin/libstm32f1hal.a(stm32f1xx_hal.o)
HAL_DBGMCU_EnableDBGStopMode                      ../lib/libstm32f1hal/bin/libstm32f1hal.a(stm32f1xx_hal.o)
HAL_DMA_Abort                                     ../lib/libstm32f1hal/bin/libstm32f1hal.a(stm32f1xx_hal_dma.o)
                                                  ../lib/libstm32f1hal/bin/libstm32f1hal.a(stm32f1xx_hal_uart.o)
HAL_DMA_Abort_IT                                  ../lib/libstm32f1hal/bin/libstm32f1hal.a(stm32f1xx_hal_dma.o)
                                                  ../lib/libstm32f1hal/bin/libstm32f1hal.a(stm32f1xx_hal_uart.o)
                                                  ../lib/libstm32f1hal/bin/libstm32f1hal.a(stm32f1xx_hal_tim_ex.o)
                                                  ../lib/libstm32f1hal/bin/libstm32f1hal.a(stm32f1xx_hal_tim.o)
                                                  ../lib/libstm32f1hal/bin/libstm32f1hal.a(stm32f1xx_hal_i2c.o)
HAL_DMA_DeInit                                    ../lib/libstm32f1hal/bin/libstm32f1hal.a(stm32f1xx_hal_dma.o)
                                                  ./bin/sys_timer.o
HAL_DMA_GetError                                  ../lib/libstm32f1hal/bin/libstm32f1hal.a(stm32f1xx_hal_dma.o)
                                                  ../lib/libstm32f1hal/bin/libstm32f1hal.a(stm32f1xx_hal_uart.o)
HAL_DMA_GetState                                  ../lib/libstm32f1hal/bin/libstm32f1hal.a(stm32f1xx_hal_dma.o)
                                                  ../lib/libstm32f1hal/bin/libstm32f1hal.a(stm32f1xx_hal_i2c.o)
HAL_DMA_IRQHandler                                ../lib/libstm32f1hal/bin/libstm32f1hal.a(stm32f1xx_hal_dma.o)
                                                  ./bin/isr.o
HAL_DMA_Init                                      ../lib/libstm32f1hal/bin/libstm32f1hal.a(stm32f1xx_hal_dma.o)
                                                  ./bin/sys_timer.o
HAL_DMA_PollForTransfer                           ../lib/libstm32f1hal/bin/libstm32f1hal.a(stm32f1xx_hal_dma.o)
HAL_DMA_RegisterCallback                          ../lib/libstm32f1hal/bin/libstm32f1hal.a(stm32f1xx_hal_dma.o)
HAL_DMA_Start                                     ../lib/libstm32f1hal/bin/libstm32f1hal.a(stm32f1xx_hal_dma.o)
HAL_DMA_Start_IT                                  ../lib/libstm32f1hal/bin/libstm32f1hal.a(stm32f1xx_hal_dma.o)
                                                  ../lib/libstm32f1hal/bin/libstm32f1hal.a(stm32f1xx_hal_uart.o)
                                                  ../lib/libstm32f1hal/bin/libstm32f1hal.a(stm32f1xx_hal_tim_ex.o)
                                                  ../lib/libstm32f1hal/bin/libstm32f1hal.a(stm32f1xx_hal_tim.o)
                                                  ../lib/libstm32f1hal/bin/libstm32f1hal.a(stm32f1xx_hal_i2c.o)
HAL_DMA_UnRegisterCallback                        ../lib/libstm32f1hal/bin/libstm32f1hal.a(stm32f1xx_hal_dma.o)
HAL_DeInit                                        ../lib/libstm32f1hal/bin/libstm32f1hal.a(stm32f1xx_hal.o)
HAL_Delay                                         ../lib/libstm32f1hal/bin/libstm32f1hal.a(stm32f1xx_hal.o)
                                                  ./bin/sys_init.o
                                                  ./bin/main.o
HAL_GPIO_DeInit                                   ../lib/libstm32f1hal/bin/libstm32f1hal.a(stm32f1xx_hal_gpio.o)
                                                  ./bin/sys_usart.o
                                                  ./bin/sys_i2c.o
HAL_GPIO_EXTI_Callback                            ../lib/libstm32f1hal/bin/libstm32f1hal.a(stm32f1xx_hal_gpio.o)
HAL_GPIO_EXTI_IRQHandler                          ../lib/libstm32f1hal/bin/libstm32f1hal.a(stm32f1xx_hal_gpio.o)
HAL_GPIO_Init                                     ../lib/libstm32f1hal/bin/libstm32f1hal.a(stm32f1xx_hal_gpio.o)
                                                  ../lib/libstm32f1hal/bin/libstm32f1hal.a(stm32f1xx_hal_rcc.o)
                                                  ./bin/sys_timer.o
                                                  ./bin/sys_usart.o
                                                  ./bin/sys_i2c.o
                                                  ./bin/sys_gpio.o
HAL_GPIO_LockPin                                  ../lib/libstm32f1hal/bin/libstm32f1hal.a(stm32f1xx_hal_gpio.o)
HAL_GPIO_ReadPin                                  ../lib/libstm32f1hal/bin/libstm32f1hal.a(stm32f1xx_hal_gpio.o)
                                                  ./bin/sys_hwb.o
HAL_GPIO_TogglePin                                ../lib/libstm32f1hal/bin/libstm32f1hal.a(stm32f1xx_hal_gpio.o)
HAL_GPIO_WritePin                                 ../lib/libstm32f1hal/bin/libstm32f1hal.a(stm32f1xx_hal_gpio.o)
                                                  ./bin/sys_init.o
                                                  ./bin/error.o
                                                  ./bin/isr.o
                                                  ./bin/main.o
HAL_GetDEVID                                      ../lib/libstm32f1hal/bin/libstm32f1hal.a(stm32f1xx_hal.o)
HAL_GetHalVersion                                 ../lib/libstm32f1hal/bin/libstm32f1hal.a(stm32f1xx_hal.o)
HAL_GetREVID                                      ../lib/libstm32f1hal/bin/libstm32f1hal.a(stm32f1xx_hal.o)
HAL_GetTick                                       ../lib/libstm32f1hal/bin/libstm32f1hal.a(stm32f1xx_hal.o)
                                                  ../lib/libstm32f1hal/bin/libstm32f1hal.a(stm32f1xx_hal_uart.o)
                                                  ../lib/libstm32f1hal/bin/libstm32f1hal.a(stm32f1xx_hal_rcc.o)
                                                  ../lib/libstm32f1hal/bin/libstm32f1hal.a(stm32f1xx_hal_i2c.o)
                                                  ../lib/libstm32f1hal/bin/libstm32f1hal.a(stm32f1xx_hal_dma.o)
HAL_GetTickFreq                                   ../lib/libstm32f1hal/bin/libstm32f1hal.a(stm32f1xx_hal.o)
HAL_GetTickPrio                                   ../lib/libstm32f1hal/bin/libstm32f1hal.a(stm32f1xx_hal.o)
HAL_GetUIDw0                                      ../lib/libstm32f1hal/bin/libstm32f1hal.a(stm32f1xx_hal.o)
HAL_GetUIDw1                                      ../lib/libstm32f1hal/bin/libstm32f1hal.a(stm32f1xx_hal.o)
HAL_GetUIDw2                                      ../lib/libstm32f1hal/bin/libstm32f1hal.a(stm32f1xx_hal.o)
HAL_HalfDuplex_EnableReceiver                     ../lib/libstm32f1hal/bin/libstm32f1hal.a(stm32f1xx_hal_uart.o)
HAL_HalfDuplex_EnableTransmitter                  ../lib/libstm32f1hal/bin/libstm32f1hal.a(stm32f1xx_hal_uart.o)
HAL_HalfDuplex_Init                               ../lib/libstm32f1hal/bin/libstm32f1hal.a(stm32f1xx_hal_uart.o)
HAL_I2C_AbortCpltCallback                         ../lib/libstm32f1hal/bin/libstm32f1hal.a(stm32f1xx_hal_i2c.o)
HAL_I2C_AddrCallback                              ../lib/libstm32f1hal/bin/libstm32f1hal.a(stm32f1xx_hal_i2c.o)
HAL_I2C_DeInit                                    ../lib/libstm32f1hal/bin/libstm32f1hal.a(stm32f1xx_hal_i2c.o)
HAL_I2C_DisableListen_IT                          ../lib/libstm32f1hal/bin/libstm32f1hal.a(stm32f1xx_hal_i2c.o)
HAL_I2C_ER_IRQHandler                             ../lib/libstm32f1hal/bin/libstm32f1hal.a(stm32f1xx_hal_i2c.o)
HAL_I2C_EV_IRQHandler                             ../lib/libstm32f1hal/bin/libstm32f1hal.a(stm32f1xx_hal_i2c.o)
HAL_I2C_EnableListen_IT                           ../lib/libstm32f1hal/bin/libstm32f1hal.a(stm32f1xx_hal_i2c.o)
HAL_I2C_ErrorCallback                             ../lib/libstm32f1hal/bin/libstm32f1hal.a(stm32f1xx_hal_i2c.o)
HAL_I2C_GetError                                  ../lib/libstm32f1hal/bin/libstm32f1hal.a(stm32f1xx_hal_i2c.o)
HAL_I2C_GetMode                                   ../lib/libstm32f1hal/bin/libstm32f1hal.a(stm32f1xx_hal_i2c.o)
HAL_I2C_GetState                                  ../lib/libstm32f1hal/bin/libstm32f1hal.a(stm32f1xx_hal_i2c.o)
HAL_I2C_Init                                      ../lib/libstm32f1hal/bin/libstm32f1hal.a(stm32f1xx_hal_i2c.o)
                                                  ./bin/sys_i2c.o
HAL_I2C_IsDeviceReady                             ../lib/libstm32f1hal/bin/libstm32f1hal.a(stm32f1xx_hal_i2c.o)
HAL_I2C_ListenCpltCallback                        ../lib/libstm32f1hal/bin/libstm32f1hal.a(stm32f1xx_hal_i2c.o)
HAL_I2C_MasterRxCpltCallback                      ../lib/libstm32f1hal/bin/libstm32f1hal.a(stm32f1xx_hal_i2c.o)
HAL_I2C_MasterTxCpltCallback                      ../lib/libstm32f1hal/bin/libstm32f1hal.a(stm32f1xx_hal_i2c.o)
HAL_I2C_Master_Abort_IT                           ../lib/libstm32f1hal/bin/libstm32f1hal.a(stm32f1xx_hal_i2c.o)
HAL_I2C_Master_Receive                            ../lib/libstm32f1hal/bin/libstm32f1hal.a(stm32f1xx_hal_i2c.o)
                                                  ./bin/sys_pca9555.o
HAL_I2C_Master_Receive_DMA                        ../lib/libstm32f1hal/bin/libstm32f1hal.a(stm32f1xx_hal_i2c.o)
HAL_I2C_Master_Receive_IT                         ../lib/libstm32f1hal/bin/libstm32f1hal.a(stm32f1xx_hal_i2c.o)
HAL_I2C_Master_Seq_Receive_DMA                    ../lib/libstm32f1hal/bin/libstm32f1hal.a(stm32f1xx_hal_i2c.o)
HAL_I2C_Master_Seq_Receive_IT                     ../lib/libstm32f1hal/bin/libstm32f1hal.a(stm32f1xx_hal_i2c.o)
HAL_I2C_Master_Seq_Transmit_DMA                   ../lib/libstm32f1hal/bin/libstm32f1hal.a(stm32f1xx_hal_i2c.o)
HAL_I2C_Master_Seq_Transmit_IT                    ../lib/libstm32f1hal/bin/libstm32f1hal.a(stm32f1xx_hal_i2c.o)
HAL_I2C_Master_Transmit                           ../lib/libstm32f1hal/bin/libstm32f1hal.a(stm32f1xx_hal_i2c.o)
                                                  ./bin/sys_pca9555.o
HAL_I2C_Master_Transmit_DMA                       ../lib/libstm32f1hal/bin/libstm32f1hal.a(stm32f1xx_hal_i2c.o)
HAL_I2C_Master_Transmit_IT                        ../lib/libstm32f1hal/bin/libstm32f1hal.a(stm32f1xx_hal_i2c.o)
HAL_I2C_MemRxCpltCallback                         ../lib/libstm32f1hal/bin/libstm32f1hal.a(stm32f1xx_hal_i2c.o)
HAL_I2C_MemTxCpltCallback                         ../lib/libstm32f1hal/bin/libstm32f1hal.a(stm32f1xx_hal_i2c.o)
HAL_I2C_Mem_Read                                  ../lib/libstm32f1hal/bin/libstm32f1hal.a(stm32f1xx_hal_i2c.o)
HAL_I2C_Mem_Read_DMA                              ../lib/libstm32f1hal/bin/libstm32f1hal.a(stm32f1xx_hal_i2c.o)
HAL_I2C_Mem_Read_IT                               ../lib/libstm32f1hal/bin/libstm32f1hal.a(stm32f1xx_hal_i2c.o)
HAL_I2C_Mem_Write                                 ../lib/libstm32f1hal/bin/libstm32f1hal.a(stm32f1xx_hal_i2c.o)
HAL_I2C_Mem_Write_DMA                             ../lib/libstm32f1hal/bin/libstm32f1hal.a(stm32f1xx_hal_i2c.o)
HAL_I2C_Mem_Write_IT                              ../lib/libstm32f1hal/bin/libstm32f1hal.a(stm32f1xx_hal_i2c.o)
HAL_I2C_MspDeInit                                 ../lib/libstm32f1hal/bin/libstm32f1hal.a(stm32f1xx_hal_i2c.o)
HAL_I2C_MspInit                                   ../lib/libstm32f1hal/bin/libstm32f1hal.a(stm32f1xx_hal_i2c.o)
HAL_I2C_RegisterAddrCallback                      ../lib/libstm32f1hal/bin/libstm32f1hal.a(stm32f1xx_hal_i2c.o)
HAL_I2C_RegisterCallback                          ../lib/libstm32f1hal/bin/libstm32f1hal.a(stm32f1xx_hal_i2c.o)
HAL_I2C_SlaveRxCpltCallback                       ../lib/libstm32f1hal/bin/libstm32f1hal.a(stm32f1xx_hal_i2c.o)
HAL_I2C_SlaveTxCpltCallback                       ../lib/libstm32f1hal/bin/libstm32f1hal.a(stm32f1xx_hal_i2c.o)
HAL_I2C_Slave_Receive                             ../lib/libstm32f1hal/bin/libstm32f1hal.a(stm32f1xx_hal_i2c.o)
HAL_I2C_Slave_Receive_DMA                         ../lib/libstm32f1hal/bin/libstm32f1hal.a(stm32f1xx_hal_i2c.o)
HAL_I2C_Slave_Receive_IT                          ../lib/libstm32f1hal/bin/libstm32f1hal.a(stm32f1xx_hal_i2c.o)
HAL_I2C_Slave_Seq_Receive_DMA                     ../lib/libstm32f1hal/bin/libstm32f1hal.a(stm32f1xx_hal_i2c.o)
HAL_I2C_Slave_Seq_Receive_IT                      ../lib/libstm32f1hal/bin/libstm32f1hal.a(stm32f1xx_hal_i2c.o)
HAL_I2C_Slave_Seq_Transmit_DMA                    ../lib/libstm32f1hal/bin/libstm32f1hal.a(stm32f1xx_hal_i2c.o)
HAL_I2C_Slave_Seq_Transmit_IT                     ../lib/libstm32f1hal/bin/libstm32f1hal.a(stm32f1xx_hal_i2c.o)
HAL_I2C_Slave_Transmit                            ../lib/libstm32f1hal/bin/libstm32f1hal.a(stm32f1xx_hal_i2c.o)
HAL_I2C_Slave_Transmit_DMA                        ../lib/libstm32f1hal/bin/libstm32f1hal.a(stm32f1xx_hal_i2c.o)
HAL_I2C_Slave_Transmit_IT                         ../lib/libstm32f1hal/bin/libstm32f1hal.a(stm32f1xx_hal_i2c.o)
HAL_I2C_UnRegisterAddrCallback                    ../lib/libstm32f1hal/bin/libstm32f1hal.a(stm32f1xx_hal_i2c.o)
HAL_I2C_UnRegisterCallback                        ../lib/libstm32f1hal/bin/libstm32f1hal.a(stm32f1xx_hal_i2c.o)
HAL_IncTick                                       ../lib/libstm32f1hal/bin/libstm32f1hal.a(stm32f1xx_hal.o)
                                                  ./bin/isr.o
HAL_Init                                          ../lib/libstm32f1hal/bin/libstm32f1hal.a(stm32f1xx_hal.o)
                                                  ./bin/main.o
HAL_InitTick                                      ../lib/libstm32f1hal/bin/libstm32f1hal.a(stm32f1xx_hal.o)
                                                  ../lib/libstm32f1hal/bin/libstm32f1hal.a(stm32f1xx_hal_rcc.o)
HAL_LIN_Init                                      ../lib/libstm32f1hal/bin/libstm32f1hal.a(stm32f1xx_hal_uart.o)
HAL_LIN_SendBreak                                 ../lib/libstm32f1hal/bin/libstm32f1hal.a(stm32f1xx_hal_uart.o)
HAL_MspDeInit                                     ../lib/libstm32f1hal/bin/libstm32f1hal.a(stm32f1xx_hal.o)
HAL_MspInit                                       ./bin/main.o
HAL_MultiProcessor_EnterMuteMode                  ../lib/libstm32f1hal/bin/libstm32f1hal.a(stm32f1xx_hal_uart.o)
HAL_MultiProcessor_ExitMuteMode                   ../lib/libstm32f1hal/bin/libstm32f1hal.a(stm32f1xx_hal_uart.o)
HAL_MultiProcessor_Init                           ../lib/libstm32f1hal/bin/libstm32f1hal.a(stm32f1xx_hal_uart.o)
HAL_NVIC_ClearPendingIRQ                          ../lib/libstm32f1hal/bin/libstm32f1hal.a(stm32f1xx_hal_cortex.o)
HAL_NVIC_DisableIRQ                               ../lib/libstm32f1hal/bin/libstm32f1hal.a(stm32f1xx_hal_cortex.o)
HAL_NVIC_EnableIRQ                                ../lib/libstm32f1hal/bin/libstm32f1hal.a(stm32f1xx_hal_cortex.o)
                                                  ./bin/sys_dma.o
HAL_NVIC_GetActive                                ../lib/libstm32f1hal/bin/libstm32f1hal.a(stm32f1xx_hal_cortex.o)
HAL_NVIC_GetPendingIRQ                            ../lib/libstm32f1hal/bin/libstm32f1hal.a(stm32f1xx_hal_cortex.o)
HAL_NVIC_GetPriority                              ../lib/libstm32f1hal/bin/libstm32f1hal.a(stm32f1xx_hal_cortex.o)
HAL_NVIC_GetPriorityGrouping                      ../lib/libstm32f1hal/bin/libstm32f1hal.a(stm32f1xx_hal_cortex.o)
HAL_NVIC_SetPendingIRQ                            ../lib/libstm32f1hal/bin/libstm32f1hal.a(stm32f1xx_hal_cortex.o)
HAL_NVIC_SetPriority                              ../lib/libstm32f1hal/bin/libstm32f1hal.a(stm32f1xx_hal_cortex.o)
                                                  ../lib/libstm32f1hal/bin/libstm32f1hal.a(stm32f1xx_hal.o)
                                                  ./bin/sys_dma.o
HAL_NVIC_SetPriorityGrouping                      ../lib/libstm32f1hal/bin/libstm32f1hal.a(stm32f1xx_hal_cortex.o)
                                                  ../lib/libstm32f1hal/bin/libstm32f1hal.a(stm32f1xx_hal.o)
HAL_NVIC_SystemReset                              ../lib/libstm32f1hal/bin/libstm32f1hal.a(stm32f1xx_hal_cortex.o)
HAL_RCC_CSSCallback                               ../lib/libstm32f1hal/bin/libstm32f1hal.a(stm32f1xx_hal_rcc.o)
HAL_RCC_ClockConfig                               ../lib/libstm32f1hal/bin/libstm32f1hal.a(stm32f1xx_hal_rcc.o)
                                                  ./bin/sys_clock.o
HAL_RCC_DeInit                                    ../lib/libstm32f1hal/bin/libstm32f1hal.a(stm32f1xx_hal_rcc.o)
HAL_RCC_DisableCSS                                ../lib/libstm32f1hal/bin/libstm32f1hal.a(stm32f1xx_hal_rcc.o)
HAL_RCC_EnableCSS                                 ../lib/libstm32f1hal/bin/libstm32f1hal.a(stm32f1xx_hal_rcc.o)
HAL_RCC_GetClockConfig                            ../lib/libstm32f1hal/bin/libstm32f1hal.a(stm32f1xx_hal_rcc.o)
HAL_RCC_GetHCLKFreq                               ../lib/libstm32f1hal/bin/libstm32f1hal.a(stm32f1xx_hal_rcc.o)
HAL_RCC_GetOscConfig                              ../lib/libstm32f1hal/bin/libstm32f1hal.a(stm32f1xx_hal_rcc.o)
HAL_RCC_GetPCLK1Freq                              ../lib/libstm32f1hal/bin/libstm32f1hal.a(stm32f1xx_hal_rcc.o)
                                                  ../lib/libstm32f1hal/bin/libstm32f1hal.a(stm32f1xx_hal_uart.o)
                                                  ../lib/libstm32f1hal/bin/libstm32f1hal.a(stm32f1xx_hal_i2c.o)
HAL_RCC_GetPCLK2Freq                              ../lib/libstm32f1hal/bin/libstm32f1hal.a(stm32f1xx_hal_rcc.o)
                                                  ../lib/libstm32f1hal/bin/libstm32f1hal.a(stm32f1xx_hal_uart.o)
HAL_RCC_GetSysClockFreq                           ../lib/libstm32f1hal/bin/libstm32f1hal.a(stm32f1xx_hal_rcc.o)
HAL_RCC_MCOConfig                                 ../lib/libstm32f1hal/bin/libstm32f1hal.a(stm32f1xx_hal_rcc.o)
HAL_RCC_NMI_IRQHandler                            ../lib/libstm32f1hal/bin/libstm32f1hal.a(stm32f1xx_hal_rcc.o)
HAL_RCC_OscConfig                                 ../lib/libstm32f1hal/bin/libstm32f1hal.a(stm32f1xx_hal_rcc.o)
                                                  ./bin/sys_clock.o
HAL_ResumeTick                                    ../lib/libstm32f1hal/bin/libstm32f1hal.a(stm32f1xx_hal.o)
HAL_SYSTICK_CLKSourceConfig                       ../lib/libstm32f1hal/bin/libstm32f1hal.a(stm32f1xx_hal_cortex.o)
HAL_SYSTICK_Callback                              ../lib/libstm32f1hal/bin/libstm32f1hal.a(stm32f1xx_hal_cortex.o)
HAL_SYSTICK_Config                                ../lib/libstm32f1hal/bin/libstm32f1hal.a(stm32f1xx_hal_cortex.o)
                                                  ../lib/libstm32f1hal/bin/libstm32f1hal.a(stm32f1xx_hal.o)
HAL_SYSTICK_IRQHandler                            ../lib/libstm32f1hal/bin/libstm32f1hal.a(stm32f1xx_hal_cortex.o)
HAL_SetTickFreq                                   ../lib/libstm32f1hal/bin/libstm32f1hal.a(stm32f1xx_hal.o)
HAL_SuspendTick                                   ../lib/libstm32f1hal/bin/libstm32f1hal.a(stm32f1xx_hal.o)
HAL_TIMEx_BreakCallback                           ../lib/libstm32f1hal/bin/libstm32f1hal.a(stm32f1xx_hal_tim_ex.o)
                                                  ../lib/libstm32f1hal/bin/libstm32f1hal.a(stm32f1xx_hal_tim.o)
HAL_TIMEx_CommutCallback                          ../lib/libstm32f1hal/bin/libstm32f1hal.a(stm32f1xx_hal_tim_ex.o)
                                                  ../lib/libstm32f1hal/bin/libstm32f1hal.a(stm32f1xx_hal_tim.o)
HAL_TIMEx_CommutHalfCpltCallback                  ../lib/libstm32f1hal/bin/libstm32f1hal.a(stm32f1xx_hal_tim_ex.o)
                                                  ../lib/libstm32f1hal/bin/libstm32f1hal.a(stm32f1xx_hal_tim.o)
HAL_TIMEx_ConfigBreakDeadTime                     ../lib/libstm32f1hal/bin/libstm32f1hal.a(stm32f1xx_hal_tim_ex.o)
HAL_TIMEx_ConfigCommutEvent                       ../lib/libstm32f1hal/bin/libstm32f1hal.a(stm32f1xx_hal_tim_ex.o)
HAL_TIMEx_ConfigCommutEvent_DMA                   ../lib/libstm32f1hal/bin/libstm32f1hal.a(stm32f1xx_hal_tim_ex.o)
HAL_TIMEx_ConfigCommutEvent_IT                    ../lib/libstm32f1hal/bin/libstm32f1hal.a(stm32f1xx_hal_tim_ex.o)
HAL_TIMEx_HallSensor_DeInit                       ../lib/libstm32f1hal/bin/libstm32f1hal.a(stm32f1xx_hal_tim_ex.o)
HAL_TIMEx_HallSensor_GetState                     ../lib/libstm32f1hal/bin/libstm32f1hal.a(stm32f1xx_hal_tim_ex.o)
HAL_TIMEx_HallSensor_Init                         ../lib/libstm32f1hal/bin/libstm32f1hal.a(stm32f1xx_hal_tim_ex.o)
HAL_TIMEx_HallSensor_MspDeInit                    ../lib/libstm32f1hal/bin/libstm32f1hal.a(stm32f1xx_hal_tim_ex.o)
                                                  ../lib/libstm32f1hal/bin/libstm32f1hal.a(stm32f1xx_hal_tim.o)
HAL_TIMEx_HallSensor_MspInit                      ../lib/libstm32f1hal/bin/libstm32f1hal.a(stm32f1xx_hal_tim_ex.o)
                                                  ../lib/libstm32f1hal/bin/libstm32f1hal.a(stm32f1xx_hal_tim.o)
HAL_TIMEx_HallSensor_Start                        ../lib/libstm32f1hal/bin/libstm32f1hal.a(stm32f1xx_hal_tim_ex.o)
HAL_TIMEx_HallSensor_Start_DMA                    ../lib/libstm32f1hal/bin/libstm32f1hal.a(stm32f1xx_hal_tim_ex.o)
HAL_TIMEx_HallSensor_Start_IT                     ../lib/libstm32f1hal/bin/libstm32f1hal.a(stm32f1xx_hal_tim_ex.o)
HAL_TIMEx_HallSensor_Stop                         ../lib/libstm32f1hal/bin/libstm32f1hal.a(stm32f1xx_hal_tim_ex.o)
HAL_TIMEx_HallSensor_Stop_DMA                     ../lib/libstm32f1hal/bin/libstm32f1hal.a(stm32f1xx_hal_tim_ex.o)
HAL_TIMEx_HallSensor_Stop_IT                      ../lib/libstm32f1hal/bin/libstm32f1hal.a(stm32f1xx_hal_tim_ex.o)
HAL_TIMEx_MasterConfigSynchronization             ../lib/libstm32f1hal/bin/libstm32f1hal.a(stm32f1xx_hal_tim_ex.o)
                                                  ./bin/sys_timer.o
HAL_TIMEx_OCN_Start                               ../lib/libstm32f1hal/bin/libstm32f1hal.a(stm32f1xx_hal_tim_ex.o)
HAL_TIMEx_OCN_Start_DMA                           ../lib/libstm32f1hal/bin/libstm32f1hal.a(stm32f1xx_hal_tim_ex.o)
HAL_TIMEx_OCN_Start_IT                            ../lib/libstm32f1hal/bin/libstm32f1hal.a(stm32f1xx_hal_tim_ex.o)
HAL_TIMEx_OCN_Stop                                ../lib/libstm32f1hal/bin/libstm32f1hal.a(stm32f1xx_hal_tim_ex.o)
HAL_TIMEx_OCN_Stop_DMA                            ../lib/libstm32f1hal/bin/libstm32f1hal.a(stm32f1xx_hal_tim_ex.o)
HAL_TIMEx_OCN_Stop_IT                             ../lib/libstm32f1hal/bin/libstm32f1hal.a(stm32f1xx_hal_tim_ex.o)
HAL_TIMEx_OnePulseN_Start                         ../lib/libstm32f1hal/bin/libstm32f1hal.a(stm32f1xx_hal_tim_ex.o)
HAL_TIMEx_OnePulseN_Start_IT                      ../lib/libstm32f1hal/bin/libstm32f1hal.a(stm32f1xx_hal_tim_ex.o)
HAL_TIMEx_OnePulseN_Stop                          ../lib/libstm32f1hal/bin/libstm32f1hal.a(stm32f1xx_hal_tim_ex.o)
HAL_TIMEx_OnePulseN_Stop_IT                       ../lib/libstm32f1hal/bin/libstm32f1hal.a(stm32f1xx_hal_tim_ex.o)
HAL_TIMEx_PWMN_Start                              ../lib/libstm32f1hal/bin/libstm32f1hal.a(stm32f1xx_hal_tim_ex.o)
HAL_TIMEx_PWMN_Start_DMA                          ../lib/libstm32f1hal/bin/libstm32f1hal.a(stm32f1xx_hal_tim_ex.o)
HAL_TIMEx_PWMN_Start_IT                           ../lib/libstm32f1hal/bin/libstm32f1hal.a(stm32f1xx_hal_tim_ex.o)
HAL_TIMEx_PWMN_Stop                               ../lib/libstm32f1hal/bin/libstm32f1hal.a(stm32f1xx_hal_tim_ex.o)
HAL_TIMEx_PWMN_Stop_DMA                           ../lib/libstm32f1hal/bin/libstm32f1hal.a(stm32f1xx_hal_tim_ex.o)
HAL_TIMEx_PWMN_Stop_IT                            ../lib/libstm32f1hal/bin/libstm32f1hal.a(stm32f1xx_hal_tim_ex.o)
HAL_TIMEx_RemapConfig                             ../lib/libstm32f1hal/bin/libstm32f1hal.a(stm32f1xx_hal_tim_ex.o)
HAL_TIM_Base_DeInit                               ../lib/libstm32f1hal/bin/libstm32f1hal.a(stm32f1xx_hal_tim.o)
HAL_TIM_Base_GetState                             ../lib/libstm32f1hal/bin/libstm32f1hal.a(stm32f1xx_hal_tim.o)
HAL_TIM_Base_Init                                 ../lib/libstm32f1hal/bin/libstm32f1hal.a(stm32f1xx_hal_tim.o)
HAL_TIM_Base_MspDeInit                            ../lib/libstm32f1hal/bin/libstm32f1hal.a(stm32f1xx_hal_tim.o)
HAL_TIM_Base_MspInit                              ../lib/libstm32f1hal/bin/libstm32f1hal.a(stm32f1xx_hal_tim.o)
HAL_TIM_Base_Start                                ../lib/libstm32f1hal/bin/libstm32f1hal.a(stm32f1xx_hal_tim.o)
HAL_TIM_Base_Start_DMA                            ../lib/libstm32f1hal/bin/libstm32f1hal.a(stm32f1xx_hal_tim.o)
HAL_TIM_Base_Start_IT                             ../lib/libstm32f1hal/bin/libstm32f1hal.a(stm32f1xx_hal_tim.o)
HAL_TIM_Base_Stop                                 ../lib/libstm32f1hal/bin/libstm32f1hal.a(stm32f1xx_hal_tim.o)
HAL_TIM_Base_Stop_DMA                             ../lib/libstm32f1hal/bin/libstm32f1hal.a(stm32f1xx_hal_tim.o)
HAL_TIM_Base_Stop_IT                              ../lib/libstm32f1hal/bin/libstm32f1hal.a(stm32f1xx_hal_tim.o)