ARM GAS  /tmp/cc4Tiycs.s 			page 1


   1              		.cpu cortex-m3
   2              		.eabi_attribute 20, 1
   3              		.eabi_attribute 21, 1
   4              		.eabi_attribute 23, 3
   5              		.eabi_attribute 24, 1
   6              		.eabi_attribute 25, 1
   7              		.eabi_attribute 26, 1
   8              		.eabi_attribute 30, 4
   9              		.eabi_attribute 34, 1
  10              		.eabi_attribute 18, 4
  11              		.file	"infinikeys_stm32cube_usb_hid.c"
  12              		.section	.text.IK_STM32CUBE_USBD_HID_GetConfigDescriptor,"ax",%progbits
  13              		.align	1
  14              		.syntax unified
  15              		.thumb
  16              		.thumb_func
  17              		.fpu softvfp
  19              	IK_STM32CUBE_USBD_HID_GetConfigDescriptor:
  20              		@ args = 0, pretend = 0, frame = 0
  21              		@ frame_needed = 0, uses_anonymous_args = 0
  22              		@ link register save eliminated.
  23 0000 2923     		movs	r3, #41
  24 0002 0380     		strh	r3, [r0]	@ movhi
  25 0004 0048     		ldr	r0, .L2
  26 0006 7047     		bx	lr
  27              	.L3:
  28              		.align	2
  29              	.L2:
  30 0008 00000000 		.word	IK_USB_DESCRIPTOR_CONFIG
  32              		.section	.text.IK_STM32CUBE_USBD_HID_GetDeviceQualifierDescriptor,"ax",%progbits
  33              		.align	1
  34              		.syntax unified
  35              		.thumb
  36              		.thumb_func
  37              		.fpu softvfp
  39              	IK_STM32CUBE_USBD_HID_GetDeviceQualifierDescriptor:
  40              		@ args = 0, pretend = 0, frame = 0
  41              		@ frame_needed = 0, uses_anonymous_args = 0
  42              		@ link register save eliminated.
  43 0000 0A23     		movs	r3, #10
  44 0002 0380     		strh	r3, [r0]	@ movhi
  45 0004 0048     		ldr	r0, .L5
  46 0006 7047     		bx	lr
  47              	.L6:
  48              		.align	2
  49              	.L5:
  50 0008 00000000 		.word	_IK_USB_DESCRIPTOR_DEV_QUALIF
  52              		.section	.text.IK_STM32CUBE_USBD_HID_DataIn,"ax",%progbits
  53              		.align	1
  54              		.syntax unified
  55              		.thumb
  56              		.thumb_func
  57              		.fpu softvfp
  59              	IK_STM32CUBE_USBD_HID_DataIn:
  60              		@ args = 0, pretend = 0, frame = 0
  61              		@ frame_needed = 0, uses_anonymous_args = 0
  62              		@ link register save eliminated.
ARM GAS  /tmp/cc4Tiycs.s 			page 2


  63 0000 D0F8B832 		ldr	r3, [r0, #696]
  64 0004 0020     		movs	r0, #0
  65 0006 83F86000 		strb	r0, [r3, #96]
  66 000a 7047     		bx	lr
  68              		.section	.text.IK_STM32CUBE_USBD_HID_EP0RecieveReady,"ax",%progbits
  69              		.align	1
  70              		.syntax unified
  71              		.thumb
  72              		.thumb_func
  73              		.fpu softvfp
  75              	IK_STM32CUBE_USBD_HID_EP0RecieveReady:
  76              		@ args = 0, pretend = 0, frame = 0
  77              		@ frame_needed = 0, uses_anonymous_args = 0
  78 0000 10B5     		push	{r4, lr}
  79 0002 D0F8B842 		ldr	r4, [r0, #696]
  80 0006 E36D     		ldr	r3, [r4, #92]
  81 0008 012B     		cmp	r3, #1
  82 000a 06D1     		bne	.L9
  83 000c D0F8BC32 		ldr	r3, [r0, #700]
  84 0010 2046     		mov	r0, r4
  85 0012 DB68     		ldr	r3, [r3, #12]
  86 0014 9847     		blx	r3
  87 0016 0023     		movs	r3, #0
  88 0018 E365     		str	r3, [r4, #92]
  89              	.L9:
  90 001a 0020     		movs	r0, #0
  91 001c 10BD     		pop	{r4, pc}
  93              		.section	.text.IK_STM32CUBE_USBD_HID_DataOut,"ax",%progbits
  94              		.align	1
  95              		.syntax unified
  96              		.thumb
  97              		.thumb_func
  98              		.fpu softvfp
 100              	IK_STM32CUBE_USBD_HID_DataOut:
 101              		@ args = 0, pretend = 0, frame = 0
 102              		@ frame_needed = 0, uses_anonymous_args = 0
 103 0000 38B5     		push	{r3, r4, r5, lr}
 104 0002 0446     		mov	r4, r0
 105 0004 D0F8B852 		ldr	r5, [r0, #696]
 106 0008 D0F8BC32 		ldr	r3, [r0, #700]
 107 000c 2846     		mov	r0, r5
 108 000e DB68     		ldr	r3, [r3, #12]
 109 0010 9847     		blx	r3
 110 0012 5023     		movs	r3, #80
 111 0014 2A46     		mov	r2, r5
 112 0016 0121     		movs	r1, #1
 113 0018 2046     		mov	r0, r4
 114 001a FFF7FEFF 		bl	USBD_LL_PrepareReceive
 115 001e 0020     		movs	r0, #0
 116 0020 38BD     		pop	{r3, r4, r5, pc}
 118              		.section	.text.IK_STM32CUBE_USBD_HID_Setup,"ax",%progbits
 119              		.align	1
 120              		.syntax unified
 121              		.thumb
 122              		.thumb_func
 123              		.fpu softvfp
 125              	IK_STM32CUBE_USBD_HID_Setup:
ARM GAS  /tmp/cc4Tiycs.s 			page 3


 126              		@ args = 0, pretend = 0, frame = 0
 127              		@ frame_needed = 0, uses_anonymous_args = 0
 128 0000 38B5     		push	{r3, r4, r5, lr}
 129 0002 0C78     		ldrb	r4, [r1]	@ zero_extendqisi2
 130 0004 0546     		mov	r5, r0
 131 0006 14F06004 		ands	r4, r4, #96
 132 000a D0F8B832 		ldr	r3, [r0, #696]
 133 000e 03D0     		beq	.L13
 134 0010 202C     		cmp	r4, #32
 135 0012 2DD0     		beq	.L14
 136              	.L30:
 137 0014 0024     		movs	r4, #0
 138 0016 26E0     		b	.L12
 139              	.L13:
 140 0018 4A78     		ldrb	r2, [r1, #1]	@ zero_extendqisi2
 141 001a 0A2A     		cmp	r2, #10
 142 001c 1ED0     		beq	.L15
 143 001e 0B2A     		cmp	r2, #11
 144 0020 23D0     		beq	.L16
 145 0022 062A     		cmp	r2, #6
 146 0024 1FD1     		bne	.L12
 147 0026 4B88     		ldrh	r3, [r1, #2]
 148 0028 1B0A     		lsrs	r3, r3, #8
 149 002a 222B     		cmp	r3, #34
 150 002c 0BD1     		bne	.L18
 151 002e C888     		ldrh	r0, [r1, #6]
 152 0030 D5F8BC32 		ldr	r3, [r5, #700]
 153 0034 5B28     		cmp	r0, #91
 154 0036 28BF     		it	cs
 155 0038 5B20     		movcs	r0, #91
 156 003a 1968     		ldr	r1, [r3]
 157              	.L19:
 158 003c 0246     		mov	r2, r0
 159              	.L32:
 160 003e 2846     		mov	r0, r5
 161 0040 FFF7FEFF 		bl	USBD_CtlSendData
 162 0044 E6E7     		b	.L30
 163              	.L18:
 164 0046 212B     		cmp	r3, #33
 165 0048 05D1     		bne	.L29
 166 004a C888     		ldrh	r0, [r1, #6]
 167 004c 2049     		ldr	r1, .L33
 168 004e 0928     		cmp	r0, #9
 169 0050 28BF     		it	cs
 170 0052 0920     		movcs	r0, #9
 171 0054 F2E7     		b	.L19
 172              	.L29:
 173 0056 2046     		mov	r0, r4
 174 0058 2146     		mov	r1, r4
 175 005a EFE7     		b	.L19
 176              	.L15:
 177 005c 0122     		movs	r2, #1
 178 005e 03F15801 		add	r1, r3, #88
 179 0062 FFF7FEFF 		bl	USBD_CtlSendData
 180              	.L12:
 181 0066 2046     		mov	r0, r4
 182 0068 38BD     		pop	{r3, r4, r5, pc}
ARM GAS  /tmp/cc4Tiycs.s 			page 4


 183              	.L16:
 184 006a 8A78     		ldrb	r2, [r1, #2]	@ zero_extendqisi2
 185 006c 9A65     		str	r2, [r3, #88]
 186 006e FAE7     		b	.L12
 187              	.L14:
 188 0070 4A78     		ldrb	r2, [r1, #1]	@ zero_extendqisi2
 189 0072 023A     		subs	r2, r2, #2
 190 0074 092A     		cmp	r2, #9
 191 0076 25D8     		bhi	.L20
 192 0078 DFE802F0 		tbb	[pc, r2]
 193              	.L22:
 194 007c 18       		.byte	(.L21-.L22)/2
 195 007d 0B       		.byte	(.L23-.L22)/2
 196 007e 24       		.byte	(.L20-.L22)/2
 197 007f 24       		.byte	(.L20-.L22)/2
 198 0080 24       		.byte	(.L20-.L22)/2
 199 0081 24       		.byte	(.L20-.L22)/2
 200 0082 24       		.byte	(.L20-.L22)/2
 201 0083 1C       		.byte	(.L24-.L22)/2
 202 0084 14       		.byte	(.L25-.L22)/2
 203 0085 05       		.byte	(.L26-.L22)/2
 204              		.p2align 1
 205              	.L26:
 206 0086 8978     		ldrb	r1, [r1, #2]	@ zero_extendqisi2
 207 0088 1248     		ldr	r0, .L33+4
 208 008a 1965     		str	r1, [r3, #80]
 209 008c FFF7FEFF 		bl	CONSOLE_PrintLn
 210 0090 C0E7     		b	.L30
 211              	.L23:
 212 0092 1C46     		mov	r4, r3
 213 0094 54F8501F 		ldr	r1, [r4, #80]!
 214 0098 0E48     		ldr	r0, .L33+4
 215 009a FFF7FEFF 		bl	CONSOLE_PrintLn
 216 009e 0122     		movs	r2, #1
 217 00a0 2146     		mov	r1, r4
 218 00a2 CCE7     		b	.L32
 219              	.L25:
 220 00a4 4A88     		ldrh	r2, [r1, #2]
 221 00a6 120A     		lsrs	r2, r2, #8
 222 00a8 5A65     		str	r2, [r3, #84]
 223 00aa B3E7     		b	.L30
 224              	.L21:
 225 00ac 0122     		movs	r2, #1
 226 00ae 03F15401 		add	r1, r3, #84
 227 00b2 C4E7     		b	.L32
 228              	.L24:
 229 00b4 0122     		movs	r2, #1
 230 00b6 2846     		mov	r0, r5
 231 00b8 DA65     		str	r2, [r3, #92]
 232 00ba 8A79     		ldrb	r2, [r1, #6]	@ zero_extendqisi2
 233 00bc 1946     		mov	r1, r3
 234 00be FFF7FEFF 		bl	USBD_CtlPrepareRx
 235 00c2 A7E7     		b	.L30
 236              	.L20:
 237 00c4 2846     		mov	r0, r5
 238 00c6 FFF7FEFF 		bl	USBD_CtlError
 239 00ca 0224     		movs	r4, #2
ARM GAS  /tmp/cc4Tiycs.s 			page 5


 240 00cc CBE7     		b	.L12
 241              	.L34:
 242 00ce 00BF     		.align	2
 243              	.L33:
 244 00d0 00000000 		.word	IK_USB_DESCRIPTOR_HID_REPORT
 245 00d4 00000000 		.word	.LC0
 247              		.section	.text.IK_STM32CUBE_USBD_HID_DeInit,"ax",%progbits
 248              		.align	1
 249              		.syntax unified
 250              		.thumb
 251              		.thumb_func
 252              		.fpu softvfp
 254              	IK_STM32CUBE_USBD_HID_DeInit:
 255              		@ args = 0, pretend = 0, frame = 0
 256              		@ frame_needed = 0, uses_anonymous_args = 0
 257 0000 10B5     		push	{r4, lr}
 258 0002 0446     		mov	r4, r0
 259 0004 8121     		movs	r1, #129
 260 0006 FFF7FEFF 		bl	USBD_LL_CloseEP
 261 000a 0121     		movs	r1, #1
 262 000c 2046     		mov	r0, r4
 263 000e FFF7FEFF 		bl	USBD_LL_CloseEP
 264 0012 D4F8B832 		ldr	r3, [r4, #696]
 265 0016 53B1     		cbz	r3, .L36
 266 0018 D4F8BC32 		ldr	r3, [r4, #700]
 267 001c 9B68     		ldr	r3, [r3, #8]
 268 001e 9847     		blx	r3
 269 0020 D4F8B802 		ldr	r0, [r4, #696]
 270 0024 FFF7FEFF 		bl	USBD_static_free
 271 0028 0023     		movs	r3, #0
 272 002a C4F8B832 		str	r3, [r4, #696]
 273              	.L36:
 274 002e 0020     		movs	r0, #0
 275 0030 10BD     		pop	{r4, pc}
 277              		.section	.text.IK_STM32CUBE_USBD_HID_Init,"ax",%progbits
 278              		.align	1
 279              		.syntax unified
 280              		.thumb
 281              		.thumb_func
 282              		.fpu softvfp
 284              	IK_STM32CUBE_USBD_HID_Init:
 285              		@ args = 0, pretend = 0, frame = 0
 286              		@ frame_needed = 0, uses_anonymous_args = 0
 287 0000 70B5     		push	{r4, r5, r6, lr}
 288 0002 0546     		mov	r5, r0
 289 0004 0A23     		movs	r3, #10
 290 0006 0322     		movs	r2, #3
 291 0008 8121     		movs	r1, #129
 292 000a FFF7FEFF 		bl	USBD_LL_OpenEP
 293 000e 0A23     		movs	r3, #10
 294 0010 0322     		movs	r2, #3
 295 0012 0121     		movs	r1, #1
 296 0014 2846     		mov	r0, r5
 297 0016 FFF7FEFF 		bl	USBD_LL_OpenEP
 298 001a 6420     		movs	r0, #100
 299 001c FFF7FEFF 		bl	USBD_static_malloc
 300 0020 0646     		mov	r6, r0
ARM GAS  /tmp/cc4Tiycs.s 			page 6


 301 0022 C5F8B802 		str	r0, [r5, #696]
 302 0026 70B1     		cbz	r0, .L42
 303 0028 0024     		movs	r4, #0
 304 002a D5F8BC32 		ldr	r3, [r5, #700]
 305 002e 80F86040 		strb	r4, [r0, #96]
 306 0032 5B68     		ldr	r3, [r3, #4]
 307 0034 9847     		blx	r3
 308 0036 5023     		movs	r3, #80
 309 0038 3246     		mov	r2, r6
 310 003a 0121     		movs	r1, #1
 311 003c 2846     		mov	r0, r5
 312 003e FFF7FEFF 		bl	USBD_LL_PrepareReceive
 313 0042 2046     		mov	r0, r4
 314 0044 70BD     		pop	{r4, r5, r6, pc}
 315              	.L42:
 316 0046 0220     		movs	r0, #2
 317 0048 70BD     		pop	{r4, r5, r6, pc}
 319              		.section	.text.IK_STM32CUBE_USBD_HID_SendReport,"ax",%progbits
 320              		.align	1
 321              		.global	IK_STM32CUBE_USBD_HID_SendReport
 322              		.syntax unified
 323              		.thumb
 324              		.thumb_func
 325              		.fpu softvfp
 327              	IK_STM32CUBE_USBD_HID_SendReport:
 328              		@ args = 0, pretend = 0, frame = 0
 329              		@ frame_needed = 0, uses_anonymous_args = 0
 330 0000 10B5     		push	{r4, lr}
 331 0002 1346     		mov	r3, r2
 332 0004 90F89C22 		ldrb	r2, [r0, #668]	@ zero_extendqisi2
 333 0008 032A     		cmp	r2, #3
 334 000a 0BD1     		bne	.L44
 335 000c D0F8B842 		ldr	r4, [r0, #696]
 336 0010 94F86020 		ldrb	r2, [r4, #96]	@ zero_extendqisi2
 337 0014 32B9     		cbnz	r2, .L44
 338 0016 0122     		movs	r2, #1
 339 0018 84F86020 		strb	r2, [r4, #96]
 340 001c 0A46     		mov	r2, r1
 341 001e 8121     		movs	r1, #129
 342 0020 FFF7FEFF 		bl	USBD_LL_Transmit
 343              	.L44:
 344 0024 0020     		movs	r0, #0
 345 0026 10BD     		pop	{r4, pc}
 347              		.section	.text.IK_STM32CUBE_USBD_HID_RegisterInterface,"ax",%progbits
 348              		.align	1
 349              		.global	IK_STM32CUBE_USBD_HID_RegisterInterface
 350              		.syntax unified
 351              		.thumb
 352              		.thumb_func
 353              		.fpu softvfp
 355              	IK_STM32CUBE_USBD_HID_RegisterInterface:
 356              		@ args = 0, pretend = 0, frame = 0
 357              		@ frame_needed = 0, uses_anonymous_args = 0
 358              		@ link register save eliminated.
 359 0000 19B1     		cbz	r1, .L47
 360 0002 C0F8BC12 		str	r1, [r0, #700]
 361 0006 0020     		movs	r0, #0
ARM GAS  /tmp/cc4Tiycs.s 			page 7


 362 0008 7047     		bx	lr
 363              	.L47:
 364 000a 0220     		movs	r0, #2
 365 000c 7047     		bx	lr
 367              		.global	IK_HID_Class
 368              		.section	.data.IK_HID_Class,"aw",%progbits
 369              		.align	2
 372              	IK_HID_Class:
 373 0000 00000000 		.word	IK_STM32CUBE_USBD_HID_Init
 374 0004 00000000 		.word	IK_STM32CUBE_USBD_HID_DeInit
 375 0008 00000000 		.word	IK_STM32CUBE_USBD_HID_Setup
 376 000c 00000000 		.word	0
 377 0010 00000000 		.word	IK_STM32CUBE_USBD_HID_EP0RecieveReady
 378 0014 00000000 		.word	IK_STM32CUBE_USBD_HID_DataIn
 379 0018 00000000 		.word	IK_STM32CUBE_USBD_HID_DataOut
 380 001c 00000000 		.word	0
 381 0020 00000000 		.word	0
 382 0024 00000000 		.word	0
 383 0028 00000000 		.word	IK_STM32CUBE_USBD_HID_GetConfigDescriptor
 384 002c 00000000 		.word	IK_STM32CUBE_USBD_HID_GetConfigDescriptor
 385 0030 00000000 		.word	IK_STM32CUBE_USBD_HID_GetConfigDescriptor
 386 0034 00000000 		.word	IK_STM32CUBE_USBD_HID_GetDeviceQualifierDescriptor
 387              		.section	.rodata.IK_STM32CUBE_USBD_HID_Setup.str1.1,"aMS",%progbits,1
 388              	.LC0:
 389 0000 5B555342 		.ascii	"[USB] SET_PROTOCOL: %i\000"
 389      5D205345 
 389      545F5052 
 389      4F544F43 
 389      4F4C3A20 
 390              		.ident	"GCC: (15:6.3.1+svn253039-1build1) 6.3.1 20170620"
ARM GAS  /tmp/cc4Tiycs.s 			page 8


DEFINED SYMBOLS
                            *ABS*:0000000000000000 infinikeys_stm32cube_usb_hid.c
     /tmp/cc4Tiycs.s:13     .text.IK_STM32CUBE_USBD_HID_GetConfigDescriptor:0000000000000000 $t
     /tmp/cc4Tiycs.s:19     .text.IK_STM32CUBE_USBD_HID_GetConfigDescriptor:0000000000000000 IK_STM32CUBE_USBD_HID_GetConfigDescriptor
     /tmp/cc4Tiycs.s:30     .text.IK_STM32CUBE_USBD_HID_GetConfigDescriptor:0000000000000008 $d
     /tmp/cc4Tiycs.s:33     .text.IK_STM32CUBE_USBD_HID_GetDeviceQualifierDescriptor:0000000000000000 $t
     /tmp/cc4Tiycs.s:39     .text.IK_STM32CUBE_USBD_HID_GetDeviceQualifierDescriptor:0000000000000000 IK_STM32CUBE_USBD_HID_GetDeviceQualifierDescriptor
     /tmp/cc4Tiycs.s:50     .text.IK_STM32CUBE_USBD_HID_GetDeviceQualifierDescriptor:0000000000000008 $d
     /tmp/cc4Tiycs.s:53     .text.IK_STM32CUBE_USBD_HID_DataIn:0000000000000000 $t
     /tmp/cc4Tiycs.s:59     .text.IK_STM32CUBE_USBD_HID_DataIn:0000000000000000 IK_STM32CUBE_USBD_HID_DataIn
     /tmp/cc4Tiycs.s:69     .text.IK_STM32CUBE_USBD_HID_EP0RecieveReady:0000000000000000 $t
     /tmp/cc4Tiycs.s:75     .text.IK_STM32CUBE_USBD_HID_EP0RecieveReady:0000000000000000 IK_STM32CUBE_USBD_HID_EP0RecieveReady
     /tmp/cc4Tiycs.s:94     .text.IK_STM32CUBE_USBD_HID_DataOut:0000000000000000 $t
     /tmp/cc4Tiycs.s:100    .text.IK_STM32CUBE_USBD_HID_DataOut:0000000000000000 IK_STM32CUBE_USBD_HID_DataOut
     /tmp/cc4Tiycs.s:119    .text.IK_STM32CUBE_USBD_HID_Setup:0000000000000000 $t
     /tmp/cc4Tiycs.s:125    .text.IK_STM32CUBE_USBD_HID_Setup:0000000000000000 IK_STM32CUBE_USBD_HID_Setup
     /tmp/cc4Tiycs.s:194    .text.IK_STM32CUBE_USBD_HID_Setup:000000000000007c $d
     /tmp/cc4Tiycs.s:204    .text.IK_STM32CUBE_USBD_HID_Setup:0000000000000086 $t
     /tmp/cc4Tiycs.s:244    .text.IK_STM32CUBE_USBD_HID_Setup:00000000000000d0 $d
     /tmp/cc4Tiycs.s:248    .text.IK_STM32CUBE_USBD_HID_DeInit:0000000000000000 $t
     /tmp/cc4Tiycs.s:254    .text.IK_STM32CUBE_USBD_HID_DeInit:0000000000000000 IK_STM32CUBE_USBD_HID_DeInit
     /tmp/cc4Tiycs.s:278    .text.IK_STM32CUBE_USBD_HID_Init:0000000000000000 $t
     /tmp/cc4Tiycs.s:284    .text.IK_STM32CUBE_USBD_HID_Init:0000000000000000 IK_STM32CUBE_USBD_HID_Init
     /tmp/cc4Tiycs.s:320    .text.IK_STM32CUBE_USBD_HID_SendReport:0000000000000000 $t
     /tmp/cc4Tiycs.s:327    .text.IK_STM32CUBE_USBD_HID_SendReport:0000000000000000 IK_STM32CUBE_USBD_HID_SendReport
     /tmp/cc4Tiycs.s:348    .text.IK_STM32CUBE_USBD_HID_RegisterInterface:0000000000000000 $t
     /tmp/cc4Tiycs.s:355    .text.IK_STM32CUBE_USBD_HID_RegisterInterface:0000000000000000 IK_STM32CUBE_USBD_HID_RegisterInterface
     /tmp/cc4Tiycs.s:372    .data.IK_HID_Class:0000000000000000 IK_HID_Class
     /tmp/cc4Tiycs.s:369    .data.IK_HID_Class:0000000000000000 $d

UNDEFINED SYMBOLS
IK_USB_DESCRIPTOR_CONFIG
_IK_USB_DESCRIPTOR_DEV_QUALIF
USBD_LL_PrepareReceive
USBD_CtlSendData
CONSOLE_PrintLn
USBD_CtlPrepareRx
USBD_CtlError
IK_USB_DESCRIPTOR_HID_REPORT
USBD_LL_CloseEP
USBD_static_free
USBD_LL_OpenEP
USBD_static_malloc
USBD_LL_Transmit
