ARM GAS  /tmp/ccBOOf76.s 			page 1


   1              		.cpu cortex-m3
   2              		.eabi_attribute 20, 1
   3              		.eabi_attribute 21, 1
   4              		.eabi_attribute 23, 3
   5              		.eabi_attribute 24, 1
   6              		.eabi_attribute 25, 1
   7              		.eabi_attribute 26, 1
   8              		.eabi_attribute 30, 4
   9              		.eabi_attribute 34, 1
  10              		.eabi_attribute 18, 4
  11              		.file	"infinikeys_usb_desc.c"
  12              		.global	IK_USB_DESCRIPTOR_LANGID
  13              		.global	IK_USB_DESCRIPTOR_HID_REPORT
  14              		.global	IK_USB_DESCRIPTOR_CONFIG
  15              		.global	IK_USB_DESCRIPTOR_DEVICE
  16              		.section	.data.IK_USB_DESCRIPTOR_CONFIG,"aw",%progbits
  17              		.align	2
  20              	IK_USB_DESCRIPTOR_CONFIG:
  21 0000 09       		.byte	9
  22 0001 02       		.byte	2
  23 0002 29       		.byte	41
  24 0003 00       		.byte	0
  25 0004 01       		.byte	1
  26 0005 01       		.byte	1
  27 0006 00       		.byte	0
  28 0007 80       		.byte	-128
  29 0008 FA       		.byte	-6
  30 0009 09       		.byte	9
  31 000a 04       		.byte	4
  32 000b 00       		.byte	0
  33 000c 00       		.byte	0
  34 000d 02       		.byte	2
  35 000e 03       		.byte	3
  36 000f 00       		.byte	0
  37 0010 00       		.byte	0
  38 0011 00       		.byte	0
  39 0012 09       		.byte	9
  40 0013 21       		.byte	33
  41 0014 11       		.byte	17
  42 0015 01       		.byte	1
  43 0016 00       		.byte	0
  44 0017 01       		.byte	1
  45 0018 22       		.byte	34
  46 0019 41       		.byte	65
  47 001a 00       		.byte	0
  48 001b 07       		.byte	7
  49 001c 05       		.byte	5
  50 001d 81       		.byte	-127
  51 001e 03       		.byte	3
  52 001f 40       		.byte	64
  53 0020 00       		.byte	0
  54 0021 01       		.byte	1
  55 0022 07       		.byte	7
  56 0023 05       		.byte	5
  57 0024 01       		.byte	1
  58 0025 03       		.byte	3
  59 0026 40       		.byte	64
ARM GAS  /tmp/ccBOOf76.s 			page 2


  60 0027 00       		.byte	0
  61 0028 01       		.byte	1
  62              		.section	.data.IK_USB_DESCRIPTOR_DEVICE,"aw",%progbits
  63              		.align	2
  66              	IK_USB_DESCRIPTOR_DEVICE:
  67 0000 12       		.byte	18
  68 0001 01       		.byte	1
  69 0002 00       		.byte	0
  70 0003 02       		.byte	2
  71 0004 00       		.byte	0
  72 0005 00       		.byte	0
  73 0006 00       		.byte	0
  74 0007 40       		.byte	64
  75 0008 83       		.byte	-125
  76 0009 04       		.byte	4
  77 000a 00       		.byte	0
  78 000b 04       		.byte	4
  79 000c 00       		.byte	0
  80 000d 02       		.byte	2
  81 000e 01       		.byte	1
  82 000f 02       		.byte	2
  83 0010 03       		.byte	3
  84 0011 01       		.byte	1
  85              		.section	.data.IK_USB_DESCRIPTOR_HID_REPORT,"aw",%progbits
  86              		.align	2
  89              	IK_USB_DESCRIPTOR_HID_REPORT:
  90 0000 05       		.byte	5
  91 0001 01       		.byte	1
  92 0002 09       		.byte	9
  93 0003 06       		.byte	6
  94 0004 A1       		.byte	-95
  95 0005 01       		.byte	1
  96 0006 85       		.byte	-123
  97 0007 01       		.byte	1
  98 0008 05       		.byte	5
  99 0009 07       		.byte	7
 100 000a 19       		.byte	25
 101 000b E0       		.byte	-32
 102 000c 29       		.byte	41
 103 000d E7       		.byte	-25
 104 000e 15       		.byte	21
 105 000f 00       		.byte	0
 106 0010 25       		.byte	37
 107 0011 01       		.byte	1
 108 0012 75       		.byte	117
 109 0013 01       		.byte	1
 110 0014 95       		.byte	-107
 111 0015 08       		.byte	8
 112 0016 81       		.byte	-127
 113 0017 02       		.byte	2
 114 0018 95       		.byte	-107
 115 0019 01       		.byte	1
 116 001a 75       		.byte	117
 117 001b 08       		.byte	8
 118 001c 81       		.byte	-127
 119 001d 03       		.byte	3
 120 001e 95       		.byte	-107
ARM GAS  /tmp/ccBOOf76.s 			page 3


 121 001f 05       		.byte	5
 122 0020 75       		.byte	117
 123 0021 01       		.byte	1
 124 0022 05       		.byte	5
 125 0023 08       		.byte	8
 126 0024 19       		.byte	25
 127 0025 01       		.byte	1
 128 0026 29       		.byte	41
 129 0027 05       		.byte	5
 130 0028 91       		.byte	-111
 131 0029 02       		.byte	2
 132 002a 95       		.byte	-107
 133 002b 01       		.byte	1
 134 002c 75       		.byte	117
 135 002d 03       		.byte	3
 136 002e 91       		.byte	-111
 137 002f 03       		.byte	3
 138 0030 95       		.byte	-107
 139 0031 06       		.byte	6
 140 0032 75       		.byte	117
 141 0033 08       		.byte	8
 142 0034 15       		.byte	21
 143 0035 00       		.byte	0
 144 0036 25       		.byte	37
 145 0037 65       		.byte	101
 146 0038 05       		.byte	5
 147 0039 07       		.byte	7
 148 003a 19       		.byte	25
 149 003b 00       		.byte	0
 150 003c 29       		.byte	41
 151 003d 65       		.byte	101
 152 003e 81       		.byte	-127
 153 003f 00       		.byte	0
 154 0040 C0       		.byte	-64
 155              		.section	.data.IK_USB_DESCRIPTOR_LANGID,"aw",%progbits
 156              		.align	2
 159              	IK_USB_DESCRIPTOR_LANGID:
 160 0000 04       		.byte	4
 161 0001 03       		.byte	3
 162 0002 00       		.byte	0
 163 0003 00       		.byte	0
 164              		.ident	"GCC: (15:6.3.1+svn253039-1build1) 6.3.1 20170620"
ARM GAS  /tmp/ccBOOf76.s 			page 4


DEFINED SYMBOLS
                            *ABS*:0000000000000000 infinikeys_usb_desc.c
     /tmp/ccBOOf76.s:159    .data.IK_USB_DESCRIPTOR_LANGID:0000000000000000 IK_USB_DESCRIPTOR_LANGID
     /tmp/ccBOOf76.s:89     .data.IK_USB_DESCRIPTOR_HID_REPORT:0000000000000000 IK_USB_DESCRIPTOR_HID_REPORT
     /tmp/ccBOOf76.s:20     .data.IK_USB_DESCRIPTOR_CONFIG:0000000000000000 IK_USB_DESCRIPTOR_CONFIG
     /tmp/ccBOOf76.s:66     .data.IK_USB_DESCRIPTOR_DEVICE:0000000000000000 IK_USB_DESCRIPTOR_DEVICE
     /tmp/ccBOOf76.s:17     .data.IK_USB_DESCRIPTOR_CONFIG:0000000000000000 $d
     /tmp/ccBOOf76.s:63     .data.IK_USB_DESCRIPTOR_DEVICE:0000000000000000 $d
     /tmp/ccBOOf76.s:86     .data.IK_USB_DESCRIPTOR_HID_REPORT:0000000000000000 $d
     /tmp/ccBOOf76.s:156    .data.IK_USB_DESCRIPTOR_LANGID:0000000000000000 $d

NO UNDEFINED SYMBOLS
