ARM GAS  /tmp/ccBwcdFX.s 			page 1


   1              		.cpu cortex-m3
   2              		.eabi_attribute 20, 1
   3              		.eabi_attribute 21, 1
   4              		.eabi_attribute 23, 3
   5              		.eabi_attribute 24, 1
   6              		.eabi_attribute 25, 1
   7              		.eabi_attribute 26, 1
   8              		.eabi_attribute 30, 4
   9              		.eabi_attribute 34, 1
  10              		.eabi_attribute 18, 4
  11              		.file	"infinikeys_debug.c"
  12              		.section	.text.IK_DEBUG_Init,"ax",%progbits
  13              		.align	1
  14              		.global	IK_DEBUG_Init
  15              		.syntax unified
  16              		.thumb
  17              		.thumb_func
  18              		.fpu softvfp
  20              	IK_DEBUG_Init:
  21              		@ args = 0, pretend = 0, frame = 0
  22              		@ frame_needed = 0, uses_anonymous_args = 0
  23              		@ link register save eliminated.
  24 0000 28B1     		cbz	r0, .L4
  25 0002 0368     		ldr	r3, [r0]
  26 0004 1BB1     		cbz	r3, .L4
  27 0006 034B     		ldr	r3, .L5
  28 0008 1860     		str	r0, [r3]
  29 000a 0020     		movs	r0, #0
  30 000c 7047     		bx	lr
  31              	.L4:
  32 000e 0120     		movs	r0, #1
  33 0010 7047     		bx	lr
  34              	.L6:
  35 0012 00BF     		.align	2
  36              	.L5:
  37 0014 00000000 		.word	.LANCHOR0
  39              		.section	.text.IK_DEBUG_DeInit,"ax",%progbits
  40              		.align	1
  41              		.global	IK_DEBUG_DeInit
  42              		.syntax unified
  43              		.thumb
  44              		.thumb_func
  45              		.fpu softvfp
  47              	IK_DEBUG_DeInit:
  48              		@ args = 0, pretend = 0, frame = 0
  49              		@ frame_needed = 0, uses_anonymous_args = 0
  50              		@ link register save eliminated.
  51 0000 0020     		movs	r0, #0
  52 0002 014B     		ldr	r3, .L8
  53 0004 1860     		str	r0, [r3]
  54 0006 7047     		bx	lr
  55              	.L9:
  56              		.align	2
  57              	.L8:
  58 0008 00000000 		.word	.LANCHOR0
  60              		.section	.text.IK_DEBUG_PrintMessage,"ax",%progbits
  61              		.align	1
ARM GAS  /tmp/ccBwcdFX.s 			page 2


  62              		.global	IK_DEBUG_PrintMessage
  63              		.syntax unified
  64              		.thumb
  65              		.thumb_func
  66              		.fpu softvfp
  68              	IK_DEBUG_PrintMessage:
  69              		@ args = 4, pretend = 16, frame = 8
  70              		@ frame_needed = 0, uses_anonymous_args = 1
  71 0000 0FB4     		push	{r0, r1, r2, r3}
  72 0002 73B5     		push	{r0, r1, r4, r5, r6, lr}
  73 0004 184C     		ldr	r4, .L23
  74 0006 2368     		ldr	r3, [r4]
  75 0008 33B9     		cbnz	r3, .L11
  76              	.L13:
  77 000a 0124     		movs	r4, #1
  78              	.L12:
  79 000c 2046     		mov	r0, r4
  80 000e 02B0     		add	sp, sp, #8
  81              		@ sp needed
  82 0010 BDE87040 		pop	{r4, r5, r6, lr}
  83 0014 04B0     		add	sp, sp, #16
  84 0016 7047     		bx	lr
  85              	.L11:
  86 0018 1B68     		ldr	r3, [r3]
  87 001a 002B     		cmp	r3, #0
  88 001c F5D0     		beq	.L13
  89 001e 1B68     		ldr	r3, [r3]
  90 0020 002B     		cmp	r3, #0
  91 0022 F2D0     		beq	.L13
  92 0024 0698     		ldr	r0, [sp, #24]
  93 0026 FFF7FEFF 		bl	strlen
  94 002a 00F58070 		add	r0, r0, #256
  95 002e FFF7FEFF 		bl	malloc
  96 0032 0546     		mov	r5, r0
  97 0034 0028     		cmp	r0, #0
  98 0036 E8D0     		beq	.L13
  99 0038 07AA     		add	r2, sp, #28
 100 003a 0699     		ldr	r1, [sp, #24]
 101 003c 0192     		str	r2, [sp, #4]
 102 003e FFF7FEFF 		bl	vsprintf
 103 0042 0646     		mov	r6, r0
 104 0044 2368     		ldr	r3, [r4]
 105 0046 0621     		movs	r1, #6
 106 0048 1B68     		ldr	r3, [r3]
 107 004a 0848     		ldr	r0, .L23+4
 108 004c 1B68     		ldr	r3, [r3]
 109 004e 9847     		blx	r3
 110 0050 2368     		ldr	r3, [r4]
 111 0052 3146     		mov	r1, r6
 112 0054 1B68     		ldr	r3, [r3]
 113 0056 2846     		mov	r0, r5
 114 0058 1B68     		ldr	r3, [r3]
 115 005a 9847     		blx	r3
 116 005c 0446     		mov	r4, r0
 117 005e 2846     		mov	r0, r5
 118 0060 FFF7FEFF 		bl	free
 119 0064 D2E7     		b	.L12
ARM GAS  /tmp/ccBwcdFX.s 			page 3


 120              	.L24:
 121 0066 00BF     		.align	2
 122              	.L23:
 123 0068 00000000 		.word	.LANCHOR0
 124 006c 00000000 		.word	.LC0
 126              		.section	.bss._debug_init,"aw",%nobits
 127              		.align	2
 128              		.set	.LANCHOR0,. + 0
 131              	_debug_init:
 132 0000 00000000 		.space	4
 133              		.section	.rodata.IK_DEBUG_PrintMessage.str1.1,"aMS",%progbits,1
 134              	.LC0:
 135 0000 5B494B5D 		.ascii	"[IK] \000"
 135      2000
 136              		.ident	"GCC: (15:6.3.1+svn253039-1build1) 6.3.1 20170620"
ARM GAS  /tmp/ccBwcdFX.s 			page 4


DEFINED SYMBOLS
                            *ABS*:0000000000000000 infinikeys_debug.c
     /tmp/ccBwcdFX.s:13     .text.IK_DEBUG_Init:0000000000000000 $t
     /tmp/ccBwcdFX.s:20     .text.IK_DEBUG_Init:0000000000000000 IK_DEBUG_Init
     /tmp/ccBwcdFX.s:37     .text.IK_DEBUG_Init:0000000000000014 $d
     /tmp/ccBwcdFX.s:40     .text.IK_DEBUG_DeInit:0000000000000000 $t
     /tmp/ccBwcdFX.s:47     .text.IK_DEBUG_DeInit:0000000000000000 IK_DEBUG_DeInit
     /tmp/ccBwcdFX.s:58     .text.IK_DEBUG_DeInit:0000000000000008 $d
     /tmp/ccBwcdFX.s:61     .text.IK_DEBUG_PrintMessage:0000000000000000 $t
     /tmp/ccBwcdFX.s:68     .text.IK_DEBUG_PrintMessage:0000000000000000 IK_DEBUG_PrintMessage
     /tmp/ccBwcdFX.s:123    .text.IK_DEBUG_PrintMessage:0000000000000068 $d
     /tmp/ccBwcdFX.s:127    .bss._debug_init:0000000000000000 $d
     /tmp/ccBwcdFX.s:131    .bss._debug_init:0000000000000000 _debug_init

UNDEFINED SYMBOLS
strlen
malloc
vsprintf
free
